ï¿½oad[0ets Jul 29 2019 12:21:46

rst:0x1 (POWERON_RESET),boot:0x13 (SPI_FAST_FLASH_BOOT)
configsip: 271414342, SPIWP:0xee
clk_drv:0x00,q_drv:0x00,d_drv:0x00,cs0_drv:0x00,hd_drv:0x00,wp_drv:0x00
mode:DIO, clock div:2
load:0x3fff0030,len:7080
load:0x40078000,len:15584
load:0x40080400,len:4
ho 8 tail 4 room 4
load:0x40080404,len:3876
entry 0x4008064c
[0;32mI (32) boot: ESP-IDF v5.1.1 2nd stage bootloader[0m
[0;32mI (32) boot: compile time Oct 31 2023 16:43:06[0m
[0;32mI (32) boot: Multicore bootloader[0m
[0;32mI (36) boot: chip revision: v3.0[0m
[0;32mI (40) boot.esp32: SPI Speed      : 40MHz[0m
[0;32mI (44) boot.esp32: SPI Mode       : DIO[0m
[0;32mI (49) boot.esp32: SPI Flash Size : 2MB[0m
[0;32mI (54) boot: Enabling RNG early entropy source...[0m
[0;32mI (59) boot: Partition Table:[0m
[0;32mI (63) boot: ## Label            Usage          Type ST Offset   Length[0m
[0;32mI (70) boot:  0 nvs              WiFi data        01 02 00009000 00006000[0m
[0;32mI (77) boot:  1 phy_init         RF data          01 01 0000f000 00001000[0m
[0;32mI (85) boot:  2 factory          factory app      00 00 00010000 00100000[0m
[0;32mI (92) boot: End of partition table[0m
[0;32mI (96) esp_image: segment 0: paddr=00010020 vaddr=3f400020 size=1afe8h (110568) map[0m
[0;32mI (145) esp_image: segment 1: paddr=0002b010 vaddr=3ffb0000 size=036a8h ( 13992) load[0m
[0;32mI (151) esp_image: segment 2: paddr=0002e6c0 vaddr=40080000 size=01958h (  6488) load[0m
[0;32mI (154) esp_image: segment 3: paddr=00030020 vaddr=400d0020 size=67a20h (424480) map[0m
[0;32mI (312) esp_image: segment 4: paddr=00097a48 vaddr=40081958 size=13c1ch ( 80924) load[0m
[0;32mI (357) boot: Loaded app from partition at offset 0x10000[0m
[0;32mI (357) boot: Disabling RNG early entropy source...[0m
[0;32mI (368) cpu_start: Multicore app[0m
[0;32mI (369) cpu_start: Pro cpu up.[0m
[0;32mI (369) cpu_start: Starting app cpu, entry point is 0x40081374[0m
[0;32mI (0) cpu_start: App cpu up.[0m
[0;32mI (387) cpu_start: Pro cpu start user code[0m
[0;32mI (387) cpu_start: cpu freq: 160000000 Hz[0m
[0;32mI (387) cpu_start: Application information:[0m
[0;32mI (392) cpu_start: Project name:     wifi[0m
[0;32mI (396) cpu_start: App version:      v5.1.1[0m
[0;32mI (401) cpu_start: Compile time:     Oct 31 2023 16:43:40[0m
[0;32mI (407) cpu_start: ELF file SHA256:  0265feb62b6324b2...[0m
[0;32mI (413) cpu_start: ESP-IDF:          v5.1.1[0m
[0;32mI (418) cpu_start: Min chip rev:     v0.0[0m
[0;32mI (423) cpu_start: Max chip rev:     v3.99 [0m
[0;32mI (428) cpu_start: Chip rev:         v3.0[0m
[0;32mI (432) heap_init: Initializing. RAM available for dynamic allocation:[0m
[0;32mI (440) heap_init: At 3FFAE6E0 len 00001920 (6 KiB): DRAM[0m
[0;32mI (446) heap_init: At 3FFB6D68 len 00029298 (164 KiB): DRAM[0m
[0;32mI (452) heap_init: At 3FFE0440 len 00003AE0 (14 KiB): D/IRAM[0m
[0;32mI (458) heap_init: At 3FFE4350 len 0001BCB0 (111 KiB): D/IRAM[0m
[0;32mI (465) heap_init: At 40095574 len 0000AA8C (42 KiB): IRAM[0m
[0;32mI (472) spi_flash: detected chip: generic[0m
[0;32mI (475) spi_flash: flash io: dio[0m
[0;33mW (479) spi_flash: Detected size(8192k) larger than the size in the binary image header(2048k). Using the size in the binary image header.[0m
[0;32mI (493) app_start: Starting scheduler on CPU0[0m
[0;32mI (498) app_start: Starting scheduler on CPU1[0m
[0;32mI (498) main_task: Started on CPU0[0m
[0;32mI (508) main_task: Calling app_main()[0m
I (538) wifi:wifi driver task: 3ffbc66c, prio:23, stack:6656, core=0
I (538) wifi:wifi firmware version: ce9244d
I (538) wifi:wifi certification version: v7.0
I (538) wifi:config NVS flash: enabled
I (538) wifi:config nano formating: disabled
I (548) wifi:Init data frame dynamic rx buffer num: 32
I (548) wifi:Init management frame dynamic rx buffer num: 32
I (558) wifi:Init management short buffer num: 32
I (558) wifi:Init dynamic tx buffer num: 32
I (568) wifi:Init static rx buffer size: 1600
I (568) wifi:Init static rx buffer num: 10
I (568) wifi:Init dynamic rx buffer num: 32
[0;32mI (578) wifi_init: rx ba win: 6[0m
[0;32mI (578) wifi_init: tcpip mbox: 32[0m
[0;32mI (578) wifi_init: udp mbox: 6[0m
[0;32mI (588) wifi_init: tcp mbox: 6[0m
[0;32mI (588) wifi_init: tcp tx win: 5744[0m
[0;32mI (598) wifi_init: tcp rx win: 5744[0m
[0;32mI (598) wifi_init: tcp mss: 1440[0m
[0;32mI (598) wifi_init: WiFi IRAM OP enabled[0m
[0;32mI (608) wifi_init: WiFi RX IRAM OP enabled[0m
[0;32mI (608) phy_init: phy_version 4670,719f9f6,Feb 18 2021,17:07:07[0m
[0;33mW (618) phy_init: failed to load RF calibration data (0x1102), falling back to full calibration[0m
I (888) wifi:mode : softAP (0c:8b:95:95:cf:b1)
I (888) wifi:Total power save buffer number: 16
I (888) wifi:Init max length of beacon: 752/752
I (888) wifi:Init max length of beacon: 752/752
E (898) wifi:failed to post WiFi event=12 ret=259
Start scanning
ESP_ERROR_CHECK failed: esp_err_t 0xffffffff (ESP_FAIL) at 0x400d5b1c
file: "/IDF/proj/wifi/main/wifi.c" line 20
func: scanning
expression: esp_wifi_scan_start(&scan_config, true)

abort() was called at PC 0x40088c57 on core 0


Backtrace: 0x400819da:0x3ffb87b0 0x40088c61:0x3ffb87d0 0x4008fbc2:0x3ffb87f0 0x40088c57:0x3ffb8860 0x400d5b1c:0x3ffb8890 0x400d5c39:0x3ffb8f70 0x40135c37:0x3ffb9060 0x4008b4f9:0x3ffb9090




ELF file SHA256: 0265feb62b6324b2

Rebooting...
ets Jul 29 2019 12:21:46

rst:0xc (SW_CPU_RESET),boot:0x13 (SPI_FAST_FLASH_BOOT)
configsip: 271414342, SPIWP:0xee
clk_drv:0x00,q_drv:0x00,d_drv:0x00,cs0_drv:0x00,hd_drv:0x00,wp_drv:0x00
mode:DIO, clock div:2
load:0x3fff0030,len:7080
load:0x40078000,len:15584
load:0x40080400,len:4
ho 8 tail 4 room 4
load:0x40080404,len:3876
entry 0x4008064c
[0;32mI (31) boot: ESP-IDF v5.1.1 2nd stage bootloader[0m
[0;32mI (31) boot: compile time Oct 31 2023 16:43:06[0m
[0;32mI (31) boot: Multicore bootloader[0m
[0;32mI (36) boot: chip revision: v3.0[0m
[0;32mI (40) boot.esp32: SPI Speed      : 40MHz[0m
[0;32mI (44) boot.esp32: SPI Mode       : DIO[0m
[0;32mI (49) boot.esp32: SPI Flash Size : 2MB[0m
[0;32mI (53) boot: Enabling RNG early entropy source...[0m
[0;32mI (59) boot: Partition Table:[0m
[0;32mI (62) boot: ## Label            Usage          Type ST Offset   Length[0m
[0;32mI (70) boot:  0 nvs              WiFi data        01 02 00009000 00006000[0m
[0;32mI (77) boot:  1 phy_init         RF data          01 01 0000f000 00001000[0m
[0;32mI (85) boot:  2 factory          factory app      00 00 00010000 00100000[0m
[0;32mI (92) boot: End of partition table[0m
[0;32mI (96) esp_image: segment 0: paddr=00010020 vaddr=3f400020 size=1afe8h (110568) map[0m
[0;32mI (145) esp_image: segment 1: paddr=0002b010 vaddr=3ffb0000 size=036a8h ( 13992) load[0m
[0;32mI (151) esp_image: segment 2: paddr=0002e6c0 vaddr=40080000 size=01958h (  6488) load[0m
[0;32mI (153) esp_image: segment 3: paddr=00030020 vaddr=400d0020 size=67a20h (424480) map[0m
[0;32mI (312) esp_image: segment 4: paddr=00097a48 vaddr=40081958 size=13c1ch ( 80924) load[0m
[0;32mI (357) boot: Loaded app from partition at offset 0x10000[0m
[0;32mI (357) boot: Disabling RNG early entropy source...[0m
[0;32mI (368) cpu_start: Multicore app[0m
[0;32mI (369) cpu_start: Pro cpu up.[0m
[0;32mI (369) cpu_start: Starting app cpu, entry point is 0x40081374[0m
[0;32mI (356) cpu_start: App cpu up.[0m
[0;32mI (387) cpu_start: Pro cpu start user code[0m
[0;32mI (387) cpu_start: cpu freq: 160000000 Hz[0m
[0;32mI (387) cpu_start: Application information:[0m
[0;32mI (392) cpu_start: Project name:     wifi[0m
[0;32mI (396) cpu_start: App version:      v5.1.1[0m
[0;32mI (401) cpu_start: Compile time:     Oct 31 2023 16:43:40[0m
[0;32mI (407) cpu_start: ELF file SHA256:  0265feb62b6324b2...[0m
[0;32mI (413) cpu_start: ESP-IDF:          v5.1.1[0m
[0;32mI (418) cpu_start: Min chip rev:     v0.0[0m
[0;32mI (423) cpu_start: Max chip rev:     v3.99 [0m
[0;32mI (428) cpu_start: Chip rev:         v3.0[0m
[0;32mI (433) heap_init: Initializing. RAM available for dynamic allocation:[0m
[0;32mI (440) heap_init: At 3FFAE6E0 len 00001920 (6 KiB): DRAM[0m
[0;32mI (446) heap_init: At 3FFB6D68 len 00029298 (164 KiB): DRAM[0m
[0;32mI (452) heap_init: At 3FFE0440 len 00003AE0 (14 KiB): D/IRAM[0m
[0;32mI (458) heap_init: At 3FFE4350 len 0001BCB0 (111 KiB): D/IRAM[0m
[0;32mI (465) heap_init: At 40095574 len 0000AA8C (42 KiB): IRAM[0m
[0;32mI (472) spi_flash: detected chip: generic[0m
[0;32mI (475) spi_flash: flash io: dio[0m
[0;33mW (479) spi_flash: Detected size(8192k) larger than the size in the binary image header(2048k). Using the size in the binary image header.[0m
[0;32mI (493) app_start: Starting scheduler on CPU0[0m
[0;32mI (498) app_start: Starting scheduler on CPU1[0m
[0;32mI (498) main_task: Started on CPU0[0m
[0;32mI (508) main_task: Calling app_main()[0m
I (538) wifi:wifi driver task: 3ffbc6ac, prio:23, stack:6656, core=0
I (538) wifi:wifi firmware version: ce9244d
I (538) wifi:wifi certification version: v7.0
I (538) wifi:config NVS flash: enabled
I (538) wifi:config nano formating: disabled
I (548) wifi:Init data frame dynamic rx buffer num: 32
I (548) wifi:Init management frame dynamic rx buffer num: 32
I (558) wifi:Init management short buffer num: 32
I (558) wifi:Init dynamic tx buffer num: 32
I (568) wifi:Init static rx buffer size: 1600
I (568) wifi:Init static rx buffer num: 10
I (568) wifi:Init dynamic rx buffer num: 32
[0;32mI (578) wifi_init: rx ba win: 6[0m
[0;32mI (578) wifi_init: tcpip mbox: 32[0m
[0;32mI (578) wifi_init: udp mbox: 6[0m
[0;32mI (588) wifi_init: tcp mbox: 6[0m
[0;32mI (588) wifi_init: tcp tx win: 5744[0m
[0;32mI (598) wifi_init: tcp rx win: 5744[0m
[0;32mI (598) wifi_init: tcp mss: 1440[0m
[0;32mI (598) wifi_init: WiFi IRAM OP enabled[0m
[0;32mI (608) wifi_init: WiFi RX IRAM OP enabled[0m
[0;32mI (608) phy_init: phy_version 4670,719f9f6,Feb 18 2021,17:07:07[0m
I (718) wifi:mode : softAP (0c:8b:95:95:cf:b1)
I (728) wifi:Total power save buffer number: 16
I (728) wifi:Init max length of beacon: 752/752
I (728) wifi:Init max length of beacon: 752/752
E (728) wifi:failed to post WiFi event=12 ret=259
Start scanning
ESP_ERROR_CHECK failed: esp_err_t 0xffffffff (ESP_FAIL) at 0x400d5b1c
file: "/IDF/proj/wifi/main/wifi.c" line 20
func: scanning
expression: esp_wifi_scan_start(&scan_config, true)

abort() was called at PC 0x40088c57 on core 0


Backtrace: 0x400819da:0x3ffb87b0 0x40088c61:0x3ffb87d0 0x4008fbc2:0x3ffb87f0 0x40088c57:0x3ffb8860 0x400d5b1c:0x3ffb8890 0x400d5c39:0x3ffb8f70 0x40135c37:0x3ffb9060 0x4008b4f9:0x3ffb9090




ELF file SHA256: 0265feb62b6324b2

Rebooting...
ets Jul 29 2019 12:21:46

rst:0xc (SW_CPU_RESET),boot:0x13 (SPI_FAST_FLASH_BOOT)
configsip: 271414342, SPIWP:0xee
clk_drv:0x00,q_drv:0x00,d_drv:0x00,cs0_drv:0x00,hd_drv:0x00,wp_drv:0x00
mode:DIO, clock div:2
load:0x3fff0030,len:7080
load:0x40078000,len:15584
load:0x40080400,len:4
ho 8 tail 4 room 4
load:0x40080404,len:3876
entry 0x4008064c
[0;32mI (31) boot: ESP-IDF v5.1.1 2nd stage bootloader[0m
[0;32mI (31) boot: compile time Oct 31 2023 16:43:06[0m
[0;32mI (31) boot: Multicore bootloader[0m
[0;32mI (36) boot: chip revision: v3.0[0m
[0;32mI (40) boot.esp32: SPI Speed      : 40MHz[0m
[0;32mI (44) boot.esp32: SPI Mode       : DIO[0m
[0;32mI (49) boot.esp32: SPI Flash Size : 2MB[0m
[0;32mI (53) boot: Enabling RNG early entropy source...[0m
[0;32mI (59) boot: Partition Table:[0m
[0;32mI (62) boot: ## Label            Usage          Type ST Offset   Length[0m
[0;32mI (70) boot:  0 nvs              WiFi data        01 02 00009000 00006000[0m
[0;32mI (77) boot:  1 phy_init         RF data          01 01 0000f000 00001000[0m
[0;32mI (85) boot:  2 factory          factory app      00 00 00010000 00100000[0m
[0;32mI (92) boot: End of partition table[0m
[0;32mI (96) esp_image: segment 0: paddr=00010020 vaddr=3f400020 size=1afe8h (110568) map[0m
[0;32mI (145) esp_image: segment 1: paddr=0002b010 vaddr=3ffb0000 size=036a8h ( 13992) load[0m
[0;32mI (151) esp_image: segment 2: paddr=0002e6c0 vaddr=40080000 size=01958h (  6488) load[0m
[0;32mI (153) esp_image: segment 3: paddr=00030020 vaddr=400d0020 size=67a20h (424480) map[0m
[0;32mI (312) esp_image: segment 4: paddr=00097a48 vaddr=40081958 size=13c1ch ( 80924) load[0m
[0;32mI (357) boot: Loaded app from partition at offset 0x10000[0m
[0;32mI (357) boot: Disabling RNG early entropy source...[0m
[0;32mI (368) cpu_start: Multicore app[0m
[0;32mI (369) cpu_start: Pro cpu up.[0m
[0;32mI (369) cpu_start: Starting app cpu, entry point is 0x40081374[0m
[0;32mI (356) cpu_start: App cpu up.[0m
[0;32mI (387) cpu_start: Pro cpu start user code[0m
[0;32mI (387) cpu_start: cpu freq: 160000000 Hz[0m
[0;32mI (387) cpu_start: Application information:[0m
[0;32mI (392) cpu_start: Project name:     wifi[0m
[0;32mI (396) cpu_start: App version:      v5.1.1[0m
[0;32mI (401) cpu_start: Compile time:     Oct 31 2023 16:43:40[0m
[0;32mI (407) cpu_start: ELF file SHA256:  0265feb62b6324b2...[0m
[0;32mI (413) cpu_start: ESP-IDF:          v5.1.1[0m
[0;32mI (418) cpu_start: Min chip rev:     v0.0[0m
[0;32mI (423) cpu_start: Max chip rev:     v3.99 [0m
[0;32mI (428) cpu_start: Chip rev:         v3.0[0m
[0;32mI (433) heap_init: Initializing. RAM available for dynamic allocation:[0m
[0;32mI (440) heap_init: At 3FFAE6E0 len 00001920 (6 KiB): DRAM[0m
[0;32mI (446) heap_init: At 3FFB6D68 len 00029298 (164 KiB): DRAM[0m
[0;32mI (452) heap_init: At 3FFE0440 len 00003AE0 (14 KiB): D/IRAM[0m
[0;32mI (458) heap_init: At 3FFE4350 len 0001BCB0 (111 KiB): D/IRAM[0m
[0;32mI (465) heap_init: At 40095574 len 0000AA8C (42 KiB): IRAM[0m
[0;32mI (472) spi_flash: detected chip: generic[0m
[0;32mI (475) spi_flash: flash io: dio[0m
[0;33mW (479) spi_flash: Detected size(8192k) larger than the size in the binary image header(2048k). Using the size in the binary image header.[0m
[0;32mI (493) app_start: Starting scheduler on CPU0[0m
[0;32mI (498) app_start: Starting scheduler on CPU1[0m
[0;32mI (498) main_task: Started on CPU0[0m
[0;32mI (508) main_task: Calling app_main()[0m
I (538) wifi:wifi driver task: 3ffbc6ac, prio:23, stack:6656, core=0
I (538) wifi:wifi firmware version: ce9244d
I (538) wifi:wifi certification version: v7.0
I (538) wifi:config NVS flash: enabled
I (538) wifi:config nano formating: disabled
I (548) wifi:Init data frame dynamic rx buffer num: 32
I (548) wifi:Init management frame dynamic rx buffer num: 32
I (558) wifi:Init management short buffer num: 32
I (558) wifi:Init dynamic tx buffer num: 32
I (568) wifi:Init static rx buffer size: 1600
I (568) wifi:Init static rx buffer num: 10
I (568) wifi:Init dynamic rx buffer num: 32
[0;32mI (578) wifi_init: rx ba win: 6[0m
[0;32mI (578) wifi_init: tcpip mbox: 32[0m
[0;32mI (578) wifi_init: udp mbox: 6[0m
[0;32mI (588) wifi_init: tcp mbox: 6[0m
[0;32mI (588) wifi_init: tcp tx win: 5744[0m
[0;32mI (598) wifi_init: tcp rx win: 5744[0m
[0;32mI (598) wifi_init: tcp mss: 1440[0m
[0;32mI (598) wifi_init: WiFi IRAM OP enabled[0m
[0;32mI (608) wifi_init: WiFi RX IRAM OP enabled[0m
[0;32mI (608) phy_init: phy_version 4670,719f9f6,Feb 18 2021,17:07:07[0m
I (718) wifi:mode : softAP (0c:8b:95:95:cf:b1)
I (718) wifi:Total power save buffer number: 16
I (718) wifi:Init max length of beacon: 752/752
I (718) wifi:Init max length of beacon: 752/752
E (728) wifi:failed to post WiFi event=12 ret=259
Start scanning
ESP_ERROR_CHECK failed: esp_err_t 0xffffffff (ESP_FAIL) at 0x400d5b1c
file: "/IDF/proj/wifi/main/wifi.c" line 20
func: scanning
expression: esp_wifi_scan_start(&scan_config, true)

abort() was called at PC 0x40088c57 on core 0


Backtrace: 0x400819da:0x3ffb87b0 0x40088c61:0x3ffb87d0 0x4008fbc2:0x3ffb87f0 0x40088c57:0x3ffb8860 0x400d5b1c:0x3ffb8890 0x400d5c39:0x3ffb8f70 0x40135c37:0x3ffb9060 0x4008b4f9:0x3ffb9090




ELF file SHA256: 0265feb62b6324b2

Rebooting...
ets Jul 29 2019 12:21:46

rst:0xc (SW_CPU_RESET),boot:0x13 (SPI_FAST_FLASH_BOOT)
configsip: 271414342, SPIWP:0xee
clk_drv:0x00,q_drv:0x00,d_drv:0x00,cs0_drv:0x00,hd_drv:0x00,wp_drv:0x00
mode:DIO, clock div:2
load:0x3fff0030,len:7080
load:0x40078000,len:15584
load:0x40080400,len:4
ho 8 tail 4 room 4
load:0x40080404,len:3876
entry 0x4008064c
[0;32mI (31) boot: ESP-IDF v5.1.1 2nd stage bootloader[0m
[0;32mI (31) boot: compile time Oct 31 2023 16:43:06[0m
[0;32mI (31) boot: Multicore bootloader[0m
[0;32mI (36) boot: chip revision: v3.0[0m
[0;32mI (40) boot.esp32: SPI Speed      : 40MHz[0m
[0;32mI (44) boot.esp32: SPI Mode       : DIO[0m
[0;32mI (49) boot.esp32: SPI Flash Size : 2MB[0m
[0;32mI (53) boot: Enabling RNG early entropy source...[0m
[0;32mI (59) boot: Partition Table:[0m
[0;32mI (62) boot: ## Label            Usage          Type ST Offset   Length[0m
[0;32mI (70) boot:  0 nvs              WiFi data        01 02 00009000 00006000[0m
[0;32mI (77) boot:  1 phy_init         RF data          01 01 0000f000 00001000[0m
[0;32mI (85) boot:  2 factory          factory app      00 00 00010000 00100000[0m
[0;32mI (92) boot: End of partition table[0m
[0;32mI (96) esp_image: segment 0: paddr=00010020 vaddr=3f400020 size=1afe8h (110568) map[0m
[0;32mI (145) esp_image: segment 1: paddr=0002b010 vaddr=3ffb0000 size=036a8h ( 13992) load[0m
[0;32mI (151) esp_image: segment 2: paddr=0002e6c0 vaddr=40080000 size=01958h (  6488) load[0m
[0;32mI (153) esp_image: segment 3: paddr=00030020 vaddr=400d0020 size=67a20h (424480) map[0m
[0;32mI (312) esp_image: segment 4: paddr=00097a48 vaddr=40081958 size=13c1ch ( 80924) load[0m
[0;32mI (357) boot: Loaded app from partition at offset 0x10000[0m
[0;32mI (357) boot: Disabling RNG early entropy source...[0m
[0;32mI (368) cpu_start: Multicore app[0m
[0;32mI (369) cpu_start: Pro cpu up.[0m
[0;32mI (369) cpu_start: Starting app cpu, entry point is 0x40081374[0m
[0;32mI (356) cpu_start: App cpu up.[0m
[0;32mI (387) cpu_start: Pro cpu start user code[0m
[0;32mI (387) cpu_start: cpu freq: 160000000 Hz[0m
[0;32mI (387) cpu_start: Application information:[0m
[0;32mI (392) cpu_start: Project name:     wifi[0m
[0;32mI (396) cpu_start: App version:      v5.1.1[0m
[0;32mI (401) cpu_start: Compile time:     Oct 31 2023 16:43:40[0m
[0;32mI (407) cpu_start: ELF file SHA256:  0265feb62b6324b2...[0m
[0;32mI (413) cpu_start: ESP-IDF:          v5.1.1[0m
[0;32mI (418) cpu_start: Min chip rev:     v0.0[0m
[0;32mI (423) cpu_start: Max chip rev:     v3.99 [0m
[0;32mI (428) cpu_start: Chip rev:         v3.0[0m
[0;32mI (433) heap_init: Initializing. RAM available for dynamic allocation:[0m
[0;32mI (440) heap_init: At 3FFAE6E0 len 00001920 (6 KiB): DRAM[0m
[0;32mI (446) heap_init: At 3FFB6D68 len 00029298 (164 KiB): DRAM[0m
[0;32mI (452) heap_init: At 3FFE0440 len 00003AE0 (14 KiB): D/IRAM[0m
[0;32mI (458) heap_init: At 3FFE4350 len 0001BCB0 (111 KiB): D/IRAM[0m
[0;32mI (465) heap_init: At 40095574 len 0000AA8C (42 KiB): IRAM[0m
[0;32mI (472) spi_flash: detected chip: generic[0m
[0;32mI (475) spi_flash: flash io: dio[0m
[0;33mW (479) spi_flash: Detected size(8192k) larger than the size in the binary image header(2048k). Using the size in the binary image header.[0m
[0;32mI (493) app_start: Starting scheduler on CPU0[0m
[0;32mI (498) app_start: Starting scheduler on CPU1[0m
[0;32mI (498) main_task: Started on CPU0[0m
[0;32mI (508) main_task: Calling app_main()[0m
I (538) wifi:wifi driver task: 3ffbc6ac, prio:23, stack:6656, core=0
I (538) wifi:wifi firmware version: ce9244d
I (538) wifi:wifi certification version: v7.0
I (538) wifi:config NVS flash: enabled
I (538) wifi:config nano formating: disabled
I (548) wifi:Init data frame dynamic rx buffer num: 32
I (548) wifi:Init management frame dynamic rx buffer num: 32
I (558) wifi:Init management short buffer num: 32
I (558) wifi:Init dynamic tx buffer num: 32
I (568) wifi:Init static rx buffer size: 1600
I (568) wifi:Init static rx buffer num: 10
I (568) wifi:Init dynamic rx buffer num: 32
[0;32mI (578) wifi_init: rx ba win: 6[0m
[0;32mI (578) wifi_init: tcpip mbox: 32[0m
[0;32mI (578) wifi_init: udp mbox: 6[0m
[0;32mI (588) wifi_init: tcp mbox: 6[0m
[0;32mI (588) wifi_init: tcp tx win: 5744[0m
[0;32mI (598) wifi_init: tcp rx win: 5744[0m
[0;32mI (598) wifi_init: tcp mss: 1440[0m
[0;32mI (598) wifi_init: WiFi IRAM OP enabled[0m
[0;32mI (608) wifi_init: WiFi RX IRAM OP enabled[0m
[0;32mI (608) phy_init: phy_version 4670,719f9f6,Feb 18 2021,17:07:07[0m
I (718) wifi:mode : softAP (0c:8b:95:95:cf:b1)
I (718) wifi:Total power save buffer number: 16
I (718) wifi:Init max length of beacon: 752/752
I (718) wifi:Init max length of beacon: 752/752
E (728) wifi:failed to post WiFi event=12 ret=259
Start scanning
ESP_ERROR_CHECK failed: esp_err_t 0xffffffff (ESP_FAIL) at 0x400d5b1c
file: "/IDF/proj/wifi/main/wifi.c" line 20
func: scanning
expression: esp_wifi_scan_start(&scan_config, true)

abort() was called at PC 0x40088c57 on core 0


Backtrace: 0x400819da:0x3ffb87b0 0x40088c61:0x3ffb87d0 0x4008fbc2:0x3ffb87f0 0x40088c57:0x3ffb8860 0x400d5b1c:0x3ffb8890 0x400d5c39:0x3ffb8f70 0x40135c37:0x3ffb9060 0x4008b4f9:0x3ffb9090




ELF file SHA256: 0265feb62b6324b2

Rebooting...
ets Jul 29 2019 12:21:46

rst:0xc (SW_CPU_RESET),boot:0x13 (SPI_FAST_FLASH_BOOT)
configsip: 271414342, SPIWP:0xee
clk_drv:0x00,q_drv:0x00,d_drv:0x00,cs0_drv:0x00,hd_drv:0x00,wp_drv:0x00
mode:DIO, clock div:2
load:0x3fff0030,len:7080
load:0x40078000,len:15584
load:0x40080400,len:4
ho 8 tail 4 room 4
load:0x40080404,len:3876
entry 0x4008064c
[0;32mI (31) boot: ESP-IDF v5.1.1 2nd stage bootloader[0m
[0;32mI (31) boot: compile time Oct 31 2023 16:43:06[0m
[0;32mI (31) boot: Multicore bootloader[0m
[0;32mI (36) boot: chip revision: v3.0[0m
[0;32mI (40) boot.esp32: SPI Speed      : 40MHz[0m
[0;32mI (44) boot.esp32: SPI Mode       : DIO[0m
[0;32mI (49) boot.esp32: SPI Flash Size : 2MB[0m
[0;32mI (53) boot: Enabling RNG early entropy source...[0m
[0;32mI (59) boot: Partition Table:[0m
[0;32mI (62) boot: ## Label            Usage          Type ST Offset   Length[0m
[0;32mI (70) boot:  0 nvs              WiFi data        01 02 00009000 00006000[0m
[0;32mI (77) boot:  1 phy_init         RF data          01 01 0000f000 00001000[0m
[0;32mI (85) boot:  2 factory          factory app      00 00 00010000 00100000[0m
[0;32mI (92) boot: End of partition table[0m
[0;32mI (96) esp_image: segment 0: paddr=00010020 vaddr=3f400020 size=1afe8h (110568) map[0m
[0;32mI (145) esp_image: segment 1: paddr=0002b010 vaddr=3ffb0000 size=036a8h ( 13992) load[0m
[0;32mI (151) esp_image: segment 2: paddr=0002e6c0 vaddr=40080000 size=01958h (  6488) load[0m
[0;32mI (153) esp_image: segment 3: paddr=00030020 vaddr=400d0020 size=67a20h (424480) map[0m
[0;32mI (312) esp_image: segment 4: paddr=00097a48 vaddr=40081958 size=13c1ch ( 80924) load[0m
[0;32mI (357) boot: Loaded app from partition at offset 0x10000[0m
[0;32mI (357) boot: Disabling RNG early entropy source...[0m
[0;32mI (368) cpu_start: Multicore app[0m
[0;32mI (369) cpu_start: Pro cpu up.[0m
[0;32mI (369) cpu_start: Starting app cpu, entry point is 0x40081374[0m
[0;32mI (356) cpu_start: App cpu up.[0m
[0;32mI (387) cpu_start: Pro cpu start user code[0m
[0;32mI (387) cpu_start: cpu freq: 160000000 Hz[0m
[0;32mI (387) cpu_start: Application information:[0m
[0;32mI (392) cpu_start: Project name:     wifi[0m
[0;32mI (396) cpu_start: App version:      v5.1.1[0m
[0;32mI (401) cpu_start: Compile time:     Oct 31 2023 16:43:40[0m
[0;32mI (407) cpu_start: ELF file SHA256:  0265feb62b6324b2...[0m
[0;32mI (413) cpu_start: ESP-IDF:          v5.1.1[0m
[0;32mI (418) cpu_start: Min chip rev:     v0.0[0m
[0;32mI (423) cpu_start: Max chip rev:     v3.99 [0m
[0;32mI (428) cpu_start: Chip rev:         v3.0[0m
[0;32mI (433) heap_init: Initializing. RAM available for dynamic allocation:[0m
[0;32mI (440) heap_init: At 3FFAE6E0 len 00001920 (6 KiB): DRAM[0m
[0;32mI (446) heap_init: At 3FFB6D68 len 00029298 (164 KiB): DRAM[0m
[0;32mI (452) heap_init: At 3FFE0440 len 00003AE0 (14 KiB): D/IRAM[0m
[0;32mI (458) heap_init: At 3FFE4350 len 0001BCB0 (111 KiB): D/IRAM[0m
[0;32mI (465) heap_init: At 40095574 len 0000AA8C (42 KiB): IRAM[0m
[0;32mI (472) spi_flash: detected chip: generic[0m
[0;32mI (475) spi_flash: flash io: dio[0m
[0;33mW (479) spi_flash: Detected size(8192k) larger than the size in the binary image header(2048k). Using the size in the binary image header.[0m
[0;32mI (493) app_start: Starting scheduler on CPU0[0m
[0;32mI (498) app_start: Starting scheduler on CPU1[0m
[0;32mI (498) main_task: Started on CPU0[0m
[0;32mI (508) main_task: Calling app_main()[0m
I (538) wifi:wifi driver task: 3ffbc6ac, prio:23, stack:6656, core=0
I (538) wifi:wifi firmware version: ce9244d
I (538) wifi:wifi certification version: v7.0
I (538) wifi:config NVS flash: enabled
I (538) wifi:config nano formating: disabled
I (548) wifi:Init data frame dynamic rx buffer num: 32
I (548) wifi:Init management frame dynamic rx buffer num: 32
I (558) wifi:Init management short buffer num: 32
I (558) wifi:Init dynamic tx buffer num: 32
I (568) wifi:Init static rx buffer size: 1600
I (568) wifi:Init static rx buffer num: 10
I (568) wifi:Init dynamic rx buffer num: 32
[0;32mI (578) wifi_init: rx ba win: 6[0m
[0;32mI (578) wifi_init: tcpip mbox: 32[0m
[0;32mI (578) wifi_init: udp mbox: 6[0m
[0;32mI (588) wifi_init: tcp mbox: 6[0m
[0;32mI (588) wifi_init: tcp tx win: 5744[0m
[0;32mI (598) wifi_init: tcp rx win: 5744[0m
[0;32mI (598) wifi_init: tcp mss: 1440[0m
[0;32mI (598) wifi_init: WiFi IRAM OP enabled[0m
[0;32mI (608) wifi_init: WiFi RX IRAM OP enabled[0m
[0;32mI (608) phy_init: phy_version 4670,719f9f6,Feb 18 2021,17:07:07[0m
I (718) wifi:mode : softAP (0c:8b:95:95:cf:b1)
I (728) wifi:Total power save buffer number: 16
I (728) wifi:Init max length of beacon: 752/752
I (728) wifi:Init max length of beacon: 752/752
E (728) wifi:failed to post WiFi event=12 ret=259
Start scanning
ESP_ERROR_CHECK failed: esp_err_t 0xffffffff (ESP_FAIL) at 0x400d5b1c
file: "/IDF/proj/wifi/main/wifi.c" line 20
func: scanning
expression: esp_wifi_scan_start(&scan_config, true)

abort() was called at PC 0x40088c57 on core 0


Backtrace: 0x400819da:0x3ffb87b0 0x40088c61:0x3ffb87d0 0x4008fbc2:0x3ffb87f0 0x40088c57:0x3ffb8860 0x400d5b1c:0x3ffb8890 0x400d5c39:0x3ffb8f70 0x40135c37:0x3ffb9060 0x4008b4f9:0x3ffb9090




ELF file SHA256: 0265feb62b6324b2

Rebooting...
ets Jul 29 2019 12:21:46

rst:0xc (SW_CPU_RESET),boot:0x13 (SPI_FAST_FLASH_BOOT)
configsip: 271414342, SPIWP:0xee
clk_drv:0x00,q_drv:0x00,d_drv:0x00,cs0_drv:0x00,hd_drv:0x00,wp_drv:0x00
mode:DIO, clock div:2
load:0x3fff0030,len:7080
load:0x40078000,len:15584
load:0x40080400,len:4
ho 8 tail 4 room 4
load:0x40080404,len:3876
entry 0x4008064c
[0;32mI (31) boot: ESP-IDF v5.1.1 2nd stage bootloader[0m
[0;32mI (31) boot: compile time Oct 31 2023 16:43:06[0m
[0;32mI (31) boot: Multicore bootloader[0m
[0;32mI (36) boot: chip revision: v3.0[0m
[0;32mI (40) boot.esp32: SPI Speed      : 40MHz[0m
[0;32mI (44) boot.esp32: SPI Mode       : DIO[0m
[0;32mI (49) boot.esp32: SPI Flash Size : 2MB[0m
[0;32mI (53) boot: Enabling RNG early entropy source...[0m
[0;32mI (59) boot: Partition Table:[0m
[0;32mI (62) boot: ## Label            Usage          Type ST Offset   Length[0m
[0;32mI (70) boot:  0 nvs              WiFi data        01 02 00009000 00006000[0m
[0;32mI (77) boot:  1 phy_init         RF data          01 01 0000f000 00001000[0m
[0;32mI (85) boot:  2 factory          factory app      00 00 00010000 00100000[0m
[0;32mI (92) boot: End of partition table[0m
[0;32mI (96) esp_image: segment 0: paddr=00010020 vaddr=3f400020 size=1afe8h (110568) map[0m
[0;32mI (145) esp_image: segment 1: paddr=0002b010 vaddr=3ffb0000 size=036a8h ( 13992) load[0m
[0;32mI (151) esp_image: segment 2: paddr=0002e6c0 vaddr=40080000 size=01958h (  6488) load[0m
[0;32mI (153) esp_image: segment 3: paddr=00030020 vaddr=400d0020 size=67a20h (424480) map[0m
[0;32mI (312) esp_image: segment 4: paddr=00097a48 vaddr=40081958 size=13c1ch ( 80924) load[0m
[0;32mI (357) boot: Loaded app from partition at offset 0x10000[0m
[0;32mI (357) boot: Disabling RNG early entropy source...[0m
[0;32mI (368) cpu_start: Multicore app[0m
[0;32mI (369) cpu_start: Pro cpu up.[0m
[0;32mI (369) cpu_start: Starting app cpu, entry point is 0x40081374[0m
[0;32mI (356) cpu_start: App cpu up.[0m
[0;32mI (387) cpu_start: Pro cpu start user code[0m
[0;32mI (387) cpu_start: cpu freq: 160000000 Hz[0m
[0;32mI (387) cpu_start: Application information:[0m
[0;32mI (392) cpu_start: Project name:     wifi[0m
[0;32mI (396) cpu_start: App version:      v5.1.1[0m
[0;32mI (401) cpu_start: Compile time:     Oct 31 2023 16:43:40[0m
[0;32mI (407) cpu_start: ELF file SHA256:  0265feb62b6324b2...[0m
[0;32mI (413) cpu_start: ESP-IDF:          v5.1.1[0m
[0;32mI (418) cpu_start: Min chip rev:     v0.0[0m
[0;32mI (423) cpu_start: Max chip rev:     v3.99 [0m
[0;32mI (428) cpu_start: Chip rev:         v3.0[0m
[0;32mI (433) heap_init: Initializing. RAM available for dynamic allocation:[0m
[0;32mI (440) heap_init: At 3FFAE6E0 len 00001920 (6 KiB): DRAM[0m
[0;32mI (446) heap_init: At 3FFB6D68 len 00029298 (164 KiB): DRAM[0m
[0;32mI (452) heap_init: At 3FFE0440 len 00003AE0 (14 KiB): D/IRAM[0m
[0;32mI (458) heap_init: At 3FFE4350 len 0001BCB0 (111 KiB): D/IRAM[0m
[0;32mI (465) heap_init: At 40095574 len 0000AA8C (42 KiB): IRAM[0m
[0;32mI (472) spi_flash: detected chip: generic[0m
[0;32mI (475) spi_flash: flash io: dio[0m
[0;33mW (479) spi_flash: Detected size(8192k) larger than the size in the binary image header(2048k). Using the size in the binary image header.[0m
[0;32mI (493) app_start: Starting scheduler on CPU0[0m
[0;32mI (498) app_start: Starting scheduler on CPU1[0m
[0;32mI (498) main_task: Started on CPU0[0m
[0;32mI (508) main_task: Calling app_main()[0m
I (538) wifi:wifi driver task: 3ffbc6ac, prio:23, stack:6656, core=0
I (538) wifi:wifi firmware version: ce9244d
I (538) wifi:wifi certification version: v7.0
I (538) wifi:config NVS flash: enabled
I (538) wifi:config nano formating: disabled
I (548) wifi:Init data frame dynamic rx buffer num: 32
I (548) wifi:Init management frame dynamic rx buffer num: 32
I (558) wifi:Init management short buffer num: 32
I (558) wifi:Init dynamic tx buffer num: 32
I (568) wifi:Init static rx buffer size: 1600
I (568) wifi:Init static rx buffer num: 10
I (568) wifi:Init dynamic rx buffer num: 32
[0;32mI (578) wifi_init: rx ba win: 6[0m
[0;32mI (578) wifi_init: tcpip mbox: 32[0m
[0;32mI (578) wifi_init: udp mbox: 6[0m
[0;32mI (588) wifi_init: tcp mbox: 6[0m
[0;32mI (588) wifi_init: tcp tx win: 5744[0m
[0;32mI (598) wifi_init: tcp rx win: 5744[0m
[0;32mI (598) wifi_init: tcp mss: 1440[0m
[0;32mI (598) wifi_init: WiFi IRAM OP enabled[0m
[0;32mI (608) wifi_init: WiFi RX IRAM OP enabled[0m
[0;32mI (608) phy_init: phy_version 4670,719f9f6,Feb 18 2021,17:07:07[0m
I (718) wifi:mode : softAP (0c:8b:95:95:cf:b1)
I (718) wifi:Total power save buffer number: 16
I (718) wifi:Init max length of beacon: 752/752
I (718) wifi:Init max length of beacon: 752/752
E (728) wifi:failed to post WiFi event=12 ret=259
Start scanning
ESP_ERROR_CHECK failed: esp_err_t 0xffffffff (ESP_FAIL) at 0x400d5b1c
file: "/IDF/proj/wifi/main/wifi.c" line 20
func: scanning
expression: esp_wifi_scan_start(&scan_config, true)

abort() was called at PC 0x40088c57 on core 0


Backtrace: 0x400819da:0x3ffb87b0 0x40088c61:0x3ffb87d0 0x4008fbc2:0x3ffb87f0 0x40088c57:0x3ffb8860 0x400d5b1c:0x3ffb8890 0x400d5c39:0x3ffb8f70 0x40135c37:0x3ffb9060 0x4008b4f9:0x3ffb9090




ELF file SHA256: 0265feb62b6324b2

Rebooting...
ets Jul 29 2019 12:21:46

rst:0xc (SW_CPU_RESET),boot:0x13 (SPI_FAST_FLASH_BOOT)
configsip: 271414342, SPIWP:0xee
clk_drv:0x00,q_drv:0x00,d_drv:0x00,cs0_drv:0x00,hd_drv:0x00,wp_drv:0x00
mode:DIO, clock div:2
load:0x3fff0030,len:7080
load:0x40078000,len:15584
load:0x40080400,len:4
ho 8 tail 4 room 4
load:0x40080404,len:3876
entry 0x4008064c
[0;32mI (31) boot: ESP-IDF v5.1.1 2nd stage bootloader[0m
[0;32mI (31) boot: compile time Oct 31 2023 16:43:06[0m
[0;32mI (31) boot: Multicore bootloader[0m
[0;32mI (36) boot: chip revision: v3.0[0m
[0;32mI (40) boot.esp32: SPI Speed      : 40MHz[0m
[0;32mI (44) boot.esp32: SPI Mode       : DIO[0m
[0;32mI (49) boot.esp32: SPI Flash Size : 2MB[0m
[0;32mI (53) boot: Enabling RNG early entropy source...[0m
[0;32mI (59) boot: Partition Table:[0m
[0;32mI (62) boot: ## Label            Usage          Type ST Offset   Length[0m
[0;32mI (70) boot:  0 nvs              WiFi data        01 02 00009000 00006000[0m
[0;32mI (77) boot:  1 phy_init         RF data          01 01 0000f000 00001000[0m
[0;32mI (85) boot:  2 factory          factory app      00 00 00010000 00100000[0m
[0;32mI (92) boot: End of partition table[0m
[0;32mI (96) esp_image: segment 0: paddr=00010020 vaddr=3f400020 size=1afe8h (110568) map[0m
[0;32mI (145) esp_image: segment 1: paddr=0002b010 vaddr=3ffb0000 size=036a8h ( 13992) load[0m
[0;32mI (151) esp_image: segment 2: paddr=0002e6c0 vaddr=40080000 size=01958h (  6488) load[0m
[0;32mI (153) esp_image: segment 3: paddr=00030020 vaddr=400d0020 size=67a20h (424480) map[0m
[0;32mI (312) esp_image: segment 4: paddr=00097a48 vaddr=40081958 size=13c1ch ( 80924) load[0m
[0;32mI (357) boot: Loaded app from partition at offset 0x10000[0m
[0;32mI (357) boot: Disabling RNG early entropy source...[0m
[0;32mI (368) cpu_start: Multicore app[0m
[0;32mI (369) cpu_start: Pro cpu up.[0m
[0;32mI (369) cpu_start: Starting app cpu, entry point is 0x40081374[0m
[0;32mI (356) cpu_start: App cpu up.[0m
[0;32mI (387) cpu_start: Pro cpu start user code[0m
[0;32mI (387) cpu_start: cpu freq: 160000000 Hz[0m
[0;32mI (387) cpu_start: Application information:[0m
[0;32mI (392) cpu_start: Project name:     wifi[0m
[0;32mI (396) cpu_start: App version:      v5.1.1[0m
[0;32mI (401) cpu_start: Compile time:     Oct 31 2023 16:43:40[0m
[0;32mI (407) cpu_start: ELF file SHA256:  0265feb62b6324b2...[0m
[0;32mI (413) cpu_start: ESP-IDF:          v5.1.1[0m
[0;32mI (418) cpu_start: Min chip rev:     v0.0[0m
[0;32mI (423) cpu_start: Max chip rev:     v3.99 [0m
[0;32mI (428) cpu_start: Chip rev:         v3.0[0m
[0;32mI (433) heap_init: Initializing. RAM available for dynamic allocation:[0m
[0;32mI (440) heap_init: At 3FFAE6E0 len 00001920 (6 KiB): DRAM[0m
[0;32mI (446) heap_init: At 3FFB6D68 len 00029298 (164 KiB): DRAM[0m
[0;32mI (452) heap_init: At 3FFE0440 len 00003AE0 (14 KiB): D/IRAM[0m
[0;32mI (458) heap_init: At 3FFE4350 len 0001BCB0 (111 KiB): D/IRAM[0m
[0;32mI (465) heap_init: At 40095574 len 0000AA8C (42 KiB): IRAM[0m
[0;32mI (472) spi_flash: detected chip: generic[0m
[0;32mI (475) spi_flash: flash io: dio[0m
[0;33mW (479) spi_flash: Detected size(8192k) larger than the size in the binary image header(2048k). Using the size in the binary image header.[0m
[0;32mI (493) app_start: Starting scheduler on CPU0[0m
[0;32mI (498) app_start: Starting scheduler on CPU1[0m
[0;32mI (498) main_task: Started on CPU0[0m
[0;32mI (508) main_task: Calling app_main()[0m
I (538) wifi:wifi driver task: 3ffbc6ac, prio:23, stack:6656, core=0
I (538) wifi:wifi firmware version: ce9244d
I (538) wifi:wifi certification version: v7.0
I (538) wifi:config NVS flash: enabled
I (538) wifi:config nano formating: disabled
I (548) wifi:Init data frame dynamic rx buffer num: 32
I (548) wifi:Init management frame dynamic rx buffer num: 32
I (558) wifi:Init management short buffer num: 32
I (558) wifi:Init dynamic tx buffer num: 32
I (568) wifi:Init static rx buffer size: 1600
I (568) wifi:Init static rx buffer num: 10
I (568) wifi:Init dynamic rx buffer num: 32
[0;32mI (578) wifi_init: rx ba win: 6[0m
[0;32mI (578) wifi_init: tcpip mbox: 32[0m
[0;32mI (578) wifi_init: udp mbox: 6[0m
[0;32mI (588) wifi_init: tcp mbox: 6[0m
[0;32mI (588) wifi_init: tcp tx win: 5744[0m
[0;32mI (598) wifi_init: tcp rx win: 5744[0m
[0;32mI (598) wifi_init: tcp mss: 1440[0m
[0;32mI (598) wifi_init: WiFi IRAM OP enabled[0m
[0;32mI (608) wifi_init: WiFi RX IRAM OP enabled[0m
[0;32mI (608) phy_init: phy_version 4670,719f9f6,Feb 18 2021,17:07:07[0m
I (718) wifi:mode : softAP (0c:8b:95:95:cf:b1)
I (718) wifi:Total power save buffer number: 16
I (718) wifi:Init max length of beacon: 752/752
I (728) wifi:Init max length of beacon: 752/752
E (728) wifi:failed to post WiFi event=12 ret=259
Start scanning
ESP_ERROR_CHECK failed: esp_err_t 0xffffffff (ESP_FAIL) at 0x400d5b1c
file: "/IDF/proj/wifi/main/wifi.c" line 20
func: scanning
expression: esp_wifi_scan_start(&scan_config, true)

abort() was called at PC 0x40088c57 on core 0


Backtrace: 0x400819da:0x3ffb87b0 0x40088c61:0x3ffb87d0 0x4008fbc2:0x3ffb87f0 0x40088c57:0x3ffb8860 0x400d5b1c:0x3ffb8890 0x400d5c39:0x3ffb8f70 0x40135c37:0x3ffb9060 0x4008b4f9:0x3ffb9090




ELF file SHA256: 0265feb62b6324b2

Rebooting...
ets Jul 29 2019 12:21:46

rst:0xc (SW_CPU_RESET),boot:0x13 (SPI_FAST_FLASH_BOOT)
configsip: 271414342, SPIWP:0xee
clk_drv:0x00,q_drv:0x00,d_drv:0x00,cs0_drv:0x00,hd_drv:0x00,wp_drv:0x00
mode:DIO, clock div:2
load:0x3fff0030,len:7080
load:0x40078000,len:15584
load:0x40080400,len:4
ho 8 tail 4 room 4
load:0x40080404,len:3876
entry 0x4008064c
[0;32mI (31) boot: ESP-IDF v5.1.1 2nd stage bootloader[0m
[0;32mI (31) boot: compile time Oct 31 2023 16:43:06[0m
[0;32mI (31) boot: Multicore bootloader[0m
[0;32mI (36) boot: chip revision: v3.0[0m
[0;32mI (40) boot.esp32: SPI Speed      : 40MHz[0m
[0;32mI (44) boot.esp32: SPI Mode       : DIO[0m
[0;32mI (49) boot.esp32: SPI Flash Size : 2MB[0m
[0;32mI (53) boot: Enabling RNG early entropy source...[0m
[0;32mI (59) boot: Partition Table:[0m
[0;32mI (62) boot: ## Label            Usage          Type ST Offset   Length[0m
[0;32mI (70) boot:  0 nvs              WiFi data        01 02 00009000 00006000[0m
[0;32mI (77) boot:  1 phy_init         RF data          01 01 0000f000 00001000[0m
[0;32mI (85) boot:  2 factory          factory app      00 00 00010000 00100000[0m
[0;32mI (92) boot: End of partition table[0m
[0;32mI (96) esp_image: segment 0: paddr=00010020 vaddr=3f400020 size=1afe8h (110568) map[0m
[0;32mI (145) esp_image: segment 1: paddr=0002b010 vaddr=3ffb0000 size=036a8h ( 13992) load[0m
[0;32mI (151) esp_image: segment 2: paddr=0002e6c0 vaddr=40080000 size=01958h (  6488) load[0m
[0;32mI (153) esp_image: segment 3: paddr=00030020 vaddr=400d0020 size=67a20h (424480) map[0m
[0;32mI (312) esp_image: segment 4: paddr=00097a48 vaddr=40081958 size=13c1ch ( 80924) load[0m
[0;32mI (357) boot: Loaded app from partition at offset 0x10000[0m
[0;32mI (357) boot: Disabling RNG early entropy source...[0m
[0;32mI (368) cpu_start: Multicore app[0m
[0;32mI (369) cpu_start: Pro cpu up.[0m
[0;32mI (369) cpu_start: Starting app cpu, entry point is 0x40081374[0m
[0;32mI (356) cpu_start: App cpu up.[0m
[0;32mI (387) cpu_start: Pro cpu start user code[0m
[0;32mI (387) cpu_start: cpu freq: 160000000 Hz[0m
[0;32mI (387) cpu_start: Application information:[0m
[0;32mI (392) cpu_start: Project name:     wifi[0m
[0;32mI (396) cpu_start: App version:      v5.1.1[0m
[0;32mI (401) cpu_start: Compile time:     Oct 31 2023 16:43:40[0m
[0;32mI (407) cpu_start: ELF file SHA256:  0265feb62b6324b2...[0m
[0;32mI (413) cpu_start: ESP-IDF:          v5.1.1[0m
[0;32mI (418) cpu_start: Min chip rev:     v0.0[0m
[0;32mI (423) cpu_start: Max chip rev:     v3.99 [0m
[0;32mI (428) cpu_start: Chip rev:         v3.0[0m
[0;32mI (433) heap_init: Initializing. RAM available for dynamic allocation:[0m
[0;32mI (440) heap_init: At 3FFAE6E0 len 00001920 (6 KiB): DRAM[0m
[0;32mI (446) heap_init: At 3FFB6D68 len 00029298 (164 KiB): DRAM[0m
[0;32mI (452) heap_init: At 3FFE0440 len 00003AE0 (14 KiB): D/IRAM[0m
[0;32mI (458) heap_init: At 3FFE4350 len 0001BCB0 (111 KiB): D/IRAM[0m
[0;32mI (465) heap_init: At 40095574 len 0000AA8C (42 KiB): IRAM[0m
[0;32mI (472) spi_flash: detected chip: generic[0m
[0;32mI (475) spi_flash: flash io: dio[0m
[0;33mW (479) spi_flash: Detected size(8192k) larger than the size in the binary image header(2048k). Using the size in the binary image header.[0m
[0;32mI (493) app_start: Starting scheduler on CPU0[0m
[0;32mI (498) app_start: Starting scheduler on CPU1[0m
[0;32mI (498) main_task: Started on CPU0[0m
[0;32mI (508) main_task: Calling app_main()[0m
I (538) wifi:wifi driver task: 3ffbc6ac, prio:23, stack:6656, core=0
I (538) wifi:wifi firmware version: ce9244d
I (538) wifi:wifi certification version: v7.0
I (538) wifi:config NVS flash: enabled
I (538) wifi:config nano formating: disabled
I (548) wifi:Init data frame dynamic rx buffer num: 32
I (548) wifi:Init management frame dynamic rx buffer num: 32
I (558) wifi:Init management short buffer num: 32
I (558) wifi:Init dynamic tx buffer num: 32
I (568) wifi:Init static rx buffer size: 1600
I (568) wifi:Init static rx buffer num: 10
I (568) wifi:Init dynamic rx buffer num: 32
[0;32mI (578) wifi_init: rx ba win: 6[0m
[0;32mI (578) wifi_init: tcpip mbox: 32[0m
[0;32mI (578) wifi_init: udp mbox: 6[0m
[0;32mI (588) wifi_init: tcp mbox: 6[0m
[0;32mI (588) wifi_init: tcp tx win: 5744[0m
[0;32mI (598) wifi_init: tcp rx win: 5744[0m
[0;32mI (598) wifi_init: tcp mss: 1440[0m
[0;32mI (598) wifi_init: WiFi IRAM OP enabled[0m
[0;32mI (608) wifi_init: WiFi RX IRAM OP enabled[0m
[0;32mI (608) phy_init: phy_version 4670,719f9f6,Feb 18 2021,17:07:07[0m
I (718) wifi:mode : softAP (0c:8b:95:95:cf:b1)
I (718) wifi:Total power save buffer number: 16
I (718) wifi:Init max length of beacon: 752/752
I (728) wifi:Init max length of beacon: 752/752
E (728) wifi:failed to post WiFi event=12 ret=259
Start scanning
ESP_ERROR_CHECK failed: esp_err_t 0xffffffff (ESP_FAIL) at 0x400d5b1c
file: "/IDF/proj/wifi/main/wifi.c" line 20
func: scanning
expression: esp_wifi_scan_start(&scan_config, true)

abort() was called at PC 0x40088c57 on core 0


Backtrace: 0x400819da:0x3ffb87b0 0x40088c61:0x3ffb87d0 0x4008fbc2:0x3ffb87f0 0x40088c57:0x3ffb8860 0x400d5b1c:0x3ffb8890 0x400d5c39:0x3ffb8f70 0x40135c37:0x3ffb9060 0x4008b4f9:0x3ffb9090




ELF file SHA256: 0265feb62b6324b2

Rebooting...
ets Jul 29 2019 12:21:46

rst:0xc (SW_CPU_RESET),boot:0x13 (SPI_FAST_FLASH_BOOT)
configsip: 271414342, SPIWP:0xee
clk_drv:0x00,q_drv:0x00,d_drv:0x00,cs0_drv:0x00,hd_drv:0x00,wp_drv:0x00
mode:DIO, clock div:2
load:0x3fff0030,len:7080
load:0x40078000,len:15584
load:0x40080400,len:4
ho 8 tail 4 room 4
load:0x40080404,len:3876
entry 0x4008064c
[0;32mI (31) boot: ESP-IDF v5.1.1 2nd stage bootloader[0m
[0;32mI (31) boot: compile time Oct 31 2023 16:43:06[0m
[0;32mI (31) boot: Multicore bootloader[0m
[0;32mI (36) boot: chip revision: v3.0[0m
[0;32mI (40) boot.esp32: SPI Speed      : 40MHz[0m
[0;32mI (44) boot.esp32: SPI Mode       : DIO[0m
[0;32mI (49) boot.esp32: SPI Flash Size : 2MB[0m
[0;32mI (53) boot: Enabling RNG early entropy source...[0m
[0;32mI (59) boot: Partition Table:[0m
[0;32mI (62) boot: ## Label            Usage          Type ST Offset   Length[0m
[0;32mI (70) boot:  0 nvs              WiFi data        01 02 00009000 00006000[0m
[0;32mI (77) boot:  1 phy_init         RF data          01 01 0000f000 00001000[0m
[0;32mI (85) boot:  2 factory          factory app      00 00 00010000 00100000[0m
[0;32mI (92) boot: End of partition table[0m
[0;32mI (96) esp_image: segment 0: paddr=00010020 vaddr=3f400020 size=1afe8h (110568) map[0m
[0;32mI (145) esp_image: segment 1: paddr=0002b010 vaddr=3ffb0000 size=036a8h ( 13992) load[0m
[0;32mI (151) esp_image: segment 2: paddr=0002e6c0 vaddr=40080000 size=01958h (  6488) load[0m
[0;32mI (153) esp_image: segment 3: paddr=00030020 vaddr=400d0020 size=67a20h (424480) map[0m
[0;32mI (312) esp_image: segment 4: paddr=00097a48 vaddr=40081958 size=13c1ch ( 80924) load[0m
[0;32mI (357) boot: Loaded app from partition at offset 0x10000[0m
[0;32mI (357) boot: Disabling RNG early entropy source...[0m
[0;32mI (368) cpu_start: Multicore app[0m
[0;32mI (369) cpu_start: Pro cpu up.[0m
[0;32mI (369) cpu_start: Starting app cpu, entry point is 0x40081374[0m
[0;32mI (356) cpu_start: App cpu up.[0m
[0;32mI (387) cpu_start: Pro cpu start user code[0m
[0;32mI (387) cpu_start: cpu freq: 160000000 Hz[0m
[0;32mI (387) cpu_start: Application information:[0m
[0;32mI (392) cpu_start: Project name:     wifi[0m
[0;32mI (396) cpu_start: App version:      v5.1.1[0m
[0;32mI (401) cpu_start: Compile time:     Oct 31 2023 16:43:40[0m
[0;32mI (407) cpu_start: ELF file SHA256:  0265feb62b6324b2...[0m
[0;32mI (413) cpu_start: ESP-IDF:          v5.1.1[0m
[0;32mI (418) cpu_start: Min chip rev:     v0.0[0m
[0;32mI (423) cpu_start: Max chip rev:     v3.99 [0m
[0;32mI (428) cpu_start: Chip rev:         v3.0[0m
[0;32mI (433) heap_init: Initializing. RAM available for dynamic allocation:[0m
[0;32mI (440) heap_init: At 3FFAE6E0 len 00001920 (6 KiB): DRAM[0m
[0;32mI (446) heap_init: At 3FFB6D68 len 00029298 (164 KiB): DRAM[0m
[0;32mI (452) heap_init: At 3FFE0440 len 00003AE0 (14 KiB): D/IRAM[0m
[0;32mI (458) heap_init: At 3FFE4350 len 0001BCB0 (111 KiB): D/IRAM[0m
[0;32mI (465) heap_init: At 40095574 len 0000AA8C (42 KiB): IRAM[0m
[0;32mI (472) spi_flash: detected chip: generic[0m
[0;32mI (475) spi_flash: flash io: dio[0m
[0;33mW (479) spi_flash: Detected size(8192k) larger than the size in the binary image header(2048k). Using the size in the binary image header.[0m
[0;32mI (493) app_start: Starting scheduler on CPU0[0m
[0;32mI (498) app_start: Starting scheduler on CPU1[0m
[0;32mI (498) main_task: Started on CPU0[0m
[0;32mI (508) main_task: Calling app_main()[0m
I (538) wifi:wifi driver task: 3ffbc6ac, prio:23, stack:6656, core=0
I (538) wifi:wifi firmware version: ce9244d
I (538) wifi:wifi certification version: v7.0
I (538) wifi:config NVS flash: enabled
I (538) wifi:config nano formating: disabled
I (548) wifi:Init data frame dynamic rx buffer num: 32
I (548) wifi:Init management frame dynamic rx buffer num: 32
I (558) wifi:Init management short buffer num: 32
I (558) wifi:Init dynamic tx buffer num: 32
I (568) wifi:Init static rx buffer size: 1600
I (568) wifi:Init static rx buffer num: 10
I (568) wifi:Init dynamic rx buffer num: 32
[0;32mI (578) wifi_init: rx ba win: 6[0m
[0;32mI (578) wifi_init: tcpip mbox: 32[0m
[0;32mI (578) wifi_init: udp mbox: 6[0m
[0;32mI (588) wifi_init: tcp mbox: 6[0m
[0;32mI (588) wifi_init: tcp tx win: 5744[0m
[0;32mI (598) wifi_init: tcp rx win: 5744[0m
[0;32mI (598) wifi_init: tcp mss: 1440[0m
[0;32mI (598) wifi_init: WiFi IRAM OP enabled[0m
[0;32mI (608) wifi_init: WiFi RX IRAM OP enabled[0m
[0;32mI (608) phy_init: phy_version 4670,719f9f6,Feb 18 2021,17:07:07[0m
I (718) wifi:mode : softAP (0c:8b:95:95:cf:b1)
I (718) wifi:Total power save buffer number: 16
I (718) wifi:Init max length of beacon: 752/752
I (718) wifi:Init max length of beacon: 752/752
E (728) wifi:failed to post WiFi event=12 ret=259
Start scanning
ESP_ERROR_CHECK failed: esp_err_t 0xffffffff (ESP_FAIL) at 0x400d5b1c
file: "/IDF/proj/wifi/main/wifi.c" line 20
func: scanning
expression: esp_wifi_scan_start(&scan_config, true)

abort() was called at PC 0x40088c57 on core 0


Backtrace: 0x400819da:0x3ffb87b0 0x40088c61:0x3ffb87d0 0x4008fbc2:0x3ffb87f0 0x40088c57:0x3ffb8860 0x400d5b1c:0x3ffb8890 0x400d5c39:0x3ffb8f70 0x40135c37:0x3ffb9060 0x4008b4f9:0x3ffb9090




ELF file SHA256: 0265feb62b6324b2

Rebooting...
ets Jul 29 2019 12:21:46

rst:0xc (SW_CPU_RESET),boot:0x13 (SPI_FAST_FLASH_BOOT)
configsip: 271414342, SPIWP:0xee
clk_drv:0x00,q_drv:0x00,d_drv:0x00,cs0_drv:0x00,hd_drv:0x00,wp_drv:0x00
mode:DIO, clock div:2
load:0x3fff0030,len:7080
load:0x40078000,len:15584
load:0x40080400,len:4
ho 8 tail 4 room 4
load:0x40080404,len:3876
entry 0x4008064c
[0;32mI (31) boot: ESP-IDF v5.1.1 2nd stage bootloader[0m
[0;32mI (31) boot: compile time Oct 31 2023 16:43:06[0m
[0;32mI (31) boot: Multicore bootloader[0m
[0;32mI (36) boot: chip revision: v3.0[0m
[0;32mI (40) boot.esp32: SPI Speed      : 40MHz[0m
[0;32mI (44) boot.esp32: SPI Mode       : DIO[0m
[0;32mI (49) boot.esp32: SPI Flash Size : 2MB[0m
[0;32mI (53) boot: Enabling RNG early entropy source...[0m
[0;32mI (59) boot: Partition Table:[0m
[0;32mI (62) boot: ## Label            Usage          Type ST Offset   Length[0m
[0;32mI (70) boot:  0 nvs              WiFi data        01 02 00009000 00006000[0m
[0;32mI (77) boot:  1 phy_init         RF data          01 01 0000f000 00001000[0m
[0;32mI (85) boot:  2 factory          factory app      00 00 00010000 00100000[0m
[0;32mI (92) boot: End of partition table[0m
[0;32mI (96) esp_image: segment 0: paddr=00010020 vaddr=3f400020 size=1afe8h (110568) map[0m
[0;32mI (145) esp_image: segment 1: paddr=0002b010 vaddr=3ffb0000 size=036a8h ( 13992) load[0m
[0;32mI (151) esp_image: segment 2: paddr=0002e6c0 vaddr=40080000 size=01958h (  6488) load[0m
[0;32mI (153) esp_image: segment 3: paddr=00030020 vaddr=400d0020 size=67a20h (424480) map[0m
[0;32mI (312) esp_image: segment 4: paddr=00097a48 vaddr=40081958 size=13c1ch ( 80924) load[0m
[0;32mI (357) boot: Loaded app from partition at offset 0x10000[0m
[0;32mI (357) boot: Disabling RNG early entropy source...[0m
[0;32mI (368) cpu_start: Multicore app[0m
[0;32mI (369) cpu_start: Pro cpu up.[0m
[0;32mI (369) cpu_start: Starting app cpu, entry point is 0x40081374[0m
[0;32mI (356) cpu_start: App cpu up.[0m
[0;32mI (387) cpu_start: Pro cpu start user code[0m
[0;32mI (387) cpu_start: cpu freq: 160000000 Hz[0m
[0;32mI (387) cpu_start: Application information:[0m
[0;32mI (392) cpu_start: Project name:     wifi[0m
[0;32mI (396) cpu_start: App version:      v5.1.1[0m
[0;32mI (401) cpu_start: Compile time:     Oct 31 2023 16:43:40[0m
[0;32mI (407) cpu_start: ELF file SHA256:  0265feb62b6324b2...[0m
[0;32mI (413) cpu_start: ESP-IDF:          v5.1.1[0m
[0;32mI (418) cpu_start: Min chip rev:     v0.0[0m
[0;32mI (423) cpu_start: Max chip rev:     v3.99 [0m
[0;32mI (428) cpu_start: Chip rev:         v3.0[0m
[0;32mI (433) heap_init: Initializing. RAM available for dynamic allocation:[0m
[0;32mI (440) heap_init: At 3FFAE6E0 len 00001920 (6 KiB): DRAM[0m
[0;32mI (446) heap_init: At 3FFB6D68 len 00029298 (164 KiB): DRAM[0m
[0;32mI (452) heap_init: At 3FFE0440 len 00003AE0 (14 KiB): D/IRAM[0m
[0;32mI (458) heap_init: At 3FFE4350 len 0001BCB0 (111 KiB): D/IRAM[0m
[0;32mI (465) heap_init: At 40095574 len 0000AA8C (42 KiB): IRAM[0m
[0;32mI (472) spi_flash: detected chip: generic[0m
[0;32mI (475) spi_flash: flash io: dio[0m
[0;33mW (479) spi_flash: Detected size(8192k) larger than the size in the binary image header(2048k). Using the size in the binary image header.[0m
[0;32mI (493) app_start: Starting scheduler on CPU0[0m
[0;32mI (498) app_start: Starting scheduler on CPU1[0m
[0;32mI (498) main_task: Started on CPU0[0m
[0;32mI (508) main_task: Calling app_main()[0m
I (538) wifi:wifi driver task: 3ffbc6ac, prio:23, stack:6656, core=0
I (538) wifi:wifi firmware version: ce9244d
I (538) wifi:wifi certification version: v7.0
I (538) wifi:config NVS flash: enabled
I (538) wifi:config nano formating: disabled
I (548) wifi:Init data frame dynamic rx buffer num: 32
I (548) wifi:Init management frame dynamic rx buffer num: 32
I (558) wifi:Init management short buffer num: 32
I (558) wifi:Init dynamic tx buffer num: 32
I (568) wifi:Init static rx buffer size: 1600
I (568) wifi:Init static rx buffer num: 10
I (568) wifi:Init dynamic rx buffer num: 32
[0;32mI (578) wifi_init: rx ba win: 6[0m
[0;32mI (578) wifi_init: tcpip mbox: 32[0m
[0;32mI (578) wifi_init: udp mbox: 6[0m
[0;32mI (588) wifi_init: tcp mbox: 6[0m
[0;32mI (588) wifi_init: tcp tx win: 5744[0m
[0;32mI (598) wifi_init: tcp rx win: 5744[0m
[0;32mI (598) wifi_init: tcp mss: 1440[0m
[0;32mI (598) wifi_init: WiFi IRAM OP enabled[0m
[0;32mI (608) wifi_init: WiFi RX IRAM OP enabled[0m
[0;32mI (608) phy_init: phy_version 4670,719f9f6,Feb 18 2021,17:07:07[0m
I (718) wifi:mode : softAP (0c:8b:95:95:cf:b1)
I (718) wifi:Total power save buffer number: 16
I (718) wifi:Init max length of beacon: 752/752
I (718) wifi:Init max length of beacon: 752/752
E (728) wifi:failed to post WiFi event=12 ret=259
Start scanning
ESP_ERROR_CHECK failed: esp_err_t 0xffffffff (ESP_FAIL) at 0x400d5b1c
file: "/IDF/proj/wifi/main/wifi.c" line 20
func: scanning
expression: esp_wifi_scan_start(&scan_config, true)

abort() was called at PC 0x40088c57 on core 0


Backtrace: 0x400819da:0x3ffb87b0 0x40088c61:0x3ffb87d0 0x4008fbc2:0x3ffb87f0 0x40088c57:0x3ffb8860 0x400d5b1c:0x3ffb8890 0x400d5c39:0x3ffb8f70 0x40135c37:0x3ffb9060 0x4008b4f9:0x3ffb9090




ELF file SHA256: 0265feb62b6324b2

Rebooting...
ets Jul 29 2019 12:21:46

rst:0xc (SW_CPU_RESET),boot:0x13 (SPI_FAST_FLASH_BOOT)
configsip: 271414342, SPIWP:0xee
clk_drv:0x00,q_drv:0x00,d_drv:0x00,cs0_drv:0x00,hd_drv:0x00,wp_drv:0x00
mode:DIO, clock div:2
load:0x3fff0030,len:7080
load:0x40078000,len:15584
load:0x40080400,len:4
ho 8 tail 4 room 4
load:0x40080404,len:3876
entry 0x4008064c
[0;32mI (31) boot: ESP-IDF v5.1.1 2nd stage bootloader[0m
[0;32mI (31) boot: compile time Oct 31 2023 16:43:06[0m
[0;32mI (31) boot: Multicore bootloader[0m
[0;32mI (36) boot: chip revision: v3.0[0m
[0;32mI (40) boot.esp32: SPI Speed      : 40MHz[0m
[0;32mI (44) boot.esp32: SPI Mode       : DIO[0m
[0;32mI (49) boot.esp32: SPI Flash Size : 2MB[0m
[0;32mI (53) boot: Enabling RNG early entropy source...[0m
[0;32mI (59) boot: Partition Table:[0m
[0;32mI (62) boot: ## Label            Usage          Type ST Offset   Length[0m
[0;32mI (70) boot:  0 nvs              WiFi data        01 02 00009000 00006000[0m
[0;32mI (77) boot:  1 phy_init         RF data          01 01 0000f000 00001000[0m
[0;32mI (85) boot:  2 factory          factory app      00 00 00010000 00100000[0m
[0;32mI (92) boot: End of partition table[0m
[0;32mI (96) esp_image: segment 0: paddr=00010020 vaddr=3f400020 size=1afe8h (110568) map[0m
[0;32mI (145) esp_image: segment 1: paddr=0002b010 vaddr=3ffb0000 size=036a8h ( 13992) load[0m
[0;32mI (151) esp_image: segment 2: paddr=0002e6c0 vaddr=40080000 size=01958h (  6488) load[0m
[0;32mI (153) esp_image: segment 3: paddr=00030020 vaddr=400d0020 size=67a20h (424480) map[0m
[0;32mI (312) esp_image: segment 4: paddr=00097a48 vaddr=40081958 size=13c1ch ( 80924) load[0m
[0;32mI (357) boot: Loaded app from partition at offset 0x10000[0m
[0;32mI (357) boot: Disabling RNG early entropy source...[0m
[0;32mI (368) cpu_start: Multicore app[0m
[0;32mI (369) cpu_start: Pro cpu up.[0m
[0;32mI (369) cpu_start: Starting app cpu, entry point is 0x40081374[0m
[0;32mI (356) cpu_start: App cpu up.[0m
[0;32mI (387) cpu_start: Pro cpu start user code[0m
[0;32mI (387) cpu_start: cpu freq: 160000000 Hz[0m
[0;32mI (387) cpu_start: Application information:[0m
[0;32mI (392) cpu_start: Project name:     wifi[0m
[0;32mI (396) cpu_start: App version:      v5.1.1[0m
[0;32mI (401) cpu_start: Compile time:     Oct 31 2023 16:43:40[0m
[0;32mI (407) cpu_start: ELF file SHA256:  0265feb62b6324b2...[0m
[0;32mI (413) cpu_start: ESP-IDF:          v5.1.1[0m
[0;32mI (418) cpu_start: Min chip rev:     v0.0[0m
[0;32mI (423) cpu_start: Max chip rev:     v3.99 [0m
[0;32mI (428) cpu_start: Chip rev:         v3.0[0m
[0;32mI (433) heap_init: Initializing. RAM available for dynamic allocation:[0m
[0;32mI (440) heap_init: At 3FFAE6E0 len 00001920 (6 KiB): DRAM[0m
[0;32mI (446) heap_init: At 3FFB6D68 len 00029298 (164 KiB): DRAM[0m
[0;32mI (452) heap_init: At 3FFE0440 len 00003AE0 (14 KiB): D/IRAM[0m
[0;32mI (458) heap_init: At 3FFE4350 len 0001BCB0 (111 KiB): D/IRAM[0m
[0;32mI (465) heap_init: At 40095574 len 0000AA8C (42 KiB): IRAM[0m
[0;32mI (472) spi_flash: detected chip: generic[0m
[0;32mI (475) spi_flash: flash io: dio[0m
[0;33mW (479) spi_flash: Detected size(8192k) larger than the size in the binary image header(2048k). Using the size in the binary image header.[0m
[0;32mI (493) app_start: Starting scheduler on CPU0[0m
[0;32mI (498) app_start: Starting scheduler on CPU1[0m
[0;32mI (498) main_task: Started on CPU0[0m
[0;32mI (508) main_task: Calling app_main()[0m
I (538) wifi:wifi driver task: 3ffbc6ac, prio:23, stack:6656, core=0
I (538) wifi:wifi firmware version: ce9244d
I (538) wifi:wifi certification version: v7.0
I (538) wifi:config NVS flash: enabled
I (538) wifi:config nano formating: disabled
I (548) wifi:Init data frame dynamic rx buffer num: 32
I (548) wifi:Init management frame dynamic rx buffer num: 32
I (558) wifi:Init management short buffer num: 32
I (558) wifi:Init dynamic tx buffer num: 32
I (568) wifi:Init static rx buffer size: 1600
I (568) wifi:Init static rx buffer num: 10
I (568) wifi:Init dynamic rx buffer num: 32
[0;32mI (578) wifi_init: rx ba win: 6[0m
[0;32mI (578) wifi_init: tcpip mbox: 32[0m
[0;32mI (578) wifi_init: udp mbox: 6[0m
[0;32mI (588) wifi_init: tcp mbox: 6[0m
[0;32mI (588) wifi_init: tcp tx win: 5744[0m
[0;32mI (598) wifi_init: tcp rx win: 5744[0m
[0;32mI (598) wifi_init: tcp mss: 1440[0m
[0;32mI (598) wifi_init: WiFi IRAM OP enabled[0m
[0;32mI (608) wifi_init: WiFi RX IRAM OP enabled[0m
[0;32mI (608) phy_init: phy_version 4670,719f9f6,Feb 18 2021,17:07:07[0m
I (718) wifi:mode : softAP (0c:8b:95:95:cf:b1)
I (718) wifi:Total power save buffer number: 16
I (718) wifi:Init max length of beacon: 752/752
I (718) wifi:Init max length of beacon: 752/752
E (728) wifi:failed to post WiFi event=12 ret=259
Start scanning
ESP_ERROR_CHECK failed: esp_err_t 0xffffffff (ESP_FAIL) at 0x400d5b1c
file: "/IDF/proj/wifi/main/wifi.c" line 20
func: scanning
expression: esp_wifi_scan_start(&scan_config, true)

abort() was called at PC 0x40088c57 on core 0


Backtrace: 0x400819da:0x3ffb87b0 0x40088c61:0x3ffb87d0 0x4008fbc2:0x3ffb87f0 0x40088c57:0x3ffb8860 0x400d5b1c:0x3ffb8890 0x400d5c39:0x3ffb8f70 0x40135c37:0x3ffb9060 0x4008b4f9:0x3ffb9090




ELF file SHA256: 0265feb62b6324b2

Rebooting...
ets Jul 29 2019 12:21:46

rst:0xc (SW_CPU_RESET),boot:0x13 (SPI_FAST_FLASH_BOOT)
configsip: 271414342, SPIWP:0xee
clk_drv:0x00,q_drv:0x00,d_drv:0x00,cs0_drv:0x00,hd_drv:0x00,wp_drv:0x00
mode:DIO, clock div:2
load:0x3fff0030,len:7080
load:0x40078000,len:15584
load:0x40080400,len:4
ho 8 tail 4 room 4
load:0x40080404,len:3876
entry 0x4008064c
[0;32mI (31) boot: ESP-IDF v5.1.1 2nd stage bootloader[0m
[0;32mI (31) boot: compile time Oct 31 2023 16:43:06[0m
[0;32mI (31) boot: Multicore bootloader[0m
[0;32mI (36) boot: chip revision: v3.0[0m
[0;32mI (40) boot.esp32: SPI Speed      : 40MHz[0m
[0;32mI (44) boot.esp32: SPI Mode       : DIO[0m
[0;32mI (49) boot.esp32: SPI Flash Size : 2MB[0m
[0;32mI (53) boot: Enabling RNG early entropy source...[0m
[0;32mI (59) boot: Partition Table:[0m
[0;32mI (62) boot: ## Label            Usage          Type ST Offset   Length[0m
[0;32mI (70) boot:  0 nvs              WiFi data        01 02 00009000 00006000[0m
[0;32mI (77) boot:  1 phy_init         RF data          01 01 0000f000 00001000[0m
[0;32mI (85) boot:  2 factory          factory app      00 00 00010000 00100000[0m
[0;32mI (92) boot: End of partition table[0m
[0;32mI (96) esp_image: segment 0: paddr=00010020 vaddr=3f400020 size=1afe8h (110568) map[0m
[0;32mI (145) esp_image: segment 1: paddr=0002b010 vaddr=3ffb0000 size=036a8h ( 13992) load[0m
[0;32mI (151) esp_image: segment 2: paddr=0002e6c0 vaddr=40080000 size=01958h (  6488) load[0m
[0;32mI (153) esp_image: segment 3: paddr=00030020 vaddr=400d0020 size=67a20h (424480) map[0m
[0;32mI (312) esp_image: segment 4: paddr=00097a48 vaddr=40081958 size=13c1ch ( 80924) load[0m
[0;32mI (357) boot: Loaded app from partition at offset 0x10000[0m
[0;32mI (357) boot: Disabling RNG early entropy source...[0m
[0;32mI (368) cpu_start: Multicore app[0m
[0;32mI (369) cpu_start: Pro cpu up.[0m
[0;32mI (369) cpu_start: Starting app cpu, entry point is 0x40081374[0m
[0;32mI (356) cpu_start: App cpu up.[0m
[0;32mI (387) cpu_start: Pro cpu start user code[0m
[0;32mI (387) cpu_start: cpu freq: 160000000 Hz[0m
[0;32mI (387) cpu_start: Application information:[0m
[0;32mI (392) cpu_start: Project name:     wifi[0m
[0;32mI (396) cpu_start: App version:      v5.1.1[0m
[0;32mI (401) cpu_start: Compile time:     Oct 31 2023 16:43:40[0m
[0;32mI (407) cpu_start: ELF file SHA256:  0265feb62b6324b2...[0m
[0;32mI (413) cpu_start: ESP-IDF:          v5.1.1[0m
[0;32mI (418) cpu_start: Min chip rev:     v0.0[0m
[0;32mI (423) cpu_start: Max chip rev:     v3.99 [0m
[0;32mI (428) cpu_start: Chip rev:         v3.0[0m
[0;32mI (433) heap_init: Initializing. RAM available for dynamic allocation:[0m
[0;32mI (440) heap_init: At 3FFAE6E0 len 00001920 (6 KiB): DRAM[0m
[0;32mI (446) heap_init: At 3FFB6D68 len 00029298 (164 KiB): DRAM[0m
[0;32mI (452) heap_init: At 3FFE0440 len 00003AE0 (14 KiB): D/IRAM[0m
[0;32mI (458) heap_init: At 3FFE4350 len 0001BCB0 (111 KiB): D/IRAM[0m
[0;32mI (465) heap_init: At 40095574 len 0000AA8C (42 KiB): IRAM[0m
[0;32mI (472) spi_flash: detected chip: generic[0m
[0;32mI (475) spi_flash: flash io: dio[0m
[0;33mW (479) spi_flash: Detected size(8192k) larger than the size in the binary image header(2048k). Using the size in the binary image header.[0m
[0;32mI (493) app_start: Starting scheduler on CPU0[0m
[0;32mI (498) app_start: Starting scheduler on CPU1[0m
[0;32mI (498) main_task: Started on CPU0[0m
[0;32mI (508) main_task: Calling app_main()[0m
I (538) wifi:wifi driver task: 3ffbc6ac, prio:23, stack:6656, core=0
I (538) wifi:wifi firmware version: ce9244d
I (538) wifi:wifi certification version: v7.0
I (538) wifi:config NVS flash: enabled
I (538) wifi:config nano formating: disabled
I (548) wifi:Init data frame dynamic rx buffer num: 32
I (548) wifi:Init management frame dynamic rx buffer num: 32
I (558) wifi:Init management short buffer num: 32
I (558) wifi:Init dynamic tx buffer num: 32
I (568) wifi:Init static rx buffer size: 1600
I (568) wifi:Init static rx buffer num: 10
I (568) wifi:Init dynamic rx buffer num: 32
[0;32mI (578) wifi_init: rx ba win: 6[0m
[0;32mI (578) wifi_init: tcpip mbox: 32[0m
[0;32mI (578) wifi_init: udp mbox: 6[0m
[0;32mI (588) wifi_init: tcp mbox: 6[0m
[0;32mI (588) wifi_init: tcp tx win: 5744[0m
[0;32mI (598) wifi_init: tcp rx win: 5744[0m
[0;32mI (598) wifi_init: tcp mss: 1440[0m
[0;32mI (598) wifi_init: WiFi IRAM OP enabled[0m
[0;32mI (608) wifi_init: WiFi RX IRAM OP enabled[0m
[0;32mI (608) phy_init: phy_version 4670,719f9f6,Feb 18 2021,17:07:07[0m
I (718) wifi:mode : softAP (0c:8b:95:95:cf:b1)
I (718) wifi:Total power save buffer number: 16
I (718) wifi:Init max length of beacon: 752/752
I (718) wifi:Init max length of beacon: 752/752
E (728) wifi:failed to post WiFi event=12 ret=259
Start scanning
ESP_ERROR_CHECK failed: esp_err_t 0xffffffff (ESP_FAIL) at 0x400d5b1c
file: "/IDF/proj/wifi/main/wifi.c" line 20
func: scanning
expression: esp_wifi_scan_start(&scan_config, true)

abort() was called at PC 0x40088c57 on core 0


Backtrace: 0x400819da:0x3ffb87b0 0x40088c61:0x3ffb87d0 0x4008fbc2:0x3ffb87f0 0x40088c57:0x3ffb8860 0x400d5b1c:0x3ffb8890 0x400d5c39:0x3ffb8f70 0x40135c37:0x3ffb9060 0x4008b4f9:0x3ffb9090




ELF file SHA256: 0265feb62b6324b2

Rebooting...
ets Jul 29 2019 12:21:46

rst:0xc (SW_CPU_RESET),boot:0x13 (SPI_FAST_FLASH_BOOT)
configsip: 271414342, SPIWP:0xee
clk_drv:0x00,q_drv:0x00,d_drv:0x00,cs0_drv:0x00,hd_drv:0x00,wp_drv:0x00
mode:DIO, clock div:2
load:0x3fff0030,len:7080
load:0x40078000,len:15584
load:0x40080400,len:4
ho 8 tail 4 room 4
load:0x40080404,len:3876
entry 0x4008064c
[0;32mI (31) boot: ESP-IDF v5.1.1 2nd stage bootloader[0m
[0;32mI (31) boot: compile time Oct 31 2023 16:43:06[0m
[0;32mI (31) boot: Multicore bootloader[0m
[0;32mI (36) boot: chip revision: v3.0[0m
[0;32mI (40) boot.esp32: SPI Speed      : 40MHz[0m
[0;32mI (44) boot.esp32: SPI Mode       : DIO[0m
[0;32mI (49) boot.esp32: SPI Flash Size : 2MB[0m
[0;32mI (53) boot: Enabling RNG early entropy source...[0m
[0;32mI (59) boot: Partition Table:[0m
[0;32mI (62) boot: ## Label            Usage          Type ST Offset   Length[0m
[0;32mI (70) boot:  0 nvs              WiFi data        01 02 00009000 00006000[0m
[0;32mI (77) boot:  1 phy_init         RF data          01 01 0000f000 00001000[0m
[0;32mI (85) boot:  2 factory          factory app      00 00 00010000 00100000[0m
[0;32mI (92) boot: End of partition table[0m
[0;32mI (96) esp_image: segment 0: paddr=00010020 vaddr=3f400020 size=1afe8h (110568) map[0m
[0;32mI (145) esp_image: segment 1: paddr=0002b010 vaddr=3ffb0000 size=036a8h ( 13992) load[0m
[0;32mI (151) esp_image: segment 2: paddr=0002e6c0 vaddr=40080000 size=01958h (  6488) load[0m
[0;32mI (153) esp_image: segment 3: paddr=00030020 vaddr=400d0020 size=67a20h (424480) map[0m
[0;32mI (312) esp_image: segment 4: paddr=00097a48 vaddr=40081958 size=13c1ch ( 80924) load[0m
[0;32mI (357) boot: Loaded app from partition at offset 0x10000[0m
[0;32mI (357) boot: Disabling RNG early entropy source...[0m
[0;32mI (368) cpu_start: Multicore app[0m
[0;32mI (369) cpu_start: Pro cpu up.[0m
[0;32mI (369) cpu_start: Starting app cpu, entry point is 0x40081374[0m
[0;32mI (356) cpu_start: App cpu up.[0m
[0;32mI (387) cpu_start: Pro cpu start user code[0m
[0;32mI (387) cpu_start: cpu freq: 160000000 Hz[0m
[0;32mI (387) cpu_start: Application information:[0m
[0;32mI (392) cpu_start: Project name:     wifi[0m
[0;32mI (396) cpu_start: App version:      v5.1.1[0m
[0;32mI (401) cpu_start: Compile time:     Oct 31 2023 16:43:40[0m
[0;32mI (407) cpu_start: ELF file SHA256:  0265feb62b6324b2...[0m
[0;32mI (413) cpu_start: ESP-IDF:          v5.1.1[0m
[0;32mI (418) cpu_start: Min chip rev:     v0.0[0m
[0;32mI (423) cpu_start: Max chip rev:     v3.99 [0m
[0;32mI (428) cpu_start: Chip rev:         v3.0[0m
[0;32mI (433) heap_init: Initializing. RAM available for dynamic allocation:[0m
[0;32mI (440) heap_init: At 3FFAE6E0 len 00001920 (6 KiB): DRAM[0m
[0;32mI (446) heap_init: At 3FFB6D68 len 00029298 (164 KiB): DRAM[0m
[0;32mI (452) heap_init: At 3FFE0440 len 00003AE0 (14 KiB): D/IRAM[0m
[0;32mI (458) heap_init: At 3FFE4350 len 0001BCB0 (111 KiB): D/IRAM[0m
[0;32mI (465) heap_init: At 40095574 len 0000AA8C (42 KiB): IRAM[0m
[0;32mI (472) spi_flash: detected chip: generic[0m
[0;32mI (475) spi_flash: flash io: dio[0m
[0;33mW (479) spi_flash: Detected size(8192k) larger than the size in the binary image header(2048k). Using the size in the binary image header.[0m
[0;32mI (493) app_start: Starting scheduler on CPU0[0m
[0;32mI (498) app_start: Starting scheduler on CPU1[0m
[0;32mI (498) main_task: Started on CPU0[0m
[0;32mI (508) main_task: Calling app_main()[0m
I (538) wifi:wifi driver task: 3ffbc6ac, prio:23, stack:6656, core=0
I (538) wifi:wifi firmware version: ce9244d
I (538) wifi:wifi certification version: v7.0
I (538) wifi:config NVS flash: enabled
I (538) wifi:config nano formating: disabled
I (548) wifi:Init data frame dynamic rx buffer num: 32
I (548) wifi:Init management frame dynamic rx buffer num: 32
I (558) wifi:Init management short buffer num: 32
I (558) wifi:Init dynamic tx buffer num: 32
I (568) wifi:Init static rx buffer size: 1600
I (568) wifi:Init static rx buffer num: 10
I (568) wifi:Init dynamic rx buffer num: 32
[0;32mI (578) wifi_init: rx ba win: 6[0m
[0;32mI (578) wifi_init: tcpip mbox: 32[0m
[0;32mI (578) wifi_init: udp mbox: 6[0m
[0;32mI (588) wifi_init: tcp mbox: 6[0m
[0;32mI (588) wifi_init: tcp tx win: 5744[0m
[0;32mI (598) wifi_init: tcp rx win: 5744[0m
[0;32mI (598) wifi_init: tcp mss: 1440[0m
[0;32mI (598) wifi_init: WiFi IRAM OP enabled[0m
[0;32mI (608) wifi_init: WiFi RX IRAM OP enabled[0m
[0;32mI (608) phy_init: phy_version 4670,719f9f6,Feb 18 2021,17:07:07[0m
I (718) wifi:mode : softAP (0c:8b:95:95:cf:b1)
I (718) wifi:Total power save buffer number: 16
I (718) wifi:Init max length of beacon: 752/752
I (718) wifi:Init max length of beacon: 752/752
E (728) wifi:failed to post WiFi event=12 ret=259
Start scanning
ESP_ERROR_CHECK failed: esp_err_t 0xffffffff (ESP_FAIL) at 0x400d5b1c
file: "/IDF/proj/wifi/main/wifi.c" line 20
func: scanning
expression: esp_wifi_scan_start(&scan_config, true)

abort() was called at PC 0x40088c57 on core 0


Backtrace: 0x400819da:0x3ffb87b0 0x40088c61:0x3ffb87d0 0x4008fbc2:0x3ffb87f0 0x40088c57:0x3ffb8860 0x400d5b1c:0x3ffb8890 0x400d5c39:0x3ffb8f70 0x40135c37:0x3ffb9060 0x4008b4f9:0x3ffb9090




ELF file SHA256: 0265feb62b6324b2

Rebooting...
ets Jul 29 2019 12:21:46

rst:0xc (SW_CPU_RESET),boot:0x13 (SPI_FAST_FLASH_BOOT)
configsip: 271414342, SPIWP:0xee
clk_drv:0x00,q_drv:0x00,d_drv:0x00,cs0_drv:0x00,hd_drv:0x00,wp_drv:0x00
mode:DIO, clock div:2
load:0x3fff0030,len:7080
load:0x40078000,len:15584
load:0x40080400,len:4
ho 8 tail 4 room 4
load:0x40080404,len:3876
entry 0x4008064c
[0;32mI (31) boot: ESP-IDF v5.1.1 2nd stage bootloader[0m
[0;32mI (31) boot: compile time Oct 31 2023 16:43:06[0m
[0;32mI (31) boot: Multicore bootloader[0m
[0;32mI (36) boot: chip revision: v3.0[0m
[0;32mI (40) boot.esp32: SPI Speed      : 40MHz[0m
[0;32mI (44) boot.esp32: SPI Mode       : DIO[0m
[0;32mI (49) boot.esp32: SPI Flash Size : 2MB[0m
[0;32mI (53) boot: Enabling RNG early entropy source...[0m
[0;32mI (59) boot: Partition Table:[0m
[0;32mI (62) boot: ## Label            Usage          Type ST Offset   Length[0m
[0;32mI (70) boot:  0 nvs              WiFi data        01 02 00009000 00006000[0m
[0;32mI (77) boot:  1 phy_init         RF data          01 01 0000f000 00001000[0m
[0;32mI (85) boot:  2 factory          factory app      00 00 00010000 00100000[0m
[0;32mI (92) boot: End of partition table[0m
[0;32mI (96) esp_image: segment 0: paddr=00010020 vaddr=3f400020 size=1afe8h (110568) map[0m
[0;32mI (145) esp_image: segment 1: paddr=0002b010 vaddr=3ffb0000 size=036a8h ( 13992) load[0m
[0;32mI (151) esp_image: segment 2: paddr=0002e6c0 vaddr=40080000 size=01958h (  6488) load[0m
[0;32mI (153) esp_image: segment 3: paddr=00030020 vaddr=400d0020 size=67a20h (424480) map[0m
[0;32mI (312) esp_image: segment 4: paddr=00097a48 vaddr=40081958 size=13c1ch ( 80924) load[0m
[0;32mI (357) boot: Loaded app from partition at offset 0x10000[0m
[0;32mI (357) boot: Disabling RNG early entropy source...[0m
[0;32mI (368) cpu_start: Multicore app[0m
[0;32mI (369) cpu_start: Pro cpu up.[0m
[0;32mI (369) cpu_start: Starting app cpu, entry point is 0x40081374[0m
[0;32mI (356) cpu_start: App cpu up.[0m
[0;32mI (387) cpu_start: Pro cpu start user code[0m
[0;32mI (387) cpu_start: cpu freq: 160000000 Hz[0m
[0;32mI (387) cpu_start: Application information:[0m
[0;32mI (392) cpu_start: Project name:     wifi[0m
[0;32mI (396) cpu_start: App version:      v5.1.1[0m
[0;32mI (401) cpu_start: Compile time:     Oct 31 2023 16:43:40[0m
[0;32mI (407) cpu_start: ELF file SHA256:  0265feb62b6324b2...[0m
[0;32mI (413) cpu_start: ESP-IDF:          v5.1.1[0m
[0;32mI (418) cpu_start: Min chip rev:     v0.0[0m
[0;32mI (423) cpu_start: Max chip rev:     v3.99 [0m
[0;32mI (428) cpu_start: Chip rev:         v3.0[0m
[0;32mI (433) heap_init: Initializing. RAM available for dynamic allocation:[0m
[0;32mI (440) heap_init: At 3FFAE6E0 len 00001920 (6 KiB): DRAM[0m
[0;32mI (446) heap_init: At 3FFB6D68 len 00029298 (164 KiB): DRAM[0m
[0;32mI (452) heap_init: At 3FFE0440 len 00003AE0 (14 KiB): D/IRAM[0m
[0;32mI (458) heap_init: At 3FFE4350 len 0001BCB0 (111 KiB): D/IRAM[0m
[0;32mI (465) heap_init: At 40095574 len 0000AA8C (42 KiB): IRAM[0m
[0;32mI (472) spi_flash: detected chip: generic[0m
[0;32mI (475) spi_flash: flash io: dio[0m
[0;33mW (479) spi_flash: Detected size(8192k) larger than the size in the binary image header(2048k). Using the size in the binary image header.[0m
[0;32mI (493) app_start: Starting scheduler on CPU0[0m
[0;32mI (498) app_start: Starting scheduler on CPU1[0m
[0;32mI (498) main_task: Started on CPU0[0m
[0;32mI (508) main_task: Calling app_main()[0m
I (538) wifi:wifi driver task: 3ffbc6ac, prio:23, stack:6656, core=0
I (538) wifi:wifi firmware version: ce9244d
I (538) wifi:wifi certification version: v7.0
I (538) wifi:config NVS flash: enabled
I (538) wifi:config nano formating: disabled
I (548) wifi:Init data frame dynamic rx buffer num: 32
I (548) wifi:Init management frame dynamic rx buffer num: 32
I (558) wifi:Init management short buffer num: 32
I (558) wifi:Init dynamic tx buffer num: 32
I (568) wifi:Init static rx buffer size: 1600
I (568) wifi:Init static rx buffer num: 10
I (568) wifi:Init dynamic rx buffer num: 32
[0;32mI (578) wifi_init: rx ba win: 6[0m
[0;32mI (578) wifi_init: tcpip mbox: 32[0m
[0;32mI (578) wifi_init: udp mbox: 6[0m
[0;32mI (588) wifi_init: tcp mbox: 6[0m
[0;32mI (588) wifi_init: tcp tx win: 5744[0m
[0;32mI (598) wifi_init: tcp rx win: 5744[0m
[0;32mI (598) wifi_init: tcp mss: 1440[0m
[0;32mI (598) wifi_init: WiFi IRAM OP enabled[0m
[0;32mI (608) wifi_init: WiFi RX IRAM OP enabled[0m
[0;32mI (608) phy_init: phy_version 4670,719f9f6,Feb 18 2021,17:07:07[0m
I (718) wifi:mode : softAP (0c:8b:95:95:cf:b1)
I (718) wifi:Total power save buffer number: 16
I (718) wifi:Init max length of beacon: 752/752
I (718) wifi:Init max length of beacon: 752/752
E (728) wifi:failed to post WiFi event=12 ret=259
Start scanning
ESP_ERROR_CHECK failed: esp_err_t 0xffffffff (ESP_FAIL) at 0x400d5b1c
file: "/IDF/proj/wifi/main/wifi.c" line 20
func: scanning
expression: esp_wifi_scan_start(&scan_config, true)

abort() was called at PC 0x40088c57 on core 0


Backtrace: 0x400819da:0x3ffb87b0 0x40088c61:0x3ffb87d0 0x4008fbc2:0x3ffb87f0 0x40088c57:0x3ffb8860 0x400d5b1c:0x3ffb8890 0x400d5c39:0x3ffb8f70 0x40135c37:0x3ffb9060 0x4008b4f9:0x3ffb9090




ELF file SHA256: 0265feb62b6324b2

Rebooting...
ets Jul 29 2019 12:21:46

rst:0xc (SW_CPU_RESET),boot:0x13 (SPI_FAST_FLASH_BOOT)
configsip: 271414342, SPIWP:0xee
clk_drv:0x00,q_drv:0x00,d_drv:0x00,cs0_drv:0x00,hd_drv:0x00,wp_drv:0x00
mode:DIO, clock div:2
load:0x3fff0030,len:7080
load:0x40078000,len:15584
load:0x40080400,len:4
ho 8 tail 4 room 4
load:0x40080404,len:3876
entry 0x4008064c
[0;32mI (31) boot: ESP-IDF v5.1.1 2nd stage bootloader[0m
[0;32mI (31) boot: compile time Oct 31 2023 16:43:06[0m
[0;32mI (31) boot: Multicore bootloader[0m
[0;32mI (36) boot: chip revision: v3.0[0m
[0;32mI (40) boot.esp32: SPI Speed      : 40MHz[0m
[0;32mI (44) boot.esp32: SPI Mode       : DIO[0m
[0;32mI (49) boot.esp32: SPI Flash Size : 2MB[0m
[0;32mI (53) boot: Enabling RNG early entropy source...[0m
[0;32mI (59) boot: Partition Table:[0m
[0;32mI (62) boot: ## Label            Usage          Type ST Offset   Length[0m
[0;32mI (70) boot:  0 nvs              WiFi data        01 02 00009000 00006000[0m
[0;32mI (77) boot:  1 phy_init         RF data          01 01 0000f000 00001000[0m
[0;32mI (85) boot:  2 factory          factory app      00 00 00010000 00100000[0m
[0;32mI (92) boot: End of partition table[0m
[0;32mI (96) esp_image: segment 0: paddr=00010020 vaddr=3f400020 size=1afe8h (110568) map[0m
[0;32mI (145) esp_image: segment 1: paddr=0002b010 vaddr=3ffb0000 size=036a8h ( 13992) load[0m
[0;32mI (151) esp_image: segment 2: paddr=0002e6c0 vaddr=40080000 size=01958h (  6488) load[0m
[0;32mI (153) esp_image: segment 3: paddr=00030020 vaddr=400d0020 size=67a20h (424480) map[0m
[0;32mI (312) esp_image: segment 4: paddr=00097a48 vaddr=40081958 size=13c1ch ( 80924) load[0m
[0;32mI (357) boot: Loaded app from partition at offset 0x10000[0m
[0;32mI (357) boot: Disabling RNG early entropy source...[0m
[0;32mI (368) cpu_start: Multicore app[0m
[0;32mI (369) cpu_start: Pro cpu up.[0m
[0;32mI (369) cpu_start: Starting app cpu, entry point is 0x40081374[0m
[0;32mI (356) cpu_start: App cpu up.[0m
[0;32mI (387) cpu_start: Pro cpu start user code[0m
[0;32mI (387) cpu_start: cpu freq: 160000000 Hz[0m
[0;32mI (387) cpu_start: Application information:[0m
[0;32mI (392) cpu_start: Project name:     wifi[0m
[0;32mI (396) cpu_start: App version:      v5.1.1[0m
[0;32mI (401) cpu_start: Compile time:     Oct 31 2023 16:43:40[0m
[0;32mI (407) cpu_start: ELF file SHA256:  0265feb62b6324b2...[0m
[0;32mI (413) cpu_start: ESP-IDF:          v5.1.1[0m
[0;32mI (418) cpu_start: Min chip rev:     v0.0[0m
[0;32mI (423) cpu_start: Max chip rev:     v3.99 [0m
[0;32mI (428) cpu_start: Chip rev:         v3.0[0m
[0;32mI (433) heap_init: Initializing. RAM available for dynamic allocation:[0m
[0;32mI (440) heap_init: At 3FFAE6E0 len 00001920 (6 KiB): DRAM[0m
[0;32mI (446) heap_init: At 3FFB6D68 len 00029298 (164 KiB): DRAM[0m
[0;32mI (452) heap_init: At 3FFE0440 len 00003AE0 (14 KiB): D/IRAM[0m
[0;32mI (458) heap_init: At 3FFE4350 len 0001BCB0 (111 KiB): D/IRAM[0m
[0;32mI (465) heap_init: At 40095574 len 0000AA8C (42 KiB): IRAM[0m
[0;32mI (472) spi_flash: detected chip: generic[0m
[0;32mI (475) spi_flash: flash io: dio[0m
[0;33mW (479) spi_flash: Detected size(8192k) larger than the size in the binary image header(2048k). Using the size in the binary image header.[0m
[0;32mI (493) app_start: Starting scheduler on CPU0[0m
[0;32mI (498) app_start: Starting scheduler on CPU1[0m
[0;32mI (498) main_task: Started on CPU0[0m
[0;32mI (508) main_task: Calling app_main()[0m
I (538) wifi:wifi driver task: 3ffbc6ac, prio:23, stack:6656, core=0
I (538) wifi:wifi firmware version: ce9244d
I (538) wifi:wifi certification version: v7.0
I (538) wifi:config NVS flash: enabled
I (538) wifi:config nano formating: disabled
I (548) wifi:Init data frame dynamic rx buffer num: 32
I (548) wifi:Init management frame dynamic rx buffer num: 32
I (558) wifi:Init management short buffer num: 32
I (558) wifi:Init dynamic tx buffer num: 32
I (568) wifi:Init static rx buffer size: 1600
I (568) wifi:Init static rx buffer num: 10
I (568) wifi:Init dynamic rx buffer num: 32
[0;32mI (578) wifi_init: rx ba win: 6[0m
[0;32mI (578) wifi_init: tcpip mbox: 32[0m
[0;32mI (578) wifi_init: udp mbox: 6[0m
[0;32mI (588) wifi_init: tcp mbox: 6[0m
[0;32mI (588) wifi_init: tcp tx win: 5744[0m
[0;32mI (598) wifi_init: tcp rx win: 5744[0m
[0;32mI (598) wifi_init: tcp mss: 1440[0m
[0;32mI (598) wifi_init: WiFi IRAM OP enabled[0m
[0;32mI (608) wifi_init: WiFi RX IRAM OP enabled[0m
[0;32mI (608) phy_init: phy_version 4670,719f9f6,Feb 18 2021,17:07:07[0m
I (718) wifi:mode : softAP (0c:8b:95:95:cf:b1)
I (718) wifi:Total power save buffer number: 16
I (728) wifi:Init max length of beacon: 752/752
I (728) wifi:Init max length of beacon: 752/752
E (728) wifi:failed to post WiFi event=12 ret=259
Start scanning
ESP_ERROR_CHECK failed: esp_err_t 0xffffffff (ESP_FAIL) at 0x400d5b1c
file: "/IDF/proj/wifi/main/wifi.c" line 20
func: scanning
expression: esp_wifi_scan_start(&scan_config, true)

abort() was called at PC 0x40088c57 on core 0


Backtrace: 0x400819da:0x3ffb87b0 0x40088c61:0x3ffb87d0 0x4008fbc2:0x3ffb87f0 0x40088c57:0x3ffb8860 0x400d5b1c:0x3ffb8890 0x400d5c39:0x3ffb8f70 0x40135c37:0x3ffb9060 0x4008b4f9:0x3ffb9090




ELF file SHA256: 0265feb62b6324b2

Rebooting...
ets Jul 29 2019 12:21:46

rst:0xc (SW_CPU_RESET),boot:0x13 (SPI_FAST_FLASH_BOOT)
configsip: 271414342, SPIWP:0xee
clk_drv:0x00,q_drv:0x00,d_drv:0x00,cs0_drv:0x00,hd_drv:0x00,wp_drv:0x00
mode:DIO, clock div:2
load:0x3fff0030,len:7080
load:0x40078000,len:15584
load:0x40080400,len:4
ho 8 tail 4 room 4
load:0x40080404,len:3876
entry 0x4008064c
[0;32mI (31) boot: ESP-IDF v5.1.1 2nd stage bootloader[0m
[0;32mI (31) boot: compile time Oct 31 2023 16:43:06[0m
[0;32mI (31) boot: Multicore bootloader[0m
[0;32mI (36) boot: chip revision: v3.0[0m
[0;32mI (40) boot.esp32: SPI Speed      : 40MHz[0m
[0;32mI (44) boot.esp32: SPI Mode       : DIO[0m
[0;32mI (49) boot.esp32: SPI Flash Size : 2MB[0m
[0;32mI (53) boot: Enabling RNG early entropy source...[0m
[0;32mI (59) boot: Partition Table:[0m
[0;32mI (62) boot: ## Label            Usage          Type ST Offset   Length[0m
[0;32mI (70) boot:  0 nvs              WiFi data        01 02 00009000 00006000[0m
[0;32mI (77) boot:  1 phy_init         RF data          01 01 0000f000 00001000[0m
[0;32mI (85) boot:  2 factory          factory app      00 00 00010000 00100000[0m
[0;32mI (92) boot: End of partition table[0m
[0;32mI (96) esp_image: segment 0: paddr=00010020 vaddr=3f400020 size=1afe8h (110568) map[0m
[0;32mI (145) esp_image: segment 1: paddr=0002b010 vaddr=3ffb0000 size=036a8h ( 13992) load[0m
[0;32mI (151) esp_image: segment 2: paddr=0002e6c0 vaddr=40080000 size=01958h (  6488) load[0m
[0;32mI (153) esp_image: segment 3: paddr=00030020 vaddr=400d0020 size=67a20h (424480) map[0m
[0;32mI (312) esp_image: segment 4: paddr=00097a48 vaddr=40081958 size=13c1ch ( 80924) load[0m
[0;32mI (357) boot: Loaded app from partition at offset 0x10000[0m
[0;32mI (357) boot: Disabling RNG early entropy source...[0m
[0;32mI (368) cpu_start: Multicore app[0m
[0;32mI (369) cpu_start: Pro cpu up.[0m
[0;32mI (369) cpu_start: Starting app cpu, entry point is 0x40081374[0m
[0;32mI (356) cpu_start: App cpu up.[0m
[0;32mI (387) cpu_start: Pro cpu start user code[0m
[0;32mI (387) cpu_start: cpu freq: 160000000 Hz[0m
[0;32mI (387) cpu_start: Application information:[0m
[0;32mI (392) cpu_start: Project name:     wifi[0m
[0;32mI (396) cpu_start: App version:      v5.1.1[0m
[0;32mI (401) cpu_start: Compile time:     Oct 31 2023 16:43:40[0m
[0;32mI (407) cpu_start: ELF file SHA256:  0265feb62b6324b2...[0m
[0;32mI (413) cpu_start: ESP-IDF:          v5.1.1[0m
[0;32mI (418) cpu_start: Min chip rev:     v0.0[0m
[0;32mI (423) cpu_start: Max chip rev:     v3.99 [0m
[0;32mI (428) cpu_start: Chip rev:         v3.0[0m
[0;32mI (433) heap_init: Initializing. RAM available for dynamic allocation:[0m
[0;32mI (440) heap_init: At 3FFAE6E0 len 00001920 (6 KiB): DRAM[0m
[0;32mI (446) heap_init: At 3FFB6D68 len 00029298 (164 KiB): DRAM[0m
[0;32mI (452) heap_init: At 3FFE0440 len 00003AE0 (14 KiB): D/IRAM[0m
[0;32mI (458) heap_init: At 3FFE4350 len 0001BCB0 (111 KiB): D/IRAM[0m
[0;32mI (465) heap_init: At 40095574 len 0000AA8C (42 KiB): IRAM[0m
[0;32mI (472) spi_flash: detected chip: generic[0m
[0;32mI (475) spi_flash: flash io: dio[0m
[0;33mW (479) spi_flash: Detected size(8192k) larger than the size in the binary image header(2048k). Using the size in the binary image header.[0m
[0;32mI (493) app_start: Starting scheduler on CPU0[0m
[0;32mI (498) app_start: Starting scheduler on CPU1[0m
[0;32mI (498) main_task: Started on CPU0[0m
[0;32mI (508) main_task: Calling app_main()[0m
I (538) wifi:wifi driver task: 3ffbc6ac, prio:23, stack:6656, core=0
I (538) wifi:wifi firmware version: ce9244d
I (538) wifi:wifi certification version: v7.0
I (538) wifi:config NVS flash: enabled
I (538) wifi:config nano formating: disabled
I (548) wifi:Init data frame dynamic rx buffer num: 32
I (548) wifi:Init management frame dynamic rx buffer num: 32
I (558) wifi:Init management short buffer num: 32
I (558) wifi:Init dynamic tx buffer num: 32
I (568) wifi:Init static rx buffer size: 1600
I (568) wifi:Init static rx buffer num: 10
I (568) wifi:Init dynamic rx buffer num: 32
[0;32mI (578) wifi_init: rx ba win: 6[0m
[0;32mI (578) wifi_init: tcpip mbox: 32[0m
[0;32mI (578) wifi_init: udp mbox: 6[0m
[0;32mI (588) wifi_init: tcp mbox: 6[0m
[0;32mI (588) wifi_init: tcp tx win: 5744[0m
[0;32mI (598) wifi_init: tcp rx win: 5744[0m
[0;32mI (598) wifi_init: tcp mss: 1440[0m
[0;32mI (598) wifi_init: WiFi IRAM OP enabled[0m
[0;32mI (608) wifi_init: WiFi RX IRAM OP enabled[0m
[0;32mI (608) phy_init: phy_version 4670,719f9f6,Feb 18 2021,17:07:07[0m
I (718) wifi:mode : softAP (0c:8b:95:95:cf:b1)
I (718) wifi:Total power save buffer number: 16
I (718) wifi:Init max length of beacon: 752/752
I (718) wifi:Init max length of beacon: 752/752
E (728) wifi:failed to post WiFi event=12 ret=259
Start scanning
ESP_ERROR_CHECK failed: esp_err_t 0xffffffff (ESP_FAIL) at 0x400d5b1c
file: "/IDF/proj/wifi/main/wifi.c" line 20
func: scanning
expression: esp_wifi_scan_start(&scan_config, true)

abort() was called at PC 0x40088c57 on core 0


Backtrace: 0x400819da:0x3ffb87b0 0x40088c61:0x3ffb87d0 0x4008fbc2:0x3ffb87f0 0x40088c57:0x3ffb8860 0x400d5b1c:0x3ffb8890 0x400d5c39:0x3ffb8f70 0x40135c37:0x3ffb9060 0x4008b4f9:0x3ffb9090




ELF file SHA256: 0265feb62b6324b2

Rebooting...
ets Jul 29 2019 12:21:46

rst:0xc (SW_CPU_RESET),boot:0x13 (SPI_FAST_FLASH_BOOT)
configsip: 271414342, SPIWP:0xee
clk_drv:0x00,q_drv:0x00,d_drv:0x00,cs0_drv:0x00,hd_drv:0x00,wp_drv:0x00
mode:DIO, clock div:2
load:0x3fff0030,len:7080
load:0x40078000,len:15584
load:0x40080400,len:4
ho 8 tail 4 room 4
load:0x40080404,len:3876
entry 0x4008064c
[0;32mI (31) boot: ESP-IDF v5.1.1 2nd stage bootloader[0m
[0;32mI (31) boot: compile time Oct 31 2023 16:43:06[0m
[0;32mI (31) boot: Multicore bootloader[0m
[0;32mI (36) boot: chip revision: v3.0[0m
[0;32mI (40) boot.esp32: SPI Speed      : 40MHz[0m
[0;32mI (44) boot.esp32: SPI Mode       : DIO[0m
[0;32mI (49) boot.esp32: SPI Flash Size : 2MB[0m
[0;32mI (53) boot: Enabling RNG early entropy source...[0m
[0;32mI (59) boot: Partition Table:[0m
[0;32mI (62) boot: ## Label            Usage          Type ST Offset   Length[0m
[0;32mI (70) boot:  0 nvs              WiFi data        01 02 00009000 00006000[0m
[0;32mI (77) boot:  1 phy_init         RF data          01 01 0000f000 00001000[0m
[0;32mI (85) boot:  2 factory          factory app      00 00 00010000 00100000[0m
[0;32mI (92) boot: End of partition table[0m
[0;32mI (96) esp_image: segment 0: paddr=00010020 vaddr=3f400020 size=1afe8h (110568) map[0m
[0;32mI (145) esp_image: segment 1: paddr=0002b010 vaddr=3ffb0000 size=036a8h ( 13992) load[0m
[0;32mI (151) esp_image: segment 2: paddr=0002e6c0 vaddr=40080000 size=01958h (  6488) load[0m
[0;32mI (153) esp_image: segment 3: paddr=00030020 vaddr=400d0020 size=67a20h (424480) map[0m
[0;32mI (312) esp_image: segment 4: paddr=00097a48 vaddr=40081958 size=13c1ch ( 80924) load[0m
[0;32mI (357) boot: Loaded app from partition at offset 0x10000[0m
[0;32mI (357) boot: Disabling RNG early entropy source...[0m
[0;32mI (368) cpu_start: Multicore app[0m
[0;32mI (369) cpu_start: Pro cpu up.[0m
[0;32mI (369) cpu_start: Starting app cpu, entry point is 0x40081374[0m
[0;32mI (356) cpu_start: App cpu up.[0m
[0;32mI (387) cpu_start: Pro cpu start user code[0m
[0;32mI (387) cpu_start: cpu freq: 160000000 Hz[0m
[0;32mI (387) cpu_start: Application information:[0m
[0;32mI (392) cpu_start: Project name:     wifi[0m
[0;32mI (396) cpu_start: App version:      v5.1.1[0m
[0;32mI (401) cpu_start: Compile time:     Oct 31 2023 16:43:40[0m
[0;32mI (407) cpu_start: ELF file SHA256:  0265feb62b6324b2...[0m
[0;32mI (413) cpu_start: ESP-IDF:          v5.1.1[0m
[0;32mI (418) cpu_start: Min chip rev:     v0.0[0m
[0;32mI (423) cpu_start: Max chip rev:     v3.99 [0m
[0;32mI (428) cpu_start: Chip rev:         v3.0[0m
[0;32mI (433) heap_init: Initializing. RAM available for dynamic allocation:[0m
[0;32mI (440) heap_init: At 3FFAE6E0 len 00001920 (6 KiB): DRAM[0m
[0;32mI (446) heap_init: At 3FFB6D68 len 00029298 (164 KiB): DRAM[0m
[0;32mI (452) heap_init: At 3FFE0440 len 00003AE0 (14 KiB): D/IRAM[0m
[0;32mI (458) heap_init: At 3FFE4350 len 0001BCB0 (111 KiB): D/IRAM[0m
[0;32mI (465) heap_init: At 40095574 len 0000AA8C (42 KiB): IRAM[0m
[0;32mI (472) spi_flash: detected chip: generic[0m
[0;32mI (475) spi_flash: flash io: dio[0m
[0;33mW (479) spi_flash: Detected size(8192k) larger than the size in the binary image header(2048k). Using the size in the binary image header.[0m
[0;32mI (493) app_start: Starting scheduler on CPU0[0m
[0;32mI (498) app_start: Starting scheduler on CPU1[0m
[0;32mI (498) main_task: Started on CPU0[0m
[0;32mI (508) main_task: Calling app_main()[0m
I (538) wifi:wifi driver task: 3ffbc6ac, prio:23, stack:6656, core=0
I (538) wifi:wifi firmware version: ce9244d
I (538) wifi:wifi certification version: v7.0
I (538) wifi:config NVS flash: enabled
I (538) wifi:config nano formating: disabled
I (548) wifi:Init data frame dynamic rx buffer num: 32
I (548) wifi:Init management frame dynamic rx buffer num: 32
I (558) wifi:Init management short buffer num: 32
I (558) wifi:Init dynamic tx buffer num: 32
I (568) wifi:Init static rx buffer size: 1600
I (568) wifi:Init static rx buffer num: 10
I (568) wifi:Init dynamic rx buffer num: 32
[0;32mI (578) wifi_init: rx ba win: 6[0m
[0;32mI (578) wifi_init: tcpip mbox: 32[0m
[0;32mI (578) wifi_init: udp mbox: 6[0m
[0;32mI (588) wifi_init: tcp mbox: 6[0m
[0;32mI (588) wifi_init: tcp tx win: 5744[0m
[0;32mI (598) wifi_init: tcp rx win: 5744[0m
[0;32mI (598) wifi_init: tcp mss: 1440[0m
[0;32mI (598) wifi_init: WiFi IRAM OP enabled[0m
[0;32mI (608) wifi_init: WiFi RX IRAM OP enabled[0m
[0;32mI (608) phy_init: phy_version 4670,719f9f6,Feb 18 2021,17:07:07[0m
I (718) wifi:mode : softAP (0c:8b:95:95:cf:b1)
I (718) wifi:Total power save buffer number: 16
I (718) wifi:Init max length of beacon: 752/752
I (718) wifi:Init max length of beacon: 752/752
E (728) wifi:failed to post WiFi event=12 ret=259
Start scanning
ESP_ERROR_CHECK failed: esp_err_t 0xffffffff (ESP_FAIL) at 0x400d5b1c
file: "/IDF/proj/wifi/main/wifi.c" line 20
func: scanning
expression: esp_wifi_scan_start(&scan_config, true)

abort() was called at PC 0x40088c57 on core 0


Backtrace: 0x400819da:0x3ffb87b0 0x40088c61:0x3ffb87d0 0x4008fbc2:0x3ffb87f0 0x40088c57:0x3ffb8860 0x400d5b1c:0x3ffb8890 0x400d5c39:0x3ffb8f70 0x40135c37:0x3ffb9060 0x4008b4f9:0x3ffb9090




ELF file SHA256: 0265feb62b6324b2

Rebooting...
ets Jul 29 2019 12:21:46

rst:0xc (SW_CPU_RESET),boot:0x13 (SPI_FAST_FLASH_BOOT)
configsip: 271414342, SPIWP:0xee
clk_drv:0x00,q_drv:0x00,d_drv:0x00,cs0_drv:0x00,hd_drv:0x00,wp_drv:0x00
mode:DIO, clock div:2
load:0x3fff0030,len:7080
load:0x40078000,len:15584
load:0x40080400,len:4
ho 8 tail 4 room 4
load:0x40080404,len:3876
entry 0x4008064c
[0;32mI (31) boot: ESP-IDF v5.1.1 2nd stage bootloader[0m
[0;32mI (31) boot: compile time Oct 31 2023 16:43:06[0m
[0;32mI (31) boot: Multicore bootloader[0m
[0;32mI (36) boot: chip revision: v3.0[0m
[0;32mI (40) boot.esp32: SPI Speed      : 40MHz[0m
[0;32mI (44) boot.esp32: SPI Mode       : DIO[0m
[0;32mI (49) boot.esp32: SPI Flash Size : 2MB[0m
[0;32mI (53) boot: Enabling RNG early entropy source...[0m
[0;32mI (59) boot: Partition Table:[0m
[0;32mI (62) boot: ## Label            Usage          Type ST Offset   Length[0m
[0;32mI (70) boot:  0 nvs              WiFi data        01 02 00009000 00006000[0m
[0;32mI (77) boot:  1 phy_init         RF data          01 01 0000f000 00001000[0m
[0;32mI (85) boot:  2 factory          factory app      00 00 00010000 00100000[0m
[0;32mI (92) boot: End of partition table[0m
[0;32mI (96) esp_image: segment 0: paddr=00010020 vaddr=3f400020 size=1afe8h (110568) map[0m
[0;32mI (145) esp_image: segment 1: paddr=0002b010 vaddr=3ffb0000 size=036a8h ( 13992) load[0m
[0;32mI (151) esp_image: segment 2: paddr=0002e6c0 vaddr=40080000 size=01958h (  6488) load[0m
[0;32mI (153) esp_image: segment 3: paddr=00030020 vaddr=400d0020 size=67a20h (424480) map[0m
[0;32mI (312) esp_image: segment 4: paddr=00097a48 vaddr=40081958 size=13c1ch ( 80924) load[0m
[0;32mI (357) boot: Loaded app from partition at offset 0x10000[0m
[0;32mI (357) boot: Disabling RNG early entropy source...[0m
[0;32mI (368) cpu_start: Multicore app[0m
[0;32mI (369) cpu_start: Pro cpu up.[0m
[0;32mI (369) cpu_start: Starting app cpu, entry point is 0x40081374[0m
[0;32mI (356) cpu_start: App cpu up.[0m
[0;32mI (387) cpu_start: Pro cpu start user code[0m
[0;32mI (387) cpu_start: cpu freq: 160000000 Hz[0m
[0;32mI (387) cpu_start: Application information:[0m
[0;32mI (392) cpu_start: Project name:     wifi[0m
[0;32mI (396) cpu_start: App version:      v5.1.1[0m
[0;32mI (401) cpu_start: Compile time:     Oct 31 2023 16:43:40[0m
[0;32mI (407) cpu_start: ELF file SHA256:  0265feb62b6324b2...[0m
[0;32mI (413) cpu_start: ESP-IDF:          v5.1.1[0m
[0;32mI (418) cpu_start: Min chip rev:     v0.0[0m
[0;32mI (423) cpu_start: Max chip rev:     v3.99 [0m
[0;32mI (428) cpu_start: Chip rev:         v3.0[0m
[0;32mI (433) heap_init: Initializing. RAM available for dynamic allocation:[0m
[0;32mI (440) heap_init: At 3FFAE6E0 len 00001920 (6 KiB): DRAM[0m
[0;32mI (446) heap_init: At 3FFB6D68 len 00029298 (164 KiB): DRAM[0m
[0;32mI (452) heap_init: At 3FFE0440 len 00003AE0 (14 KiB): D/IRAM[0m
[0;32mI (458) heap_init: At 3FFE4350 len 0001BCB0 (111 KiB): D/IRAM[0m
[0;32mI (465) heap_init: At 40095574 len 0000AA8C (42 KiB): IRAM[0m
[0;32mI (472) spi_flash: detected chip: generic[0m
[0;32mI (475) spi_flash: flash io: dio[0m
[0;33mW (479) spi_flash: Detected size(8192k) larger than the size in the binary image header(2048k). Using the size in the binary image header.[0m
[0;32mI (493) app_start: Starting scheduler on CPU0[0m
[0;32mI (498) app_start: Starting scheduler on CPU1[0m
[0;32mI (498) main_task: Started on CPU0[0m
[0;32mI (508) main_task: Calling app_main()[0m
I (538) wifi:wifi driver task: 3ffbc6ac, prio:23, stack:6656, core=0
I (538) wifi:wifi firmware version: ce9244d
I (538) wifi:wifi certification version: v7.0
I (538) wifi:config NVS flash: enabled
I (538) wifi:config nano formating: disabled
I (548) wifi:Init data frame dynamic rx buffer num: 32
I (548) wifi:Init management frame dynamic rx buffer num: 32
I (558) wifi:Init management short buffer num: 32
I (558) wifi:Init dynamic tx buffer num: 32
I (568) wifi:Init static rx buffer size: 1600
I (568) wifi:Init static rx buffer num: 10
I (568) wifi:Init dynamic rx buffer num: 32
[0;32mI (578) wifi_init: rx ba win: 6[0m
[0;32mI (578) wifi_init: tcpip mbox: 32[0m
[0;32mI (578) wifi_init: udp mbox: 6[0m
[0;32mI (588) wifi_init: tcp mbox: 6[0m
[0;32mI (588) wifi_init: tcp tx win: 5744[0m
[0;32mI (598) wifi_init: tcp rx win: 5744[0m
[0;32mI (598) wifi_init: tcp mss: 1440[0m
[0;32mI (598) wifi_init: WiFi IRAM OP enabled[0m
[0;32mI (608) wifi_init: WiFi RX IRAM OP enabled[0m
[0;32mI (608) phy_init: phy_version 4670,719f9f6,Feb 18 2021,17:07:07[0m
I (718) wifi:mode : softAP (0c:8b:95:95:cf:b1)
I (718) wifi:Total power save buffer number: 16
I (718) wifi:Init max length of beacon: 752/752
I (728) wifi:Init max length of beacon: 752/752
E (728) wifi:failed to post WiFi event=12 ret=259
Start scanning
ESP_ERROR_CHECK failed: esp_err_t 0xffffffff (ESP_FAIL) at 0x400d5b1c
file: "/IDF/proj/wifi/main/wifi.c" line 20
func: scanning
expression: esp_wifi_scan_start(&scan_config, true)

abort() was called at PC 0x40088c57 on core 0


Backtrace: 0x400819da:0x3ffb87b0 0x40088c61:0x3ffb87d0 0x4008fbc2:0x3ffb87f0 0x40088c57:0x3ffb8860 0x400d5b1c:0x3ffb8890 0x400d5c39:0x3ffb8f70 0x40135c37:0x3ffb9060 0x4008b4f9:0x3ffb9090




ELF file SHA256: 0265feb62b6324b2

Rebooting...
ets Jul 29 2019 12:21:46

rst:0xc (SW_CPU_RESET),boot:0x13 (SPI_FAST_FLASH_BOOT)
configsip: 271414342, SPIWP:0xee
clk_drv:0x00,q_drv:0x00,d_drv:0x00,cs0_drv:0x00,hd_drv:0x00,wp_drv:0x00
mode:DIO, clock div:2
load:0x3fff0030,len:7080
load:0x40078000,len:15584
