ets Jul 29 2019 12:21:46

rst:0x1 (POWERON_RESET),boot:0x17 (SPI_FAST_FLASH_BOOT)
configsip: 271414342, SPIWP:0xee
clk_drv:0x00,q_drv:0x00,d_drv:0x00,cs0_drv:0x00,hd_drv:0x00,wp_drv:0x00
mode:DIO, clock div:2
load:0x3fff0030,len:7080
load:0x40078000,len:15584
load:0x40080400,len:4
ho 8 tail 4 room 4
load:0x40080404,len:3876
entry 0x4008064c
[0;32mI (32) boot: ESP-IDF v5.1.1 2nd stage bootloader[0m
[0;32mI (32) boot: compile time Nov  2 2023 14:23:08[0m
[0;32mI (32) boot: Multicore bootloader[0m
[0;32mI (36) boot: chip revision: v3.0[0m
[0;32mI (40) boot.esp32: SPI Speed      : 40MHz[0m
[0;32mI (44) boot.esp32: SPI Mode       : DIO[0m
[0;32mI (49) boot.esp32: SPI Flash Size : 2MB[0m
[0;32mI (54) boot: Enabling RNG early entropy source...[0m
[0;32mI (59) boot: Partition Table:[0m
[0;32mI (63) boot: ## Label            Usage          Type ST Offset   Length[0m
[0;32mI (70) boot:  0 nvs              WiFi data        01 02 00009000 00006000[0m
[0;32mI (77) boot:  1 phy_init         RF data          01 01 0000f000 00001000[0m
[0;32mI (85) boot:  2 factory          factory app      00 00 00010000 00100000[0m
[0;32mI (92) boot: End of partition table[0m
[0;32mI (96) esp_image: segment 0: paddr=00010020 vaddr=3f400020 size=1eb24h (125732) map[0m
[0;32mI (150) esp_image: segment 1: paddr=0002eb4c vaddr=3ffb0000 size=014cch (  5324) load[0m
[0;32mI (153) esp_image: segment 2: paddr=00030020 vaddr=400d0020 size=7aeech (503532) map[0m
[0;32mI (338) esp_image: segment 3: paddr=000aaf14 vaddr=3ffb14cc size=021ech (  8684) load[0m
[0;32mI (342) esp_image: segment 4: paddr=000ad108 vaddr=40080000 size=15574h ( 87412) load[0m
[0;32mI (391) boot: Loaded app from partition at offset 0x10000[0m
[0;32mI (391) boot: Disabling RNG early entropy source...[0m
[0;32mI (402) cpu_start: Multicore app[0m
[0;32mI (403) cpu_start: Pro cpu up.[0m
[0;32mI (403) cpu_start: Starting app cpu, entry point is 0x40081378[0m
[0;32mI (0) cpu_start: App cpu up.[0m
[0;32mI (420) cpu_start: Pro cpu start user code[0m
[0;32mI (421) cpu_start: cpu freq: 160000000 Hz[0m
[0;32mI (421) cpu_start: Application information:[0m
[0;32mI (425) cpu_start: Project name:     wifi[0m
[0;32mI (430) cpu_start: App version:      v5.1.1[0m
[0;32mI (435) cpu_start: Compile time:     Nov  2 2023 14:21:02[0m
[0;32mI (441) cpu_start: ELF file SHA256:  f14f53d515c9ee60...[0m
[0;32mI (447) cpu_start: ESP-IDF:          v5.1.1[0m
[0;32mI (452) cpu_start: Min chip rev:     v0.0[0m
[0;32mI (456) cpu_start: Max chip rev:     v3.99 [0m
[0;32mI (461) cpu_start: Chip rev:         v3.0[0m
[0;32mI (466) heap_init: Initializing. RAM available for dynamic allocation:[0m
[0;32mI (473) heap_init: At 3FFAE6E0 len 00001920 (6 KiB): DRAM[0m
[0;32mI (479) heap_init: At 3FFB7738 len 000288C8 (162 KiB): DRAM[0m
[0;32mI (486) heap_init: At 3FFE0440 len 00003AE0 (14 KiB): D/IRAM[0m
[0;32mI (492) heap_init: At 3FFE4350 len 0001BCB0 (111 KiB): D/IRAM[0m
[0;32mI (498) heap_init: At 40095574 len 0000AA8C (42 KiB): IRAM[0m
[0;32mI (506) spi_flash: detected chip: generic[0m
[0;32mI (509) spi_flash: flash io: dio[0m
[0;33mW (513) spi_flash: Detected size(8192k) larger than the size in the binary image header(2048k). Using the size in the binary image header.[0m
[0;32mI (527) app_start: Starting scheduler on CPU0[0m
[0;32mI (531) app_start: Starting scheduler on CPU1[0m
[0;32mI (531) main_task: Started on CPU0[0m
[0;32mI (541) main_task: Calling app_main()[0m
I (571) wifi:wifi driver task: 3ffbe330, prio:23, stack:6656, core=0
I (571) wifi:wifi firmware version: ce9244d
I (571) wifi:wifi certification version: v7.0
I (571) wifi:config NVS flash: enabled
I (571) wifi:config nano formating: disabled
I (581) wifi:Init data frame dynamic rx buffer num: 80
I (581) wifi:Init management frame dynamic rx buffer num: 80
I (591) wifi:Init management short buffer num: 32
I (591) wifi:Init dynamic tx buffer num: 80
I (601) wifi:Init static rx buffer size: 1600
I (601) wifi:Init static rx buffer num: 10
I (601) wifi:Init dynamic rx buffer num: 80
[0;32mI (611) wifi_init: rx ba win: 6[0m
[0;32mI (611) wifi_init: tcpip mbox: 32[0m
[0;32mI (611) wifi_init: udp mbox: 6[0m
[0;32mI (621) wifi_init: tcp mbox: 6[0m
[0;32mI (621) wifi_init: tcp tx win: 5744[0m
[0;32mI (631) wifi_init: tcp rx win: 5744[0m
[0;32mI (631) wifi_init: tcp mss: 1440[0m
[0;32mI (631) wifi_init: WiFi IRAM OP enabled[0m
[0;32mI (641) wifi_init: WiFi RX IRAM OP enabled[0m
[0;32mI (661) phy_init: phy_version 4670,719f9f6,Feb 18 2021,17:07:07[0m
I (761) wifi:mode : softAP (0c:8b:95:95:cf:b1)
I (761) wifi:Total power save buffer number: 40
I (761) wifi:Init max length of beacon: 752/752
I (761) wifi:Init max length of beacon: 752/752
E (761) wifi:failed to post WiFi event=12 ret=259
ESP_ERROR_CHECK failed: esp_err_t 0xffffffff (ESP_FAIL) at 0x400d5ab4
file: "/IDF/proj/wifi/main/wifi.c" line 24
func: scann
expression: esp_wifi_scan_start(&scan_config, true)

abort() was called at PC 0x40088c57 on core 0


Backtrace: 0x400819de:0x3ffb90c0 0x40088c61:0x3ffb90e0 0x4008fbc2:0x3ffb9100 0x40088c57:0x3ffb9170 0x400d5ab4:0x3ffb91a0 0x400d5c58:0x3ffb9880 0x401490b3:0x3ffb9a30 0x4008b4f9:0x3ffb9a60




ELF file SHA256: f14f53d515c9ee60

Rebooting...
ets Jul 29 2019 12:21:46

rst:0xc (SW_CPU_RESET),boot:0x17 (SPI_FAST_FLASH_BOOT)
configsip: 271414342, SPIWP:0xee
clk_drv:0x00,q_drv:0x00,d_drv:0x00,cs0_drv:0x00,hd_drv:0x00,wp_drv:0x00
mode:DIO, clock div:2
load:0x3fff0030,len:7080
load:0x40078000,len:15584
load:0x40080400,len:4
ho 8 tail 4 room 4
load:0x40080404,len:3876
entry 0x4008064c
[0;32mI (31) boot: ESP-IDF v5.1.1 2nd stage bootloader[0m
[0;32mI (31) boot: compile time Nov  2 2023 14:23:08[0m
[0;32mI (31) boot: Multicore bootloader[0m
[0;32mI (36) boot: chip revision: v3.0[0m
[0;32mI (40) boot.esp32: SPI Speed      : 40MHz[0m
[0;32mI (44) boot.esp32: SPI Mode       : DIO[0m
[0;32mI (49) boot.esp32: SPI Flash Size : 2MB[0m
[0;32mI (53) boot: Enabling RNG early entropy source...[0m
[0;32mI (59) boot: Partition Table:[0m
[0;32mI (62) boot: ## Label            Usage          Type ST Offset   Length[0m
[0;32mI (70) boot:  0 nvs              WiFi data        01 02 00009000 00006000[0m
[0;32mI (77) boot:  1 phy_init         RF data          01 01 0000f000 00001000[0m
[0;32mI (85) boot:  2 factory          factory app      00 00 00010000 00100000[0m
[0;32mI (92) boot: End of partition table[0m
[0;32mI (96) esp_image: segment 0: paddr=00010020 vaddr=3f400020 size=1eb24h (125732) map[0m
[0;32mI (150) esp_image: segment 1: paddr=0002eb4c vaddr=3ffb0000 size=014cch (  5324) load[0m
[0;32mI (153) esp_image: segment 2: paddr=00030020 vaddr=400d0020 size=7aeech (503532) map[0m
[0;32mI (338) esp_image: segment 3: paddr=000aaf14 vaddr=3ffb14cc size=021ech (  8684) load[0m
[0;32mI (341) esp_image: segment 4: paddr=000ad108 vaddr=40080000 size=15574h ( 87412) load[0m
[0;32mI (391) boot: Loaded app from partition at offset 0x10000[0m
[0;32mI (391) boot: Disabling RNG early entropy source...[0m
[0;32mI (402) cpu_start: Multicore app[0m
[0;32mI (403) cpu_start: Pro cpu up.[0m
[0;32mI (403) cpu_start: Starting app cpu, entry point is 0x40081378[0m
[0;32mI (390) cpu_start: App cpu up.[0m
[0;32mI (421) cpu_start: Pro cpu start user code[0m
[0;32mI (421) cpu_start: cpu freq: 160000000 Hz[0m
[0;32mI (421) cpu_start: Application information:[0m
[0;32mI (425) cpu_start: Project name:     wifi[0m
[0;32mI (430) cpu_start: App version:      v5.1.1[0m
[0;32mI (435) cpu_start: Compile time:     Nov  2 2023 14:21:02[0m
[0;32mI (441) cpu_start: ELF file SHA256:  f14f53d515c9ee60...[0m
[0;32mI (447) cpu_start: ESP-IDF:          v5.1.1[0m
[0;32mI (452) cpu_start: Min chip rev:     v0.0[0m
[0;32mI (457) cpu_start: Max chip rev:     v3.99 [0m
[0;32mI (461) cpu_start: Chip rev:         v3.0[0m
[0;32mI (466) heap_init: Initializing. RAM available for dynamic allocation:[0m
[0;32mI (474) heap_init: At 3FFAE6E0 len 00001920 (6 KiB): DRAM[0m
[0;32mI (479) heap_init: At 3FFB7738 len 000288C8 (162 KiB): DRAM[0m
[0;32mI (486) heap_init: At 3FFE0440 len 00003AE0 (14 KiB): D/IRAM[0m
[0;32mI (492) heap_init: At 3FFE4350 len 0001BCB0 (111 KiB): D/IRAM[0m
[0;32mI (498) heap_init: At 40095574 len 0000AA8C (42 KiB): IRAM[0m
[0;32mI (506) spi_flash: detected chip: generic[0m
[0;32mI (509) spi_flash: flash io: dio[0m
[0;33mW (513) spi_flash: Detected size(8192k) larger than the size in the binary image header(2048k). Using the size in the binary image header.[0m
[0;32mI (527) app_start: Starting scheduler on CPU0[0m
[0;32mI (531) app_start: Starting scheduler on CPU1[0m
[0;32mI (531) main_task: Started on CPU0[0m
[0;32mI (541) main_task: Calling app_main()[0m
I (581) wifi:wifi driver task: 3ffbe330, prio:23, stack:6656, core=0
I (591) wifi:wifi firmware version: ce9244d
I (591) wifi:wifi certification version: v7.0
I (591) wifi:config NVS flash: enabled
I (591) wifi:config nano formating: disabled
I (591) wifi:Init data frame dynamic rx buffer num: 80
I (601) wifi:Init management frame dynamic rx buffer num: 80
I (601) wifi:Init management short buffer num: 32
I (611) wifi:Init dynamic tx buffer num: 80
I (611) wifi:Init static rx buffer size: 1600
I (611) wifi:Init static rx buffer num: 10
I (621) wifi:Init dynamic rx buffer num: 80
[0;32mI (621) wifi_init: rx ba win: 6[0m
[0;32mI (631) wifi_init: tcpip mbox: 32[0m
[0;32mI (631) wifi_init: udp mbox: 6[0m
[0;32mI (631) wifi_init: tcp mbox: 6[0m
[0;32mI (641) wifi_init: tcp tx win: 5744[0m
[0;32mI (641) wifi_init: tcp rx win: 5744[0m
[0;32mI (641) wifi_init: tcp mss: 1440[0m
[0;32mI (651) wifi_init: WiFi IRAM OP enabled[0m
[0;32mI (651) wifi_init: WiFi RX IRAM OP enabled[0m
[0;32mI (661) phy_init: phy_version 4670,719f9f6,Feb 18 2021,17:07:07[0m
I (771) wifi:mode : softAP (0c:8b:95:95:cf:b1)
I (771) wifi:Total power save buffer number: 40
I (771) wifi:Init max length of beacon: 752/752
I (771) wifi:Init max length of beacon: 752/752
E (771) wifi:failed to post WiFi event=12 ret=259
ESP_ERROR_CHECK failed: esp_err_t 0xffffffff (ESP_FAIL) at 0x400d5ab4
file: "/IDF/proj/wifi/main/wifi.c" line 24
func: scann
expression: esp_wifi_scan_start(&scan_config, true)

abort() was called at PC 0x40088c57 on core 0


Backtrace: 0x400819de:0x3ffb90c0 0x40088c61:0x3ffb90e0 0x4008fbc2:0x3ffb9100 0x40088c57:0x3ffb9170 0x400d5ab4:0x3ffb91a0 0x400d5c58:0x3ffb9880 0x401490b3:0x3ffb9a30 0x4008b4f9:0x3ffb9a60




ELF file SHA256: f14f53d515c9ee60

Rebooting...
ets Jul 29 2019 12:21:46

rst:0xc (SW_CPU_RESET),boot:0x17 (SPI_FAST_FLASH_BOOT)
configsip: 271414342, SPIWP:0xee
clk_drv:0x00,q_drv:0x00,d_drv:0x00,cs0_drv:0x00,hd_drv:0x00,wp_drv:0x00
mode:DIO, clock div:2
load:0x3fff0030,len:7080
load:0x40078000,len:15584
load:0x40080400,len:4
ho 8 tail 4 room 4
load:0x40080404,len:3876
entry 0x4008064c
[0;32mI (31) boot: ESP-IDF v5.1.1 2nd stage bootloader[0m
[0;32mI (31) boot: compile time Nov  2 2023 14:23:08[0m
[0;32mI (31) boot: Multicore bootloader[0m
[0;32mI (36) boot: chip revision: v3.0[0m
[0;32mI (40) boot.esp32: SPI Speed      : 40MHz[0m
[0;32mI (44) boot.esp32: SPI Mode       : DIO[0m
[0;32mI (49) boot.esp32: SPI Flash Size : 2MB[0m
[0;32mI (53) boot: Enabling RNG early entropy source...[0m
[0;32mI (59) boot: Partition Table:[0m
[0;32mI (62) boot: ## Label            Usage          Type ST Offset   Length[0m
[0;32mI (70) boot:  0 nvs              WiFi data        01 02 00009000 00006000[0m
[0;32mI (77) boot:  1 phy_init         RF data          01 01 0000f000 00001000[0m
[0;32mI (85) boot:  2 factory          factory app      00 00 00010000 00100000[0m
[0;32mI (92) boot: End of partition table[0m
[0;32mI (96) esp_image: segment 0: paddr=00010020 vaddr=3f400020 size=1eb24h (125732) map[0m
[0;32mI (150) esp_image: segment 1: paddr=0002eb4c vaddr=3ffb0000 size=014cch (  5324) load[0m
[0;32mI (153) esp_image: segment 2: paddr=00030020 vaddr=400d0020 size=7aeech (503532) map[0m
[0;32mI (338) esp_image: segment 3: paddr=000aaf14 vaddr=3ffb14cc size=021ech (  8684) load[0m
[0;32mI (341) esp_image: segment 4: paddr=000ad108 vaddr=40080000 size=15574h ( 87412) load[0m
[0;32mI (391) boot: Loaded app from partition at offset 0x10000[0m
[0;32mI (391) boot: Disabling RNG early entropy source...[0m
[0;32mI (402) cpu_start: Multicore app[0m
[0;32mI (403) cpu_start: Pro cpu up.[0m
[0;32mI (403) cpu_start: Starting app cpu, entry point is 0x40081378[0m
[0;32mI (390) cpu_start: App cpu up.[0m
[0;32mI (421) cpu_start: Pro cpu start user code[0m
[0;32mI (421) cpu_start: cpu freq: 160000000 Hz[0m
[0;32mI (421) cpu_start: Application information:[0m
[0;32mI (425) cpu_start: Project name:     wifi[0m
[0;32mI (430) cpu_start: App version:      v5.1.1[0m
[0;32mI (435) cpu_start: Compile time:     Nov  2 2023 14:21:02[0m
[0;32mI (441) cpu_start: ELF file SHA256:  f14f53d515c9ee60...[0m
[0;32mI (447) cpu_start: ESP-IDF:          v5.1.1[0m
[0;32mI (452) cpu_start: Min chip rev:     v0.0[0m
[0;32mI (457) cpu_start: Max chip rev:     v3.99 [0m
[0;32mI (461) cpu_start: Chip rev:         v3.0[0m
[0;32mI (466) heap_init: Initializing. RAM available for dynamic allocation:[0m
[0;32mI (474) heap_init: At 3FFAE6E0 len 00001920 (6 KiB): DRAM[0m
[0;32mI (479) heap_init: At 3FFB7738 len 000288C8 (162 KiB): DRAM[0m
[0;32mI (486) heap_init: At 3FFE0440 len 00003AE0 (14 KiB): D/IRAM[0m
[0;32mI (492) heap_init: At 3FFE4350 len 0001BCB0 (111 KiB): D/IRAM[0m
[0;32mI (498) heap_init: At 40095574 len 0000AA8C (42 KiB): IRAM[0m
[0;32mI (506) spi_flash: detected chip: generic[0m
[0;32mI (509) spi_flash: flash io: dio[0m
[0;33mW (513) spi_flash: Detected size(8192k) larger than the size in the binary image header(2048k). Using the size in the binary image header.[0m
[0;32mI (527) app_start: Starting scheduler on CPU0[0m
[0;32mI (531) app_start: Starting scheduler on CPU1[0m
[0;32mI (531) main_task: Started on CPU0[0m
[0;32mI (541) main_task: Calling app_main()[0m
I (581) wifi:wifi driver task: 3ffbe330, prio:23, stack:6656, core=0
I (591) wifi:wifi firmware version: ce9244d
I (591) wifi:wifi certification version: v7.0
I (591) wifi:config NVS flash: enabled
I (591) wifi:config nano formating: disabled
I (591) wifi:Init data frame dynamic rx buffer num: 80
I (601) wifi:Init management frame dynamic rx buffer num: 80
I (601) wifi:Init management short buffer num: 32
I (611) wifi:Init dynamic tx buffer num: 80
I (611) wifi:Init static rx buffer size: 1600
I (611) wifi:Init static rx buffer num: 10
I (621) wifi:Init dynamic rx buffer num: 80
[0;32mI (621) wifi_init: rx ba win: 6[0m
[0;32mI (631) wifi_init: tcpip mbox: 32[0m
[0;32mI (631) wifi_init: udp mbox: 6[0m
[0;32mI (631) wifi_init: tcp mbox: 6[0m
[0;32mI (641) wifi_init: tcp tx win: 5744[0m
[0;32mI (641) wifi_init: tcp rx win: 5744[0m
[0;32mI (641) wifi_init: tcp mss: 1440[0m
[0;32mI (651) wifi_init: WiFi IRAM OP enabled[0m
[0;32mI (651) wifi_init: WiFi RX IRAM OP enabled[0m
[0;32mI (661) phy_init: phy_version 4670,719f9f6,Feb 18 2021,17:07:07[0m
I (771) wifi:mode : softAP (0c:8b:95:95:cf:b1)
I (771) wifi:Total power save buffer number: 40
I (771) wifi:Init max length of beacon: 752/752
I (771) wifi:Init max length of beacon: 752/752
E (771) wifi:failed to post WiFi event=12 ret=259
ESP_ERROR_CHECK failed: esp_err_t 0xffffffff (ESP_FAIL) at 0x400d5ab4
file: "/IDF/proj/wifi/main/wifi.c" line 24
func: scann
expression: esp_wifi_scan_start(&scan_config, true)

abort() was called at PC 0x40088c57 on core 0


Backtrace: 0x400819de:0x3ffb90c0 0x40088c61:0x3ffb90e0 0x4008fbc2:0x3ffb9100 0x40088c57:0x3ffb9170 0x400d5ab4:0x3ffb91a0 0x400d5c58:0x3ffb9880 0x401490b3:0x3ffb9a30 0x4008b4f9:0x3ffb9a60




ELF file SHA256: f14f53d515c9ee60

Rebooting...
ets Jul 29 2019 12:21:46

rst:0xc (SW_CPU_RESET),boot:0x17 (SPI_FAST_FLASH_BOOT)
configsip: 271414342, SPIWP:0xee
clk_drv:0x00,q_drv:0x00,d_drv:0x00,cs0_drv:0x00,hd_drv:0x00,wp_drv:0x00
mode:DIO, clock div:2
load:0x3fff0030,len:7080
load:0x40078000,len:15584
load:0x40080400,len:4
ho 8 tail 4 room 4
load:0x40080404,len:3876
entry 0x4008064c
[0;32mI (31) boot: ESP-IDF v5.1.1 2nd stage bootloader[0m
[0;32mI (31) boot: compile time Nov  2 2023 14:23:08[0m
[0;32mI (31) boot: Multicore bootloader[0m
[0;32mI (36) boot: chip revision: v3.0[0m
[0;32mI (40) boot.esp32: SPI Speed      : 40MHz[0m
[0;32mI (44) boot.esp32: SPI Mode       : DIO[0m
[0;32mI (49) boot.esp32: SPI Flash Size : 2MB[0m
[0;32mI (53) boot: Enabling RNG early entropy source...[0m
[0;32mI (59) boot: Partition Table:[0m
[0;32mI (62) boot: ## Label            Usage          Type ST Offset   Length[0m
[0;32mI (70) boot:  0 nvs              WiFi data        01 02 00009000 00006000[0m
[0;32mI (77) boot:  1 phy_init         RF data          01 01 0000f000 00001000[0m
[0;32mI (85) boot:  2 factory          factory app      00 00 00010000 00100000[0m
[0;32mI (92) boot: End of partition table[0m
[0;32mI (96) esp_image: segment 0: paddr=00010020 vaddr=3f400020 size=1eb24h (125732) map[0m
[0;32mI (150) esp_image: segment 1: paddr=0002eb4c vaddr=3ffb0000 size=014cch (  5324) load[0m
[0;32mI (153) esp_image: segment 2: paddr=00030020 vaddr=400d0020 size=7aeech (503532) map[0m
[0;32mI (338) esp_image: segment 3: paddr=000aaf14 vaddr=3ffb14cc size=021ech (  8684) load[0m
[0;32mI (341) esp_image: segment 4: paddr=000ad108 vaddr=40080000 size=15574h ( 87412) load[0m
[0;32mI (391) boot: Loaded app from partition at offset 0x10000[0m
[0;32mI (391) boot: Disabling RNG early entropy source...[0m
[0;32mI (402) cpu_start: Multicore app[0m
[0;32mI (403) cpu_start: Pro cpu up.[0m
[0;32mI (403) cpu_start: Starting app cpu, entry point is 0x40081378[0m
[0;32mI (390) cpu_start: App cpu up.[0m
[0;32mI (421) cpu_start: Pro cpu start user code[0m
[0;32mI (421) cpu_start: cpu freq: 160000000 Hz[0m
[0;32mI (421) cpu_start: Application information:[0m
[0;32mI (425) cpu_start: Project name:     wifi[0m
[0;32mI (430) cpu_start: App version:      v5.1.1[0m
[0;32mI (435) cpu_start: Compile time:     Nov  2 2023 14:21:02[0m
[0;32mI (441) cpu_start: ELF file SHA256:  f14f53d515c9ee60...[0m
[0;32mI (447) cpu_start: ESP-IDF:          v5.1.1[0m
[0;32mI (452) cpu_start: Min chip rev:     v0.0[0m
[0;32mI (457) cpu_start: Max chip rev:     v3.99 [0m
[0;32mI (461) cpu_start: Chip rev:         v3.0[0m
[0;32mI (466) heap_init: Initializing. RAM available for dynamic allocation:[0m
[0;32mI (474) heap_init: At 3FFAE6E0 len 00001920 (6 KiB): DRAM[0m
[0;32mI (479) heap_init: At 3FFB7738 len 000288C8 (162 KiB): DRAM[0m
[0;32mI (486) heap_init: At 3FFE0440 len 00003AE0 (14 KiB): D/IRAM[0m
[0;32mI (492) heap_init: At 3FFE4350 len 0001BCB0 (111 KiB): D/IRAM[0m
[0;32mI (498) heap_init: At 40095574 len 0000AA8C (42 KiB): IRAM[0m
[0;32mI (506) spi_flash: detected chip: generic[0m
[0;32mI (509) spi_flash: flash io: dio[0m
[0;33mW (513) spi_flash: Detected size(8192k) larger than the size in the binary image header(2048k). Using the size in the binary image header.[0m
[0;32mI (527) app_start: Starting scheduler on CPU0[0m
[0;32mI (531) app_start: Starting scheduler on CPU1[0m
[0;32mI (531) main_task: Started on CPU0[0m
[0;32mI (541) main_task: Calling app_main()[0m
I (581) wifi:wifi driver task: 3ffbe330, prio:23, stack:6656, core=0
I (591) wifi:wifi firmware version: ce9244d
I (591) wifi:wifi certification version: v7.0
I (591) wifi:config NVS flash: enabled
I (591) wifi:config nano formating: disabled
I (591) wifi:Init data frame dynamic rx buffer num: 80
I (601) wifi:Init management frame dynamic rx buffer num: 80
I (601) wifi:Init management short buffer num: 32
I (611) wifi:Init dynamic tx buffer num: 80
I (611) wifi:Init static rx buffer size: 1600
I (611) wifi:Init static rx buffer num: 10
I (621) wifi:Init dynamic rx buffer num: 80
[0;32mI (621) wifi_init: rx ba win: 6[0m
[0;32mI (631) wifi_init: tcpip mbox: 32[0m
[0;32mI (631) wifi_init: udp mbox: 6[0m
[0;32mI (631) wifi_init: tcp mbox: 6[0m
[0;32mI (641) wifi_init: tcp tx win: 5744[0m
[0;32mI (641) wifi_init: tcp rx win: 5744[0m
[0;32mI (641) wifi_init: tcp mss: 1440[0m
[0;32mI (651) wifi_init: WiFi IRAM OP enabled[0m
[0;32mI (651) wifi_init: WiFi RX IRAM OP enabled[0m
[0;32mI (661) phy_init: phy_version 4670,719f9f6,Feb 18 2021,17:07:07[0m
I (771) wifi:mode : softAP (0c:8b:95:95:cf:b1)
I (771) wifi:Total power save buffer number: 40
I (771) wifi:Init max length of beacon: 752/752
I (771) wifi:Init max length of beacon: 752/752
E (771) wifi:failed to post WiFi event=12 ret=259
ESP_ERROR_CHECK failed: esp_err_t 0xffffffff (ESP_FAIL) at 0x400d5ab4
file: "/IDF/proj/wifi/main/wifi.c" line 24
func: scann
expression: esp_wifi_scan_start(&scan_config, true)

abort() was called at PC 0x40088c57 on core 0


Backtrace: 0x400819de:0x3ffb90c0 0x40088c61:0x3ffb90e0 0x4008fbc2:0x3ffb9100 0x40088c57:0x3ffb9170 0x400d5ab4:0x3ffb91a0 0x400d5c58:0x3ffb9880 0x401490b3:0x3ffb9a30 0x4008b4f9:0x3ffb9a60




ELF file SHA256: f14f53d515c9ee60

Rebooting...
ets Jul 29 2019 12:21:46

rst:0xc (SW_CPU_RESET),boot:0x17 (SPI_FAST_FLASH_BOOT)
configsip: 271414342, SPIWP:0xee
clk_drv:0x00,q_drv:0x00,d_drv:0x00,cs0_drv:0x00,hd_drv:0x00,wp_drv:0x00
mode:DIO, clock div:2
load:0x3fff0030,len:7080
load:0x40078000,len:15584
load:0x40080400,len:4
ho 8 tail 4 room 4
load:0x40080404,len:3876
entry 0x4008064c
[0;32mI (31) boot: ESP-IDF v5.1.1 2nd stage bootloader[0m
[0;32mI (31) boot: compile time Nov  2 2023 14:23:08[0m
[0;32mI (31) boot: Multicore bootloader[0m
[0;32mI (36) boot: chip revision: v3.0[0m
[0;32mI (40) boot.esp32: SPI Speed      : 40MHz[0m
[0;32mI (44) boot.esp32: SPI Mode       : DIO[0m
[0;32mI (49) boot.esp32: SPI Flash Size : 2MB[0m
[0;32mI (53) boot: Enabling RNG early entropy source...[0m
[0;32mI (59) boot: Partition Table:[0m
[0;32mI (62) boot: ## Label            Usage          Type ST Offset   Length[0m
[0;32mI (70) boot:  0 nvs              WiFi data        01 02 00009000 00006000[0m
[0;32mI (77) boot:  1 phy_init         RF data          01 01 0000f000 00001000[0m
[0;32mI (85) boot:  2 factory          factory app      00 00 00010000 00100000[0m
[0;32mI (92) boot: End of partition table[0m
[0;32mI (96) esp_image: segment 0: paddr=00010020 vaddr=3f400020 size=1eb24h (125732) map[0m
[0;32mI (150) esp_image: segment 1: paddr=0002eb4c vaddr=3ffb0000 size=014cch (  5324) load[0m
[0;32mI (153) esp_image: segment 2: paddr=00030020 vaddr=400d0020 size=7aeech (503532) map[0m
[0;32mI (338) esp_image: segment 3: paddr=000aaf14 vaddr=3ffb14cc size=021ech (  8684) load[0m
[0;32mI (341) esp_image: segment 4: paddr=000ad108 vaddr=40080000 size=15574h ( 87412) load[0m
[0;32mI (391) boot: Loaded app from partition at offset 0x10000[0m
[0;32mI (391) boot: Disabling RNG early entropy source...[0m
[0;32mI (402) cpu_start: Multicore app[0m
[0;32mI (403) cpu_start: Pro cpu up.[0m
[0;32mI (403) cpu_start: Starting app cpu, entry point is 0x40081378[0m
[0;32mI (390) cpu_start: App cpu up.[0m
[0;32mI (421) cpu_start: Pro cpu start user code[0m
[0;32mI (421) cpu_start: cpu freq: 160000000 Hz[0m
[0;32mI (421) cpu_start: Application information:[0m
[0;32mI (425) cpu_start: Project name:     wifi[0m
[0;32mI (430) cpu_start: App version:      v5.1.1[0m
[0;32mI (435) cpu_start: Compile time:     Nov  2 2023 14:21:02[0m
[0;32mI (441) cpu_start: ELF file SHA256:  f14f53d515c9ee60...[0m
[0;32mI (447) cpu_start: ESP-IDF:          v5.1.1[0m
[0;32mI (452) cpu_start: Min chip rev:     v0.0[0m
[0;32mI (457) cpu_start: Max chip rev:     v3.99 [0m
[0;32mI (461) cpu_start: Chip rev:         v3.0[0m
[0;32mI (466) heap_init: Initializing. RAM available for dynamic allocation:[0m
[0;32mI (473) heap_init: At 3FFAE6E0 len 00001920 (6 KiB): DRAM[0m
[0;32mI (479) heap_init: At 3FFB7738 len 000288C8 (162 KiB): DRAM[0m
[0;32mI (486) heap_init: At 3FFE0440 len 00003AE0 (14 KiB): D/IRAM[0m
[0;32mI (492) heap_init: At 3FFE4350 len 0001BCB0 (111 KiB): D/IRAM[0m
[0;32mI (498) heap_init: At 40095574 len 0000AA8C (42 KiB): IRAM[0m
[0;32mI (506) spi_flash: detected chip: generic[0m
[0;32mI (509) spi_flash: flash io: dio[0m
[0;33mW (513) spi_flash: Detected size(8192k) larger than the size in the binary image header(2048k). Using the size in the binary image header.[0m
[0;32mI (527) app_start: Starting scheduler on CPU0[0m
[0;32mI (531) app_start: Starting scheduler on CPU1[0m
[0;32mI (531) main_task: Started on CPU0[0m
[0;32mI (541) main_task: Calling app_main()[0m
I (581) wifi:wifi driver task: 3ffbe330, prio:23, stack:6656, core=0
I (591) wifi:wifi firmware version: ce9244d
I (591) wifi:wifi certification version: v7.0
I (591) wifi:config NVS flash: enabled
I (591) wifi:config nano formating: disabled
I (591) wifi:Init data frame dynamic rx buffer num: 80
I (601) wifi:Init management frame dynamic rx buffer num: 80
I (601) wifi:Init management short buffer num: 32
I (611) wifi:Init dynamic tx buffer num: 80
I (611) wifi:Init static rx buffer size: 1600
I (611) wifi:Init static rx buffer num: 10
I (621) wifi:Init dynamic rx buffer num: 80
[0;32mI (621) wifi_init: rx ba win: 6[0m
[0;32mI (631) wifi_init: tcpip mbox: 32[0m
[0;32mI (631) wifi_init: udp mbox: 6[0m
[0;32mI (631) wifi_init: tcp mbox: 6[0m
[0;32mI (641) wifi_init: tcp tx win: 5744[0m
[0;32mI (641) wifi_init: tcp rx win: 5744[0m
[0;32mI (641) wifi_init: tcp mss: 1440[0m
[0;32mI (651) wifi_init: WiFi IRAM OP enabled[0m
[0;32mI (651) wifi_init: WiFi RX IRAM OP enabled[0m
[0;32mI (661) phy_init: phy_version 4670,719f9f6,Feb 18 2021,17:07:07[0m
I (771) wifi:mode : softAP (0c:8b:95:95:cf:b1)
I (771) wifi:Total power save buffer number: 40
I (771) wifi:Init max length of beacon: 752/752
I (771) wifi:Init max length of beacon: 752/752
E (771) wifi:failed to post WiFi event=12 ret=259
ESP_ERROR_CHECK failed: esp_err_t 0xffffffff (ESP_FAIL) at 0x400d5ab4
file: "/IDF/proj/wifi/main/wifi.c" line 24
func: scann
expression: esp_wifi_scan_start(&scan_config, true)

abort() was called at PC 0x40088c57 on core 0


Backtrace: 0x400819de:0x3ffb90c0 0x40088c61:0x3ffb90e0 0x4008fbc2:0x3ffb9100 0x40088c57:0x3ffb9170 0x400d5ab4:0x3ffb91a0 0x400d5c58:0x3ffb9880 0x401490b3:0x3ffb9a30 0x4008b4f9:0x3ffb9a60




ELF file SHA256: f14f53d515c9ee60

Rebooting...
ets Jul 29 2019 12:21:46

rst:0xc (SW_CPU_RESET),boot:0x17 (SPI_FAST_FLASH_BOOT)
configsip: 271414342, SPIWP:0xee
clk_drv:0x00,q_drv:0x00,d_drv:0x00,cs0_drv:0x00,hd_drv:0x00,wp_drv:0x00
mode:DIO, clock div:2
load:0x3fff0030,len:7080
load:0x40078000,len:15584
load:0x40080400,len:4
ho 8 tail 4 room 4
load:0x40080404,len:3876
entry 0x4008064c
[0;32mI (31) boot: ESP-IDF v5.1.1 2nd stage bootloader[0m
[0;32mI (31) boot: compile time Nov  2 2023 14:23:08[0m
[0;32mI (31) boot: Multicore bootloader[0m
[0;32mI (36) boot: chip revision: v3.0[0m
[0;32mI (40) boot.esp32: SPI Speed      : 40MHz[0m
[0;32mI (44) boot.esp32: SPI Mode       : DIO[0m
[0;32mI (49) boot.esp32: SPI Flash Size : 2MB[0m
[0;32mI (53) boot: Enabling RNG early entropy source...[0m
[0;32mI (59) boot: Partition Table:[0m
[0;32mI (62) boot: ## Label            Usage          Type ST Offset   Length[0m
[0;32mI (70) boot:  0 nvs              WiFi data        01 02 00009000 00006000[0m
[0;32mI (77) boot:  1 phy_init         RF data          01 01 0000f000 00001000[0m
[0;32mI (85) boot:  2 factory          factory app      00 00 00010000 00100000[0m
[0;32mI (92) boot: End of partition table[0m
[0;32mI (96) esp_image: segment 0: paddr=00010020 vaddr=3f400020 size=1eb24h (125732) map[0m
[0;32mI (150) esp_image: segment 1: paddr=0002eb4c vaddr=3ffb0000 size=014cch (  5324) load[0m
[0;32mI (153) esp_image: segment 2: paddr=00030020 vaddr=400d0020 size=7aeech (503532) map[0m
[0;32mI (338) esp_image: segment 3: paddr=000aaf14 vaddr=3ffb14cc size=021ech (  8684) load[0m
[0;32mI (341) esp_image: segment 4: paddr=000ad108 vaddr=40080000 size=15574h ( 87412) load[0m
[0;32mI (391) boot: Loaded app from partition at offset 0x10000[0m
[0;32mI (391) boot: Disabling RNG early entropy source...[0m
[0;32mI (402) cpu_start: Multicore app[0m
[0;32mI (403) cpu_start: Pro cpu up.[0m
[0;32mI (403) cpu_start: Starting app cpu, entry point is 0x40081378[0m
[0;32mI (390) cpu_start: App cpu up.[0m
[0;32mI (421) cpu_start: Pro cpu start user code[0m
[0;32mI (421) cpu_start: cpu freq: 160000000 Hz[0m
[0;32mI (421) cpu_start: Application information:[0m
[0;32mI (425) cpu_start: Project name:     wifi[0m
[0;32mI (430) cpu_start: App version:      v5.1.1[0m
[0;32mI (435) cpu_start: Compile time:     Nov  2 2023 14:21:02[0m
[0;32mI (441) cpu_start: ELF file SHA256:  f14f53d515c9ee60...[0m
[0;32mI (447) cpu_start: ESP-IDF:          v5.1.1[0m
[0;32mI (452) cpu_start: Min chip rev:     v0.0[0m
[0;32mI (457) cpu_start: Max chip rev:     v3.99 [0m
[0;32mI (461) cpu_start: Chip rev:         v3.0[0m
[0;32mI (466) heap_init: Initializing. RAM available for dynamic allocation:[0m
[0;32mI (473) heap_init: At 3FFAE6E0 len 00001920 (6 KiB): DRAM[0m
[0;32mI (479) heap_init: At 3FFB7738 len 000288C8 (162 KiB): DRAM[0m
[0;32mI (486) heap_init: At 3FFE0440 len 00003AE0 (14 KiB): D/IRAM[0m
[0;32mI (492) heap_init: At 3FFE4350 len 0001BCB0 (111 KiB): D/IRAM[0m
[0;32mI (498) heap_init: At 40095574 len 0000AA8C (42 KiB): IRAM[0m
[0;32mI (506) spi_flash: detected chip: generic[0m
[0;32mI (509) spi_flash: flash io: dio[0m
[0;33mW (513) spi_flash: Detected size(8192k) larger than the size in the binary image header(2048k). Using the size in the binary image header.[0m
[0;32mI (527) app_start: Starting scheduler on CPU0[0m
[0;32mI (531) app_start: Starting scheduler on CPU1[0m
[0;32mI (531) main_task: Started on CPU0[0m
[0;32mI (541) main_task: Calling app_main()[0m
I (581) wifi:wifi driver task: 3ffbe330, prio:23, stack:6656, core=0
I (591) wifi:wifi firmware version: ce9244d
I (591) wifi:wifi certification version: v7.0
I (591) wifi:config NVS flash: enabled
I (591) wifi:config nano formating: disabled
I (591) wifi:Init data frame dynamic rx buffer num: 80
I (601) wifi:Init management frame dynamic rx buffer num: 80
I (601) wifi:Init management short buffer num: 32
I (611) wifi:Init dynamic tx buffer num: 80
I (611) wifi:Init static rx buffer size: 1600
I (611) wifi:Init static rx buffer num: 10
I (621) wifi:Init dynamic rx buffer num: 80
[0;32mI (621) wifi_init: rx ba win: 6[0m
[0;32mI (631) wifi_init: tcpip mbox: 32[0m
[0;32mI (631) wifi_init: udp mbox: 6[0m
[0;32mI (631) wifi_init: tcp mbox: 6[0m
[0;32mI (641) wifi_init: tcp tx win: 5744[0m
[0;32mI (641) wifi_init: tcp rx win: 5744[0m
[0;32mI (641) wifi_init: tcp mss: 1440[0m
[0;32mI (651) wifi_init: WiFi IRAM OP enabled[0m
[0;32mI (651) wifi_init: WiFi RX IRAM OP enabled[0m
[0;32mI (661) phy_init: phy_version 4670,719f9f6,Feb 18 2021,17:07:07[0m
I (771) wifi:mode : softAP (0c:8b:95:95:cf:b1)
I (771) wifi:Total power save buffer number: 40
I (771) wifi:Init max length of beacon: 752/752
I (771) wifi:Init max length of beacon: 752/752
E (771) wifi:failed to post WiFi event=12 ret=259
ESP_ERROR_CHECK failed: esp_err_t 0xffffffff (ESP_FAIL) at 0x400d5ab4
file: "/IDF/proj/wifi/main/wifi.c" line 24
func: scann
expression: esp_wifi_scan_start(&scan_config, true)

abort() was called at PC 0x40088c57 on core 0


Backtrace: 0x400819de:0x3ffb90c0 0x40088c61:0x3ffb90e0 0x4008fbc2:0x3ffb9100 0x40088c57:0x3ffb9170 0x400d5ab4:0x3ffb91a0 0x400d5c58:0x3ffb9880 0x401490b3:0x3ffb9a30 0x4008b4f9:0x3ffb9a60




ELF file SHA256: f14f53d515c9ee60

Rebooting...
ets Jul 29 2019 12:21:46

rst:0xc (SW_CPU_RESET),boot:0x17 (SPI_FAST_FLASH_BOOT)
configsip: 271414342, SPIWP:0xee
clk_drv:0x00,q_drv:0x00,d_drv:0x00,cs0_drv:0x00,hd_drv:0x00,wp_drv:0x00
mode:DIO, clock div:2
load:0x3fff0030,len:7080
load:0x40078000,len:15584
load:0x40080400,len:4
ho 8 tail 4 room 4
load:0x40080404,len:3876
entry 0x4008064c
[0;32mI (31) boot: ESP-IDF v5.1.1 2nd stage bootloader[0m
[0;32mI (31) boot: compile time Nov  2 2023 14:23:08[0m
[0;32mI (31) boot: Multicore bootloader[0m
[0;32mI (36) boot: chip revision: v3.0[0m
[0;32mI (40) boot.esp32: SPI Speed      : 40MHz[0m
[0;32mI (44) boot.esp32: SPI Mode       : DIO[0m
[0;32mI (49) boot.esp32: SPI Flash Size : 2MB[0m
[0;32mI (53) boot: Enabling RNG early entropy source...[0m
[0;32mI (59) boot: Partition Table:[0m
[0;32mI (62) boot: ## Label            Usage          Type ST Offset   Length[0m
[0;32mI (70) boot:  0 nvs              WiFi data        01 02 00009000 00006000[0m
[0;32mI (77) boot:  1 phy_init         RF data          01 01 0000f000 00001000[0m
[0;32mI (85) boot:  2 factory          factory app      00 00 00010000 00100000[0m
[0;32mI (92) boot: End of partition table[0m
[0;32mI (96) esp_image: segment 0: paddr=00010020 vaddr=3f400020 size=1eb24h (125732) map[0m
[0;32mI (150) esp_image: segment 1: paddr=0002eb4c vaddr=3ffb0000 size=014cch (  5324) load[0m
[0;32mI (153) esp_image: segment 2: paddr=00030020 vaddr=400d0020 size=7aeech (503532) map[0m
[0;32mI (338) esp_image: segment 3: paddr=000aaf14 vaddr=3ffb14cc size=021ech (  8684) load[0m
[0;32mI (341) esp_image: segment 4: paddr=000ad108 vaddr=40080000 size=15574h ( 87412) load[0m
[0;32mI (391) boot: Loaded app from partition at offset 0x10000[0m
[0;32mI (391) boot: Disabling RNG early entropy source...[0m
[0;32mI (402) cpu_start: Multicore app[0m
[0;32mI (403) cpu_start: Pro cpu up.[0m
[0;32mI (403) cpu_start: Starting app cpu, entry point is 0x40081378[0m
[0;32mI (390) cpu_start: App cpu up.[0m
[0;32mI (421) cpu_start: Pro cpu start user code[0m
[0;32mI (421) cpu_start: cpu freq: 160000000 Hz[0m
[0;32mI (421) cpu_start: Application information:[0m
[0;32mI (425) cpu_start: Project name:     wifi[0m
[0;32mI (430) cpu_start: App version:      v5.1.1[0m
[0;32mI (435) cpu_start: Compile time:     Nov  2 2023 14:21:02[0m
[0;32mI (441) cpu_start: ELF file SHA256:  f14f53d515c9ee60...[0m
[0;32mI (447) cpu_start: ESP-IDF:          v5.1.1[0m
[0;32mI (452) cpu_start: Min chip rev:     v0.0[0m
[0;32mI (457) cpu_start: Max chip rev:     v3.99 [0m
[0;32mI (461) cpu_start: Chip rev:         v3.0[0m
[0;32mI (466) heap_init: Initializing. RAM available for dynamic allocation:[0m
[0;32mI (474) heap_init: At 3FFAE6E0 len 00001920 (6 KiB): DRAM[0m
[0;32mI (479) heap_init: At 3FFB7738 len 000288C8 (162 KiB): DRAM[0m
[0;32mI (486) heap_init: At 3FFE0440 len 00003AE0 (14 KiB): D/IRAM[0m
[0;32mI (492) heap_init: At 3FFE4350 len 0001BCB0 (111 KiB): D/IRAM[0m
[0;32mI (498) heap_init: At 40095574 len 0000AA8C (42 KiB): IRAM[0m
[0;32mI (506) spi_flash: detected chip: generic[0m
[0;32mI (509) spi_flash: flash io: dio[0m
[0;33mW (513) spi_flash: Detected size(8192k) larger than the size in the binary image header(2048k). Using the size in the binary image header.[0m
[0;32mI (527) app_start: Starting scheduler on CPU0[0m
[0;32mI (531) app_start: Starting scheduler on CPU1[0m
[0;32mI (531) main_task: Started on CPU0[0m
[0;32mI (541) main_task: Calling app_main()[0m
I (581) wifi:wifi driver task: 3ffbe330, prio:23, stack:6656, core=0
I (591) wifi:wifi firmware version: ce9244d
I (591) wifi:wifi certification version: v7.0
I (591) wifi:config NVS flash: enabled
I (591) wifi:config nano formating: disabled
I (591) wifi:Init data frame dynamic rx buffer num: 80
I (601) wifi:Init management frame dynamic rx buffer num: 80
I (601) wifi:Init management short buffer num: 32
I (611) wifi:Init dynamic tx buffer num: 80
I (611) wifi:Init static rx buffer size: 1600
I (611) wifi:Init static rx buffer num: 10
I (621) wifi:Init dynamic rx buffer num: 80
[0;32mI (621) wifi_init: rx ba win: 6[0m
[0;32mI (631) wifi_init: tcpip mbox: 32[0m
[0;32mI (631) wifi_init: udp mbox: 6[0m
[0;32mI (631) wifi_init: tcp mbox: 6[0m
[0;32mI (641) wifi_init: tcp tx win: 5744[0m
[0;32mI (641) wifi_init: tcp rx win: 5744[0m
[0;32mI (641) wifi_init: tcp mss: 1440[0m
[0;32mI (651) wifi_init: WiFi IRAM OP enabled[0m
[0;32mI (651) wifi_init: WiFi RX IRAM OP enabled[0m
[0;32mI (661) phy_init: phy_version 4670,719f9f6,Feb 18 2021,17:07:07[0m
I (771) wifi:mode : softAP (0c:8b:95:95:cf:b1)
I (771) wifi:Total power save buffer number: 40
I (771) wifi:Init max length of beacon: 752/752
I (771) wifi:Init max length of beacon: 752/752
E (771) wifi:failed to post WiFi event=12 ret=259
ESP_ERROR_CHECK failed: esp_err_t 0xffffffff (ESP_FAIL) at 0x400d5ab4
file: "/IDF/proj/wifi/main/wifi.c" line 24
func: scann
expression: esp_wifi_scan_start(&scan_config, true)

abort() was called at PC 0x40088c57 on core 0


Backtrace: 0x400819de:0x3ffb90c0 0x40088c61:0x3ffb90e0 0x4008fbc2:0x3ffb9100 0x40088c57:0x3ffb9170 0x400d5ab4:0x3ffb91a0 0x400d5c58:0x3ffb9880 0x401490b3:0x3ffb9a30 0x4008b4f9:0x3ffb9a60




ELF file SHA256: f14f53d515c9ee60

Rebooting...
ets Jul 29 2019 12:21:46

rst:0xc (SW_CPU_RESET),boot:0x17 (SPI_FAST_FLASH_BOOT)
configsip: 271414342, SPIWP:0xee
clk_drv:0x00,q_drv:0x00,d_drv:0x00,cs0_drv:0x00,hd_drv:0x00,wp_drv:0x00
mode:DIO, clock div:2
load:0x3fff0030,len:7080
load:0x40078000,len:15584
load:0x40080400,len:4
ho 8 tail 4 room 4
load:0x40080404,len:3876
entry 0x4008064c
[0;32mI (31) boot: ESP-IDF v5.1.1 2nd stage bootloader[0m
[0;32mI (31) boot: compile time Nov  2 2023 14:23:08[0m
[0;32mI (31) boot: Multicore bootloader[0m
[0;32mI (36) boot: chip revision: v3.0[0m
[0;32mI (40) boot.esp32: SPI Speed      : 40MHz[0m
[0;32mI (44) boot.esp32: SPI Mode       : DIO[0m
[0;32mI (49) boot.esp32: SPI Flash Size : 2MB[0m
[0;32mI (53) boot: Enabling RNG early entropy source...[0m
[0;32mI (59) boot: Partition Table:[0m
[0;32mI (62) boot: ## Label            Usage          Type ST Offset   Length[0m
[0;32mI (70) boot:  0 nvs              WiFi data        01 02 00009000 00006000[0m
[0;32mI (77) boot:  1 phy_init         RF data          01 01 0000f000 00001000[0m
[0;32mI (85) boot:  2 factory          factory app      00 00 00010000 00100000[0m
[0;32mI (92) boot: End of partition table[0m
[0;32mI (96) esp_image: segment 0: paddr=00010020 vaddr=3f400020 size=1eb24h (125732) map[0m
[0;32mI (150) esp_image: segment 1: paddr=0002eb4c vaddr=3ffb0000 size=014cch (  5324) load[0m
[0;32mI (153) esp_image: segment 2: paddr=00030020 vaddr=400d0020 size=7aeech (503532) map[0m
[0;32mI (338) esp_image: segment 3: paddr=000aaf14 vaddr=3ffb14cc size=021ech (  8684) load[0m
[0;32mI (341) esp_image: segment 4: paddr=000ad108 vaddr=40080000 size=15574h ( 87412) load[0m
[0;32mI (391) boot: Loaded app from partition at offset 0x10000[0m
[0;32mI (391) boot: Disabling RNG early entropy source...[0m
[0;32mI (402) cpu_start: Multicore app[0m
[0;32mI (402) cpu_start: Pro cpu up.[0m
[0;32mI (403) cpu_start: Starting app cpu, entry point is 0x40081378[0m
[0;32mI (390) cpu_start: App cpu up.[0m
[0;32mI (421) cpu_start: Pro cpu start user code[0m
[0;32mI (421) cpu_start: cpu freq: 160000000 Hz[0m
[0;32mI (421) cpu_start: Application information:[0m
[0;32mI (425) cpu_start: Project name:     wifi[0m
[0;32mI (430) cpu_start: App version:      v5.1.1[0m
[0;32mI (435) cpu_start: Compile time:     Nov  2 2023 14:21:02[0m
[0;32mI (441) cpu_start: ELF file SHA256:  f14f53d515c9ee60...[0m
[0;32mI (447) cpu_start: ESP-IDF:          v5.1.1[0m
[0;32mI (452) cpu_start: Min chip rev:     v0.0[0m
[0;32mI (457) cpu_start: Max chip rev:     v3.99 [0m
[0;32mI (461) cpu_start: Chip rev:         v3.0[0m
[0;32mI (466) heap_init: Initializing. RAM available for dynamic allocation:[0m
[0;32mI (473) heap_init: At 3FFAE6E0 len 00001920 (6 KiB): DRAM[0m
[0;32mI (479) heap_init: At 3FFB7738 len 000288C8 (162 KiB): DRAM[0m
[0;32mI (486) heap_init: At 3FFE0440 len 00003AE0 (14 KiB): D/IRAM[0m
[0;32mI (492) heap_init: At 3FFE4350 len 0001BCB0 (111 KiB): D/IRAM[0m
[0;32mI (498) heap_init: At 40095574 len 0000AA8C (42 KiB): IRAM[0m
[0;32mI (506) spi_flash: detected chip: generic[0m
[0;32mI (509) spi_flash: flash io: dio[0m
[0;33mW (513) spi_flash: Detected size(8192k) larger than the size in the binary image header(2048k). Using the size in the binary image header.[0m
[0;32mI (527) app_start: Starting scheduler on CPU0[0m
[0;32mI (531) app_start: Starting scheduler on CPU1[0m
[0;32mI (531) main_task: Started on CPU0[0m
[0;32mI (541) main_task: Calling app_main()[0m
I (581) wifi:wifi driver task: 3ffbe330, prio:23, stack:6656, core=0
I (591) wifi:wifi firmware version: ce9244d
I (591) wifi:wifi certification version: v7.0
I (591) wifi:config NVS flash: enabled
I (591) wifi:config nano formating: disabled
I (591) wifi:Init data frame dynamic rx buffer num: 80
I (601) wifi:Init management frame dynamic rx buffer num: 80
I (601) wifi:Init management short buffer num: 32
I (611) wifi:Init dynamic tx buffer num: 80
I (611) wifi:Init static rx buffer size: 1600
I (611) wifi:Init static rx buffer num: 10
I (621) wifi:Init dynamic rx buffer num: 80
[0;32mI (621) wifi_init: rx ba win: 6[0m
[0;32mI (631) wifi_init: tcpip mbox: 32[0m
[0;32mI (631) wifi_init: udp mbox: 6[0m
[0;32mI (631) wifi_init: tcp mbox: 6[0m
[0;32mI (641) wifi_init: tcp tx win: 5744[0m
[0;32mI (641) wifi_init: tcp rx win: 5744[0m
[0;32mI (641) wifi_init: tcp mss: 1440[0m
[0;32mI (651) wifi_init: WiFi IRAM OP enabled[0m
[0;32mI (651) wifi_init: WiFi RX IRAM OP enabled[0m
[0;32mI (661) phy_init: phy_version 4670,719f9f6,Feb 18 2021,17:07:07[0m
I (771) wifi:mode : softAP (0c:8b:95:95:cf:b1)
I (771) wifi:Total power save buffer number: 40
I (771) wifi:Init max length of beacon: 752/752
I (771) wifi:Init max length of beacon: 752/752
E (771) wifi:failed to post WiFi event=12 ret=259
ESP_ERROR_CHECK failed: esp_err_t 0xffffffff (ESP_FAIL) at 0x400d5ab4
file: "/IDF/proj/wifi/main/wifi.c" line 24
func: scann
expression: esp_wifi_scan_start(&scan_config, true)

abort() was called at PC 0x40088c57 on core 0


Backtrace: 0x400819de:0x3ffb90c0 0x40088c61:0x3ffb90e0 0x4008fbc2:0x3ffb9100 0x40088c57:0x3ffb9170 0x400d5ab4:0x3ffb91a0 0x400d5c58:0x3ffb9880 0x401490b3:0x3ffb9a30 0x4008b4f9:0x3ffb9a60




ELF file SHA256: f14f53d515c9ee60

Rebooting...
ets Jul 29 2019 12:21:46

rst:0xc (SW_CPU_RESET),boot:0x17 (SPI_FAST_FLASH_BOOT)
configsip: 271414342, SPIWP:0xee
clk_drv:0x00,q_drv:0x00,d_drv:0x00,cs0_drv:0x00,hd_drv:0x00,wp_drv:0x00
mode:DIO, clock div:2
load:0x3fff0030,len:7080
load:0x40078000,len:15584
load:0x40080400,len:4
ho 8 tail 4 room 4
load:0x40080404,len:3876
entry 0x4008064c
[0;32mI (31) boot: ESP-IDF v5.1.1 2nd stage bootloader[0m
[0;32mI (31) boot: compile time Nov  2 2023 14:23:08[0m
[0;32mI (31) boot: Multicore bootloader[0m
[0;32mI (36) boot: chip revision: v3.0[0m
[0;32mI (40) boot.esp32: SPI Speed      : 40MHz[0m
[0;32mI (44) boot.esp32: SPI Mode       : DIO[0m
[0;32mI (49) boot.esp32: SPI Flash Size : 2MB[0m
[0;32mI (53) boot: Enabling RNG early entropy source...[0m
[0;32mI (59) boot: Partition Table:[0m
[0;32mI (62) boot: ## Label            Usage          Type ST Offset   Length[0m
[0;32mI (70) boot:  0 nvs              WiFi data        01 02 00009000 00006000[0m
[0;32mI (77) boot:  1 phy_init         RF data          01 01 0000f000 00001000[0m
[0;32mI (85) boot:  2 factory          factory app      00 00 00010000 00100000[0m
[0;32mI (92) boot: End of partition table[0m
[0;32mI (96) esp_image: segment 0: paddr=00010020 vaddr=3f400020 size=1eb24h (125732) map[0m
[0;32mI (150) esp_image: segment 1: paddr=0002eb4c vaddr=3ffb0000 size=014cch (  5324) load[0m
[0;32mI (153) esp_image: segment 2: paddr=00030020 vaddr=400d0020 size=7aeech (503532) map[0m
[0;32mI (338) esp_image: segment 3: paddr=000aaf14 vaddr=3ffb14cc size=021ech (  8684) load[0m
[0;32mI (341) esp_image: segment 4: paddr=000ad108 vaddr=40080000 size=15574h ( 87412) load[0m
[0;32mI (391) boot: Loaded app from partition at offset 0x10000[0m
[0;32mI (391) boot: Disabling RNG early entropy source...[0m
[0;32mI (402) cpu_start: Multicore app[0m
[0;32mI (403) cpu_start: Pro cpu up.[0m
[0;32mI (403) cpu_start: Starting app cpu, entry point is 0x40081378[0m
[0;32mI (390) cpu_start: App cpu up.[0m
[0;32mI (421) cpu_start: Pro cpu start user code[0m
[0;32mI (421) cpu_start: cpu freq: 160000000 Hz[0m
[0;32mI (421) cpu_start: Application information:[0m
[0;32mI (425) cpu_start: Project name:     wifi[0m
[0;32mI (430) cpu_start: App version:      v5.1.1[0m
[0;32mI (435) cpu_start: Compile time:     Nov  2 2023 14:21:02[0m
[0;32mI (441) cpu_start: ELF file SHA256:  f14f53d515c9ee60...[0m
[0;32mI (447) cpu_start: ESP-IDF:          v5.1.1[0m
[0;32mI (452) cpu_start: Min chip rev:     v0.0[0m
[0;32mI (457) cpu_start: Max chip rev:     v3.99 [0m
[0;32mI (461) cpu_start: Chip rev:         v3.0[0m
[0;32mI (466) heap_init: Initializing. RAM available for dynamic allocation:[0m
[0;32mI (473) heap_init: At 3FFAE6E0 len 00001920 (6 KiB): DRAM[0m
[0;32mI (479) heap_init: At 3FFB7738 len 000288C8 (162 KiB): DRAM[0m
[0;32mI (486) heap_init: At 3FFE0440 len 00003AE0 (14 KiB): D/IRAM[0m
[0;32mI (492) heap_init: At 3FFE4350 len 0001BCB0 (111 KiB): D/IRAM[0m
[0;32mI (498) heap_init: At 40095574 len 0000AA8C (42 KiB): IRAM[0m
[0;32mI (506) spi_flash: detected chip: generic[0m
[0;32mI (509) spi_flash: flash io: dio[0m
[0;33mW (513) spi_flash: Detected size(8192k) larger than the size in the binary image header(2048k). Using the size in the binary image header.[0m
[0;32mI (527) app_start: Starting scheduler on CPU0[0m
[0;32mI (531) app_start: Starting scheduler on CPU1[0m
[0;32mI (531) main_task: Started on CPU0[0m
[0;32mI (541) main_task: Calling app_main()[0m
I (581) wifi:wifi driver task: 3ffbe330, prio:23, stack:6656, core=0
I (591) wifi:wifi firmware version: ce9244d
I (591) wifi:wifi certification version: v7.0
I (591) wifi:config NVS flash: enabled
I (591) wifi:config nano formating: disabled
I (591) wifi:Init data frame dynamic rx buffer num: 80
I (601) wifi:Init management frame dynamic rx buffer num: 80
I (601) wifi:Init management short buffer num: 32
I (611) wifi:Init dynamic tx buffer num: 80
I (611) wifi:Init static rx buffer size: 1600
I (611) wifi:Init static rx buffer num: 10
I (621) wifi:Init dynamic rx buffer num: 80
[0;32mI (621) wifi_init: rx ba win: 6[0m
[0;32mI (631) wifi_init: tcpip mbox: 32[0m
[0;32mI (631) wifi_init: udp mbox: 6[0m
[0;32mI (631) wifi_init: tcp mbox: 6[0m
[0;32mI (641) wifi_init: tcp tx win: 5744[0m
[0;32mI (641) wifi_init: tcp rx win: 5744[0m
[0;32mI (641) wifi_init: tcp mss: 1440[0m
[0;32mI (651) wifi_init: WiFi IRAM OP enabled[0m
[0;32mI (651) wifi_init: WiFi RX IRAM OP enabled[0m
[0;32mI (661) phy_init: phy_version 4670,719f9f6,Feb 18 2021,17:07:07[0m
I (771) wifi:mode : softAP (0c:8b:95:95:cf:b1)
I (771) wifi:Total power save buffer number: 40
I (771) wifi:Init max length of beacon: 752/752
I (771) wifi:Init max length of beacon: 752/752
E (771) wifi:failed to post WiFi event=12 ret=259
ESP_ERROR_CHECK failed: esp_err_t 0xffffffff (ESP_FAIL) at 0x400d5ab4
file: "/IDF/proj/wifi/main/wifi.c" line 24
func: scann
expression: esp_wifi_scan_start(&scan_config, true)

abort() was called at PC 0x40088c57 on core 0


Backtrace: 0x400819de:0x3ffb90c0 0x40088c61:0x3ffb90e0 0x4008fbc2:0x3ffb9100 0x40088c57:0x3ffb9170 0x400d5ab4:0x3ffb91a0 0x400d5c58:0x3ffb9880 0x401490b3:0x3ffb9a30 0x4008b4f9:0x3ffb9a60




ELF file SHA256: f14f53d515c9ee60

Rebooting...
ets Jul 29 2019 12:21:46

rst:0xc (SW_CPU_RESET),boot:0x17 (SPI_FAST_FLASH_BOOT)
configsip: 271414342, SPIWP:0xee
clk_drv:0x00,q_drv:0x00,d_drv:0x00,cs0_drv:0x00,hd_drv:0x00,wp_drv:0x00
mode:DIO, clock div:2
load:0x3fff0030,len:7080
load:0x40078000,len:15584
load:0x40080400,len:4
ho 8 tail 4 room 4
load:0x40080404,len:3876
entry 0x4008064c
[0;32mI (31) boot: ESP-IDF v5.1.1 2nd stage bootloader[0m
[0;32mI (31) boot: compile time Nov  2 2023 14:23:08[0m
[0;32mI (31) boot: Multicore bootloader[0m
[0;32mI (36) boot: chip revision: v3.0[0m
[0;32mI (40) boot.esp32: SPI Speed      : 40MHz[0m
[0;32mI (44) boot.esp32: SPI Mode       : DIO[0m
[0;32mI (49) boot.esp32: SPI Flash Size : 2MB[0m
[0;32mI (53) boot: Enabling RNG early entropy source...[0m
[0;32mI (59) boot: Partition Table:[0m
[0;32mI (62) boot: ## Label            Usage          Type ST Offset   Length[0m
[0;32mI (70) boot:  0 nvs              WiFi data        01 02 00009000 00006000[0m
[0;32mI (77) boot:  1 phy_init         RF data          01 01 0000f000 00001000[0m
[0;32mI (85) boot:  2 factory          factory app      00 00 00010000 00100000[0m
[0;32mI (92) boot: End of partition table[0m
[0;32mI (96) esp_image: segment 0: paddr=00010020 vaddr=3f400020 size=1eb24h (125732) map[0m
[0;32mI (150) esp_image: segment 1: paddr=0002eb4c vaddr=3ffb0000 size=014cch (  5324) load[0m
[0;32mI (153) esp_image: segment 2: paddr=00030020 vaddr=400d0020 size=7aeech (503532) map[0m
[0;32mI (338) esp_image: segment 3: paddr=000aaf14 vaddr=3ffb14cc size=021ech (  8684) load[0m
[0;32mI (341) esp_image: segment 4: paddr=000ad108 vaddr=40080000 size=15574h ( 87412) load[0m
[0;32mI (391) boot: Loaded app from partition at offset 0x10000[0m
[0;32mI (391) boot: Disabling RNG early entropy source...[0m
[0;32mI (402) cpu_start: Multicore app[0m
[0;32mI (403) cpu_start: Pro cpu up.[0m
[0;32mI (403) cpu_start: Starting app cpu, entry point is 0x40081378[0m
[0;32mI (390) cpu_start: App cpu up.[0m
[0;32mI (421) cpu_start: Pro cpu start user code[0m
[0;32mI (421) cpu_start: cpu freq: 160000000 Hz[0m
[0;32mI (421) cpu_start: Application information:[0m
[0;32mI (425) cpu_start: Project name:     wifi[0m
[0;32mI (430) cpu_start: App version:      v5.1.1[0m
[0;32mI (435) cpu_start: Compile time:     Nov  2 2023 14:21:02[0m
[0;32mI (441) cpu_start: ELF file SHA256:  f14f53d515c9ee60...[0m
[0;32mI (447) cpu_start: ESP-IDF:          v5.1.1[0m
[0;32mI (452) cpu_start: Min chip rev:     v0.0[0m
[0;32mI (457) cpu_start: Max chip rev:     v3.99 [0m
[0;32mI (461) cpu_start: Chip rev:         v3.0[0m
[0;32mI (466) heap_init: Initializing. RAM available for dynamic allocation:[0m
[0;32mI (473) heap_init: At 3FFAE6E0 len 00001920 (6 KiB): DRAM[0m
[0;32mI (479) heap_init: At 3FFB7738 len 000288C8 (162 KiB): DRAM[0m
[0;32mI (486) heap_init: At 3FFE0440 len 00003AE0 (14 KiB): D/IRAM[0m
[0;32mI (492) heap_init: At 3FFE4350 len 0001BCB0 (111 KiB): D/IRAM[0m
[0;32mI (498) heap_init: At 40095574 len 0000AA8C (42 KiB): IRAM[0m
[0;32mI (506) spi_flash: detected chip: generic[0m
[0;32mI (509) spi_flash: flash io: dio[0m
[0;33mW (513) spi_flash: Detected size(8192k) larger than the size in the binary image header(2048k). Using the size in the binary image header.[0m
[0;32mI (527) app_start: Starting scheduler on CPU0[0m
[0;32mI (531) app_start: Starting scheduler on CPU1[0m
[0;32mI (531) main_task: Started on CPU0[0m
[0;32mI (541) main_task: Calling app_main()[0m
I (581) wifi:wifi driver task: 3ffbe330, prio:23, stack:6656, core=0
I (591) wifi:wifi firmware version: ce9244d
I (591) wifi:wifi certification version: v7.0
I (591) wifi:config NVS flash: enabled
I (591) wifi:config nano formating: disabled
I (591) wifi:Init data frame dynamic rx buffer num: 80
I (601) wifi:Init management frame dynamic rx buffer num: 80
I (601) wifi:Init management short buffer num: 32
I (611) wifi:Init dynamic tx buffer num: 80
I (611) wifi:Init static rx buffer size: 1600
I (611) wifi:Init static rx buffer num: 10
I (621) wifi:Init dynamic rx buffer num: 80
[0;32mI (621) wifi_init: rx ba win: 6[0m
[0;32mI (631) wifi_init: tcpip mbox: 32[0m
[0;32mI (631) wifi_init: udp mbox: 6[0m
[0;32mI (631) wifi_init: tcp mbox: 6[0m
[0;32mI (641) wifi_init: tcp tx win: 5744[0m
[0;32mI (641) wifi_init: tcp rx win: 5744[0m
[0;32mI (641) wifi_init: tcp mss: 1440[0m
[0;32mI (651) wifi_init: WiFi IRAM OP enabled[0m
[0;32mI (651) wifi_init: WiFi RX IRAM OP enabled[0m
[0;32mI (661) phy_init: phy_version 4670,719f9f6,Feb 18 2021,17:07:07[0m
I (771) wifi:mode : softAP (0c:8b:95:95:cf:b1)
I (771) wifi:Total power save buffer number: 40
I (771) wifi:Init max length of beacon: 752/752
I (771) wifi:Init max length of beacon: 752/752
E (771) wifi:failed to post WiFi event=12 ret=259
ESP_ERROR_CHECK failed: esp_err_t 0xffffffff (ESP_FAIL) at 0x400d5ab4
file: "/IDF/proj/wifi/main/wifi.c" line 24
func: scann
expression: esp_wifi_scan_start(&scan_config, true)

abort() was called at PC 0x40088c57 on core 0


Backtrace: 0x400819de:0x3ffb90c0 0x40088c61:0x3ffb90e0 0x4008fbc2:0x3ffb9100 0x40088c57:0x3ffb9170 0x400d5ab4:0x3ffb91a0 0x400d5c58:0x3ffb9880 0x401490b3:0x3ffb9a30 0x4008b4f9:0x3ffb9a60




ELF file SHA256: f14f53d515c9ee60

Rebooting...
ets Jul 29 2019 12:21:46

rst:0xc (SW_CPU_RESET),boot:0x17 (SPI_FAST_FLASH_BOOT)
configsip: 271414342, SPIWP:0xee
clk_drv:0x00,q_drv:0x00,d_drv:0x00,cs0_drv:0x00,hd_drv:0x00,wp_drv:0x00
mode:DIO, clock div:2
load:0x3fff0030,len:7080
load:0x40078000,len:15584
load:0x40080400,len:4
ho 8 tail 4 room 4
load:0x40080404,len:3876
entry 0x4008064c
[0;32mI (31) boot: ESP-IDF v5.1.1 2nd stage bootloader[0m
[0;32mI (31) boot: compile time Nov  2 2023 14:23:08[0m
[0;32mI (31) boot: Multicore bootloader[0m
[0;32mI (36) boot: chip revision: v3.0[0m
[0;32mI (40) boot.esp32: SPI Speed      : 40MHz[0m
[0;32mI (44) boot.esp32: SPI Mode       : DIO[0m
[0;32mI (49) boot.esp32: SPI Flash Size : 2MB[0m
[0;32mI (53) boot: Enabling RNG early entropy source...[0m
[0;32mI (59) boot: Partition Table:[0m
[0;32mI (62) boot: ## Label            Usage          Type ST Offset   Length[0m
[0;32mI (70) boot:  0 nvs              WiFi data        01 02 00009000 00006000[0m
[0;32mI (77) boot:  1 phy_init         RF data          01 01 0000f000 00001000[0m
[0;32mI (85) boot:  2 factory          factory app      00 00 00010000 00100000[0m
[0;32mI (92) boot: End of partition table[0m
[0;32mI (96) esp_image: segment 0: paddr=00010020 vaddr=3f400020 size=1eb24h (125732) map[0m
[0;32mI (150) esp_image: segment 1: paddr=0002eb4c vaddr=3ffb0000 size=014cch (  5324) load[0m
[0;32mI (153) esp_image: segment 2: paddr=00030020 vaddr=400d0020 size=7aeech (503532) map[0m
[0;32mI (338) esp_image: segment 3: paddr=000aaf14 vaddr=3ffb14cc size=021ech (  8684) load[0m
[0;32mI (341) esp_image: segment 4: paddr=000ad108 vaddr=40080000 size=15574h ( 87412) load[0m
[0;32mI (391) boot: Loaded app from partition at offset 0x10000[0m
[0;32mI (391) boot: Disabling RNG early entropy source...[0m
[0;32mI (402) cpu_start: Multicore app[0m
[0;32mI (403) cpu_start: Pro cpu up.[0m
[0;32mI (403) cpu_start: Starting app cpu, entry point is 0x40081378[0m
[0;32mI (390) cpu_start: App cpu up.[0m
[0;32mI (421) cpu_start: Pro cpu start user code[0m
[0;32mI (421) cpu_start: cpu freq: 160000000 Hz[0m
[0;32mI (421) cpu_start: Application information:[0m
[0;32mI (425) cpu_start: Project name:     wifi[0m
[0;32mI (430) cpu_start: App version:      v5.1.1[0m
[0;32mI (435) cpu_start: Compile time:     Nov  2 2023 14:21:02[0m
[0;32mI (441) cpu_start: ELF file SHA256:  f14f53d515c9ee60...[0m
[0;32mI (447) cpu_start: ESP-IDF:          v5.1.1[0m
[0;32mI (452) cpu_start: Min chip rev:     v0.0[0m
[0;32mI (457) cpu_start: Max chip rev:     v3.99 [0m
[0;32mI (461) cpu_start: Chip rev:         v3.0[0m
[0;32mI (466) heap_init: Initializing. RAM available for dynamic allocation:[0m
[0;32mI (474) heap_init: At 3FFAE6E0 len 00001920 (6 KiB): DRAM[0m
[0;32mI (479) heap_init: At 3FFB7738 len 000288C8 (162 KiB): DRAM[0m
[0;32mI (486) heap_init: At 3FFE0440 len 00003AE0 (14 KiB): D/IRAM[0m
[0;32mI (492) heap_init: At 3FFE4350 len 0001BCB0 (111 KiB): D/IRAM[0m
[0;32mI (498) heap_init: At 40095574 len 0000AA8C (42 KiB): IRAM[0m
[0;32mI (506) spi_flash: detected chip: generic[0m
[0;32mI (509) spi_flash: flash io: dio[0m
[0;33mW (513) spi_flash: Detected size(8192k) larger than the size in the binary image header(2048k). Using the size in the binary image header.[0m
[0;32mI (527) app_start: Starting scheduler on CPU0[0m
[0;32mI (531) app_start: Starting scheduler on CPU1[0m
[0;32mI (531) main_task: Started on CPU0[0m
[0;32mI (541) main_task: Calling app_main()[0m
I (581) wifi:wifi driver task: 3ffbe330, prio:23, stack:6656, core=0
I (591) wifi:wifi firmware version: ce9244d
I (591) wifi:wifi certification version: v7.0
I (591) wifi:config NVS flash: enabled
I (591) wifi:config nano formating: disabled
I (591) wifi:Init data frame dynamic rx buffer num: 80
I (601) wifi:Init management frame dynamic rx buffer num: 80
I (601) wifi:Init management short buffer num: 32
I (611) wifi:Init dynamic tx buffer num: 80
I (611) wifi:Init static rx buffer size: 1600
I (611) wifi:Init static rx buffer num: 10
I (621) wifi:Init dynamic rx buffer num: 80
[0;32mI (621) wifi_init: rx ba win: 6[0m
[0;32mI (631) wifi_init: tcpip mbox: 32[0m
[0;32mI (631) wifi_init: udp mbox: 6[0m
[0;32mI (631) wifi_init: tcp mbox: 6[0m
[0;32mI (641) wifi_init: tcp tx win: 5744[0m
[0;32mI (641) wifi_init: tcp rx win: 5744[0m
[0;32mI (641) wifi_init: tcp mss: 1440[0m
[0;32mI (651) wifi_init: WiFi IRAM OP enabled[0m
[0;32mI (651) wifi_init: WiFi RX IRAM OP enabled[0m
[0;32mI (661) phy_init: phy_version 4670,719f9f6,Feb 18 2021,17:07:07[0m
I (771) wifi:mode : softAP (0c:8b:95:95:cf:b1)
I (771) wifi:Total power save buffer number: 40
I (771) wifi:Init max length of beacon: 752/752
I (771) wifi:Init max length of beacon: 752/752
E (771) wifi:failed to post WiFi event=12 ret=259
ESP_ERROR_CHECK failed: esp_err_t 0xffffffff (ESP_FAIL) at 0x400d5ab4
file: "/IDF/proj/wifi/main/wifi.c" line 24
func: scann
expression: esp_wifi_scan_start(&scan_config, true)

abort() was called at PC 0x40088c57 on core 0


Backtrace: 0x400819de:0x3ffb90c0 0x40088c61:0x3ffb90e0 0x4008fbc2:0x3ffb9100 0x40088c57:0x3ffb9170 0x400d5ab4:0x3ffb91a0 0x400d5c58:0x3ffb9880 0x401490b3:0x3ffb9a30 0x4008b4f9:0x3ffb9a60




ELF file SHA256: f14f53d515c9ee60

Rebooting...
ets Jul 29 2019 12:21:46

rst:0xc (SW_CPU_RESET),boot:0x17 (SPI_FAST_FLASH_BOOT)
configsip: 271414342, SPIWP:0xee
clk_drv:0x00,q_drv:0x00,d_drv:0x00,cs0_drv:0x00,hd_drv:0x00,wp_drv:0x00
mode:DIO, clock div:2
load:0x3fff0030,len:7080
load:0x40078000,len:15584
load:0x40080400,len:4
ho 8 tail 4 room 4
load:0x40080404,len:3876
entry 0x4008064c
[0;32mI (31) boot: ESP-IDF v5.1.1 2nd stage bootloader[0m
[0;32mI (31) boot: compile time Nov  2 2023 14:23:08[0m
[0;32mI (31) boot: Multicore bootloader[0m
[0;32mI (36) boot: chip revision: v3.0[0m
[0;32mI (40) boot.esp32: SPI Speed      : 40MHz[0m
[0;32mI (44) boot.esp32: SPI Mode       : DIO[0m
[0;32mI (49) boot.esp32: SPI Flash Size : 2MB[0m
[0;32mI (53) boot: Enabling RNG early entropy source...[0m
[0;32mI (59) boot: Partition Table:[0m
[0;32mI (62) boot: ## Label            Usage          Type ST Offset   Length[0m
[0;32mI (70) boot:  0 nvs              WiFi data        01 02 00009000 00006000[0m
[0;32mI (77) boot:  1 phy_init         RF data          01 01 0000f000 00001000[0m
[0;32mI (85) boot:  2 factory          factory app      00 00 00010000 00100000[0m
[0;32mI (92) boot: End of partition table[0m
[0;32mI (96) esp_image: segment 0: paddr=00010020 vaddr=3f400020 size=1eb24h (125732) map[0m
[0;32mI (150) esp_image: segment 1: paddr=0002eb4c vaddr=3ffb0000 size=014cch (  5324) load[0m
[0;32mI (153) esp_image: segment 2: paddr=00030020 vaddr=400d0020 size=7aeech (503532) map[0m
[0;32mI (338) esp_image: segment 3: paddr=000aaf14 vaddr=3ffb14cc size=021ech (  8684) load[0m
[0;32mI (341) esp_image: segment 4: paddr=000ad108 vaddr=40080000 size=15574h ( 87412) load[0m
[0;32mI (391) boot: Loaded app from partition at offset 0x10000[0m
[0;32mI (391) boot: Disabling RNG early entropy source...[0m
[0;32mI (402) cpu_start: Multicore app[0m
[0;32mI (403) cpu_start: Pro cpu up.[0m
[0;32mI (403) cpu_start: Starting app cpu, entry point is 0x40081378[0m
[0;32mI (390) cpu_start: App cpu up.[0m
[0;32mI (421) cpu_start: Pro cpu start user code[0m
[0;32mI (421) cpu_start: cpu freq: 160000000 Hz[0m
[0;32mI (421) cpu_start: Application information:[0m
[0;32mI (425) cpu_start: Project name:     wifi[0m
[0;32mI (430) cpu_start: App version:      v5.1.1[0m
[0;32mI (435) cpu_start: Compile time:     Nov  2 2023 14:21:02[0m
[0;32mI (441) cpu_start: ELF file SHA256:  f14f53d515c9ee60...[0m
[0;32mI (447) cpu_start: ESP-IDF:          v5.1.1[0m
[0;32mI (452) cpu_start: Min chip rev:     v0.0[0m
[0;32mI (457) cpu_start: Max chip rev:     v3.99 [0m
[0;32mI (461) cpu_start: Chip rev:         v3.0[0m
[0;32mI (466) heap_init: Initializing. RAM available for dynamic allocation:[0m
[0;32mI (473) heap_init: At 3FFAE6E0 len 00001920 (6 KiB): DRAM[0m
[0;32mI (479) heap_init: At 3FFB7738 len 000288C8 (162 KiB): DRAM[0m
[0;32mI (486) heap_init: At 3FFE0440 len 00003AE0 (14 KiB): D/IRAM[0m
[0;32mI (492) heap_init: At 3FFE4350 len 0001BCB0 (111 KiB): D/IRAM[0m
[0;32mI (498) heap_init: At 40095574 len 0000AA8C (42 KiB): IRAM[0m
[0;32mI (506) spi_flash: detected chip: generic[0m
[0;32mI (509) spi_flash: flash io: dio[0m
[0;33mW (513) spi_flash: Detected size(8192k) larger than the size in the binary image header(2048k). Using the size in the binary image header.[0m
[0;32mI (527) app_start: Starting scheduler on CPU0[0m
[0;32mI (531) app_start: Starting scheduler on CPU1[0m
[0;32mI (531) main_task: Started on CPU0[0m
[0;32mI (541) main_task: Calling app_main()[0m
I (581) wifi:wifi driver task: 3ffbe330, prio:23, stack:6656, core=0
I (591) wifi:wifi firmware version: ce9244d
I (591) wifi:wifi certification version: v7.0
I (591) wifi:config NVS flash: enabled
I (591) wifi:config nano formating: disabled
I (591) wifi:Init data frame dynamic rx buffer num: 80
I (601) wifi:Init management frame dynamic rx buffer num: 80
I (601) wifi:Init management short buffer num: 32
I (611) wifi:Init dynamic tx buffer num: 80
I (611) wifi:Init static rx buffer size: 1600
I (611) wifi:Init static rx buffer num: 10
I (621) wifi:Init dynamic rx buffer num: 80
[0;32mI (621) wifi_init: rx ba win: 6[0m
[0;32mI (631) wifi_init: tcpip mbox: 32[0m
[0;32mI (631) wifi_init: udp mbox: 6[0m
[0;32mI (631) wifi_init: tcp mbox: 6[0m
[0;32mI (641) wifi_init: tcp tx win: 5744[0m
[0;32mI (641) wifi_init: tcp rx win: 5744[0m
[0;32mI (641) wifi_init: tcp mss: 1440[0m
[0;32mI (651) wifi_init: WiFi IRAM OP enabled[0m
[0;32mI (651) wifi_init: WiFi RX IRAM OP enabled[0m
[0;32mI (661) phy_init: phy_version 4670,719f9f6,Feb 18 2021,17:07:07[0m
I (771) wifi:mode : softAP (0c:8b:95:95:cf:b1)
I (771) wifi:Total power save buffer number: 40
I (771) wifi:Init max length of beacon: 752/752
I (771) wifi:Init max length of beacon: 752/752
E (771) wifi:failed to post WiFi event=12 ret=259
ESP_ERROR_CHECK failed: esp_err_t 0xffffffff (ESP_FAIL) at 0x400d5ab4
file: "/IDF/proj/wifi/main/wifi.c" line 24
func: scann
expression: esp_wifi_scan_start(&scan_config, true)

abort() was called at PC 0x40088c57 on core 0


Backtrace: 0x400819de:0x3ffb90c0 0x40088c61:0x3ffb90e0 0x4008fbc2:0x3ffb9100 0x40088c57:0x3ffb9170 0x400d5ab4:0x3ffb91a0 0x400d5c58:0x3ffb9880 0x401490b3:0x3ffb9a30 0x4008b4f9:0x3ffb9a60




ELF file SHA256: f14f53d515c9ee60

Rebooting...
ets Jul 29 2019 12:21:46

rst:0xc (SW_CPU_RESET),boot:0x17 (SPI_FAST_FLASH_BOOT)
configsip: 271414342, SPIWP:0xee
clk_drv:0x00,q_drv:0x00,d_drv:0x00,cs0_drv:0x00,hd_drv:0x00,wp_drv:0x00
mode:DIO, clock div:2
load:0x3fff0030,len:7080
load:0x40078000,len:15584
load:0x40080400,len:4
ho 8 tail 4 room 4
load:0x40080404,len:3876
entry 0x4008064c
[0;32mI (31) boot: ESP-IDF v5.1.1 2nd stage bootloader[0m
[0;32mI (31) boot: compile time Nov  2 2023 14:23:08[0m
[0;32mI (31) boot: Multicore bootloader[0m
[0;32mI (36) boot: chip revision: v3.0[0m
[0;32mI (40) boot.esp32: SPI Speed      : 40MHz[0m
[0;32mI (44) boot.esp32: SPI Mode       : DIO[0m
[0;32mI (49) boot.esp32: SPI Flash Size : 2MB[0m
[0;32mI (53) boot: Enabling RNG early entropy source...[0m
[0;32mI (59) boot: Partition Table:[0m
[0;32mI (62) boot: ## Label            Usage          Type ST Offset   Length[0m
[0;32mI (70) boot:  0 nvs              WiFi data        01 02 00009000 00006000[0m
[0;32mI (77) boot:  1 phy_init         RF data          01 01 0000f000 00001000[0m
[0;32mI (85) boot:  2 factory          factory app      00 00 00010000 00100000[0m
[0;32mI (92) boot: End of partition table[0m
[0;32mI (96) esp_image: segment 0: paddr=00010020 vaddr=3f400020 size=1eb24h (125732) map[0m
[0;32mI (150) esp_image: segment 1: paddr=0002eb4c vaddr=3ffb0000 size=014cch (  5324) load[0m
[0;32mI (153) esp_image: segment 2: paddr=00030020 vaddr=400d0020 size=7aeech (503532) map[0m
[0;32mI (338) esp_image: segment 3: paddr=000aaf14 vaddr=3ffb14cc size=021ech (  8684) load[0m
[0;32mI (341) esp_image: segment 4: paddr=000ad108 vaddr=40080000 size=15574h ( 87412) load[0m
[0;32mI (391) boot: Loaded app from partition at offset 0x10000[0m
[0;32mI (391) boot: Disabling RNG early entropy source...[0m
[0;32mI (402) cpu_start: Multicore app[0m
[0;32mI (403) cpu_start: Pro cpu up.[0m
[0;32mI (403) cpu_start: Starting app cpu, entry point is 0x40081378[0m
[0;32mI (390) cpu_start: App cpu up.[0m
[0;32mI (421) cpu_start: Pro cpu start user code[0m
[0;32mI (421) cpu_start: cpu freq: 160000000 Hz[0m
[0;32mI (421) cpu_start: Application information:[0m
[0;32mI (425) cpu_start: Project name:     wifi[0m
[0;32mI (430) cpu_start: App version:      v5.1.1[0m
[0;32mI (435) cpu_start: Compile time:     Nov  2 2023 14:21:02[0m
[0;32mI (441) cpu_start: ELF file SHA256:  f14f53d515c9ee60...[0m
[0;32mI (447) cpu_start: ESP-IDF:          v5.1.1[0m
[0;32mI (452) cpu_start: Min chip rev:     v0.0[0m
[0;32mI (457) cpu_start: Max chip rev:     v3.99 [0m
[0;32mI (461) cpu_start: Chip rev:         v3.0[0m
[0;32mI (466) heap_init: Initializing. RAM available for dynamic allocation:[0m
[0;32mI (473) heap_init: At 3FFAE6E0 len 00001920 (6 KiB): DRAM[0m
[0;32mI (479) heap_init: At 3FFB7738 len 000288C8 (162 KiB): DRAM[0m
[0;32mI (486) heap_init: At 3FFE0440 len 00003AE0 (14 KiB): D/IRAM[0m
[0;32mI (492) heap_init: At 3FFE4350 len 0001BCB0 (111 KiB): D/IRAM[0m
[0;32mI (498) heap_init: At 40095574 len 0000AA8C (42 KiB): IRAM[0m
[0;32mI (506) spi_flash: detected chip: generic[0m
[0;32mI (509) spi_flash: flash io: dio[0m
[0;33mW (513) spi_flash: Detected size(8192k) larger than the size in the binary image header(2048k). Using the size in the binary image header.[0m
[0;32mI (527) app_start: Starting scheduler on CPU0[0m
[0;32mI (531) app_start: Starting scheduler on CPU1[0m
[0;32mI (531) main_task: Started on CPU0[0m
[0;32mI (541) main_task: Calling app_main()[0m
I (581) wifi:wifi driver task: 3ffbe330, prio:23, stack:6656, core=0
I (591) wifi:wifi firmware version: ce9244d
I (591) wifi:wifi certification version: v7.0
I (591) wifi:config NVS flash: enabled
I (591) wifi:config nano formating: disabled
I (591) wifi:Init data frame dynamic rx buffer num: 80
I (601) wifi:Init management frame dynamic rx buffer num: 80
I (601) wifi:Init management short buffer num: 32
I (611) wifi:Init dynamic tx buffer num: 80
I (611) wifi:Init static rx buffer size: 1600
I (611) wifi:Init static rx buffer num: 10
I (621) wifi:Init dynamic rx buffer num: 80
[0;32mI (621) wifi_init: rx ba win: 6[0m
[0;32mI (631) wifi_init: tcpip mbox: 32[0m
[0;32mI (631) wifi_init: udp mbox: 6[0m
[0;32mI (631) wifi_init: tcp mbox: 6[0m
[0;32mI (641) wifi_init: tcp tx win: 5744[0m
[0;32mI (641) wifi_init: tcp rx win: 5744[0m
[0;32mI (641) wifi_init: tcp mss: 1440[0m
[0;32mI (651) wifi_init: WiFi IRAM OP enabled[0m
[0;32mI (651) wifi_init: WiFi RX IRAM OP enabled[0m
[0;32mI (661) phy_init: phy_version 4670,719f9f6,Feb 18 2021,17:07:07[0m
I (771) wifi:mode : softAP (0c:8b:95:95:cf:b1)
I (771) wifi:Total power save buffer number: 40
I (771) wifi:Init max length of beacon: 752/752
I (771) wifi:Init max length of beacon: 752/752
E (771) wifi:failed to post WiFi event=12 ret=259
ESP_ERROR_CHECK failed: esp_err_t 0xffffffff (ESP_FAIL) at 0x400d5ab4
file: "/IDF/proj/wifi/main/wifi.c" line 24
func: scann
expression: esp_wifi_scan_start(&scan_config, true)

abort() was called at PC 0x40088c57 on core 0


Backtrace: 0x400819de:0x3ffb90c0 0x40088c61:0x3ffb90e0 0x4008fbc2:0x3ffb9100 0x40088c57:0x3ffb9170 0x400d5ab4:0x3ffb91a0 0x400d5c58:0x3ffb9880 0x401490b3:0x3ffb9a30 0x4008b4f9:0x3ffb9a60




ELF file SHA256: f14f53d515c9ee60

Rebooting...
ets Jul 29 2019 12:21:46

rst:0xc (SW_CPU_RESET),boot:0x17 (SPI_FAST_FLASH_BOOT)
configsip: 271414342, SPIWP:0xee
clk_drv:0x00,q_drv:0x00,d_drv:0x00,cs0_drv:0x00,hd_drv:0x00,wp_drv:0x00
mode:DIO, clock div:2
load:0x3fff0030,len:7080
load:0x40078000,len:15584
load:0x40080400,len:4
ho 8 tail 4 room 4
load:0x40080404,len:3876
entry 0x4008064c
[0;32mI (31) boot: ESP-IDF v5.1.1 2nd stage bootloader[0m
[0;32mI (31) boot: compile time Nov  2 2023 14:23:08[0m
[0;32mI (31) boot: Multicore bootloader[0m
[0;32mI (36) boot: chip revision: v3.0[0m
[0;32mI (40) boot.esp32: SPI Speed      : 40MHz[0m
[0;32mI (44) boot.esp32: SPI Mode       : DIO[0m
[0;32mI (49) boot.esp32: SPI Flash Size : 2MB[0m
[0;32mI (53) boot: Enabling RNG early entropy source...[0m
[0;32mI (59) boot: Partition Table:[0m
[0;32mI (62) boot: ## Label            Usage          Type ST Offset   Length[0m
[0;32mI (70) boot:  0 nvs              WiFi data        01 02 00009000 00006000[0m
[0;32mI (77) boot:  1 phy_init         RF data          01 01 0000f000 00001000[0m
[0;32mI (85) boot:  2 factory          factory app      00 00 00010000 00100000[0m
[0;32mI (92) boot: End of partition table[0m
[0;32mI (96) esp_image: segment 0: paddr=00010020 vaddr=3f400020 size=1eb24h (125732) map[0m
[0;32mI (150) esp_image: segment 1: paddr=0002eb4c vaddr=3ffb0000 size=014cch (  5324) load[0m
[0;32mI (153) esp_image: segment 2: paddr=00030020 vaddr=400d0020 size=7aeech (503532) map[0m
[0;32mI (338) esp_image: segment 3: paddr=000aaf14 vaddr=3ffb14cc size=021ech (  8684) load[0m
[0;32mI (341) esp_image: segment 4: paddr=000ad108 vaddr=40080000 size=15574h ( 87412) load[0m
[0;32mI (391) boot: Loaded app from partition at offset 0x10000[0m
[0;32mI (391) boot: Disabling RNG early entropy source...[0m
[0;32mI (402) cpu_start: Multicore app[0m
[0;32mI (402) cpu_start: Pro cpu up.[0m
[0;32mI (403) cpu_start: Starting app cpu, entry point is 0x40081378[0m
[0;32mI (390) cpu_start: App cpu up.[0m
[0;32mI (421) cpu_start: Pro cpu start user code[0m
[0;32mI (421) cpu_start: cpu freq: 160000000 Hz[0m
[0;32mI (421) cpu_start: Application information:[0m
[0;32mI (425) cpu_start: Project name:     wifi[0m
[0;32mI (430) cpu_start: App version:      v5.1.1[0m
[0;32mI (435) cpu_start: Compile time:     Nov  2 2023 14:21:02[0m
[0;32mI (441) cpu_start: ELF file SHA256:  f14f53d515c9ee60...[0m
[0;32mI (447) cpu_start: ESP-IDF:          v5.1.1[0m
[0;32mI (452) cpu_start: Min chip rev:     v0.0[0m
[0;32mI (457) cpu_start: Max chip rev:     v3.99 [0m
[0;32mI (461) cpu_start: Chip rev:         v3.0[0m
[0;32mI (466) heap_init: Initializing. RAM available for dynamic allocation:[0m
[0;32mI (473) heap_init: At 3FFAE6E0 len 00001920 (6 KiB): DRAM[0m
[0;32mI (479) heap_init: At 3FFB7738 len 000288C8 (162 KiB): DRAM[0m
[0;32mI (486) heap_init: At 3FFE0440 len 00003AE0 (14 KiB): D/IRAM[0m
[0;32mI (492) heap_init: At 3FFE4350 len 0001BCB0 (111 KiB): D/IRAM[0m
[0;32mI (498) heap_init: At 40095574 len 0000AA8C (42 KiB): IRAM[0m
[0;32mI (506) spi_flash: detected chip: generic[0m
[0;32mI (509) spi_flash: flash io: dio[0m
[0;33mW (513) spi_flash: Detected size(8192k) larger than the size in the binary image header(2048k). Using the size in the binary image header.[0m
[0;32mI (527) app_start: Starting scheduler on CPU0[0m
[0;32mI (531) app_start: Starting scheduler on CPU1[0m
[0;32mI (531) main_task: Started on CPU0[0m
[0;32mI (541) main_task: Calling app_main()[0m
I (581) wifi:wifi driver task: 3ffbe330, prio:23, stack:6656, core=0
I (591) wifi:wifi firmware version: ce9244d
I (591) wifi:wifi certification version: v7.0
I (591) wifi:config NVS flash: enabled
I (591) wifi:config nano formating: disabled
I (591) wifi:Init data frame dynamic rx buffer num: 80
I (601) wifi:Init management frame dynamic rx buffer num: 80
I (601) wifi:Init management short buffer num: 32
I (611) wifi:Init dynamic tx buffer num: 80
I (611) wifi:Init static rx buffer size: 1600
I (611) wifi:Init static rx buffer num: 10
I (621) wifi:Init dynamic rx buffer num: 80
[0;32mI (621) wifi_init: rx ba win: 6[0m
[0;32mI (631) wifi_init: tcpip mbox: 32[0m
[0;32mI (631) wifi_init: udp mbox: 6[0m
[0;32mI (631) wifi_init: tcp mbox: 6[0m
[0;32mI (641) wifi_init: tcp tx win: 5744[0m
[0;32mI (641) wifi_init: tcp rx win: 5744[0m
[0;32mI (641) wifi_init: tcp mss: 1440[0m
[0;32mI (651) wifi_init: WiFi IRAM OP enabled[0m
[0;32mI (651) wifi_init: WiFi RX IRAM OP enabled[0m
[0;32mI (661) phy_init: phy_version 4670,719f9f6,Feb 18 2021,17:07:07[0m
I (771) wifi:mode : softAP (0c:8b:95:95:cf:b1)
I (771) wifi:Total power save buffer number: 40
I (771) wifi:Init max length of beacon: 752/752
I (771) wifi:Init max length of beacon: 752/752
E (771) wifi:failed to post WiFi event=12 ret=259
ESP_ERROR_CHECK failed: esp_err_t 0xffffffff (ESP_FAIL) at 0x400d5ab4
file: "/IDF/proj/wifi/main/wifi.c" line 24
func: scann
expression: esp_wifi_scan_start(&scan_config, true)

abort() was called at PC 0x40088c57 on core 0


Backtrace: 0x400819de:0x3ffb90c0 0x40088c61:0x3ffb90e0 0x4008fbc2:0x3ffb9100 0x40088c57:0x3ffb9170 0x400d5ab4:0x3ffb91a0 0x400d5c58:0x3ffb9880 0x401490b3:0x3ffb9a30 0x4008b4f9:0x3ffb9a60




ELF file SHA256: f14f53d515c9ee60

Rebooting...
ets Jul 29 2019 12:21:46

rst:0xc (SW_CPU_RESET),boot:0x17 (SPI_FAST_FLASH_BOOT)
configsip: 271414342, SPIWP:0xee
clk_drv:0x00,q_drv:0x00,d_drv:0x00,cs0_drv:0x00,hd_drv:0x00,wp_drv:0x00
mode:DIO, clock div:2
load:0x3fff0030,len:7080
load:0x40078000,len:15584
load:0x40080400,len:4
ho 8 tail 4 room 4
load:0x40080404,len:3876
entry 0x4008064c
[0;32mI (31) boot: ESP-IDF v5.1.1 2nd stage bootloader[0m
[0;32mI (31) boot: compile time Nov  2 2023 14:23:08[0m
[0;32mI (31) boot: Multicore bootloader[0m
[0;32mI (36) boot: chip revision: v3.0[0m
[0;32mI (40) boot.esp32: SPI Speed      : 40MHz[0m
[0;32mI (44) boot.esp32: SPI Mode       : DIO[0m
[0;32mI (49) boot.esp32: SPI Flash Size : 2MB[0m
[0;32mI (53) boot: Enabling RNG early entropy source...[0m
[0;32mI (59) boot: Partition Table:[0m
[0;32mI (62) boot: ## Label            Usage          Type ST Offset   Length[0m
[0;32mI (70) boot:  0 nvs              WiFi data        01 02 00009000 00006000[0m
[0;32mI (77) boot:  1 phy_init         RF data          01 01 0000f000 00001000[0m
[0;32mI (85) boot:  2 factory          factory app      00 00 00010000 00100000[0m
[0;32mI (92) boot: End of partition table[0m
[0;32mI (96) esp_image: segment 0: paddr=00010020 vaddr=3f400020 size=1eb24h (125732) map[0m
[0;32mI (150) esp_image: segment 1: paddr=0002eb4c vaddr=3ffb0000 size=014cch (  5324) load[0m
[0;32mI (153) esp_image: segment 2: paddr=00030020 vaddr=400d0020 size=7aeech (503532) map[0m
[0;32mI (338) esp_image: segment 3: paddr=000aaf14 vaddr=3ffb14cc size=021ech (  8684) load[0m
[0;32mI (341) esp_image: segment 4: paddr=000ad108 vaddr=40080000 size=15574h ( 87412) load[0m
[0;32mI (391) boot: Loaded app from partition at offset 0x10000[0m
[0;32mI (391) boot: Disabling RNG early entropy source...[0m
[0;32mI (402) cpu_start: Multicore app[0m
[0;32mI (402) cpu_start: Pro cpu up.[0m
[0;32mI (403) cpu_start: Starting app cpu, entry point is 0x40081378[0m
[0;32mI (390) cpu_start: App cpu up.[0m
[0;32mI (421) cpu_start: Pro cpu start user code[0m
[0;32mI (421) cpu_start: cpu freq: 160000000 Hz[0m
[0;32mI (421) cpu_start: Application information:[0m
[0;32mI (425) cpu_start: Project name:     wifi[0m
[0;32mI (430) cpu_start: App version:      v5.1.1[0m
[0;32mI (435) cpu_start: Compile time:     Nov  2 2023 14:21:02[0m
[0;32mI (441) cpu_start: ELF file SHA256:  f14f53d515c9ee60...[0m
[0;32mI (447) cpu_start: ESP-IDF:          v5.1.1[0m
[0;32mI (452) cpu_start: Min chip rev:     v0.0[0m
[0;32mI (457) cpu_start: Max chip rev:     v3.99 [0m
[0;32mI (461) cpu_start: Chip rev:         v3.0[0m
[0;32mI (466) heap_init: Initializing. RAM available for dynamic allocation:[0m
[0;32mI (473) heap_init: At 3FFAE6E0 len 00001920 (6 KiB): DRAM[0m
[0;32mI (479) heap_init: At 3FFB7738 len 000288C8 (162 KiB): DRAM[0m
[0;32mI (486) heap_init: At 3FFE0440 len 00003AE0 (14 KiB): D/IRAM[0m
[0;32mI (492) heap_init: At 3FFE4350 len 0001BCB0 (111 KiB): D/IRAM[0m
[0;32mI (498) heap_init: At 40095574 len 0000AA8C (42 KiB): IRAM[0m
[0;32mI (506) spi_flash: detected chip: generic[0m
[0;32mI (509) spi_flash: flash io: dio[0m
[0;33mW (513) spi_flash: Detected size(8192k) larger than the size in the binary image header(2048k). Using the size in the binary image header.[0m
[0;32mI (527) app_start: Starting scheduler on CPU0[0m
[0;32mI (531) app_start: Starting scheduler on CPU1[0m
[0;32mI (531) main_task: Started on CPU0[0m
[0;32mI (541) main_task: Calling app_main()[0m
I (581) wifi:wifi driver task: 3ffbe330, prio:23, stack:6656, core=0
I (591) wifi:wifi firmware version: ce9244d
I (591) wifi:wifi certification version: v7.0
I (591) wifi:config NVS flash: enabled
I (591) wifi:config nano formating: disabled
I (591) wifi:Init data frame dynamic rx buffer num: 80
I (601) wifi:Init management frame dynamic rx buffer num: 80
I (601) wifi:Init management short buffer num: 32
I (611) wifi:Init dynamic tx buffer num: 80
I (611) wifi:Init static rx buffer size: 1600
I (611) wifi:Init static rx buffer num: 10
I (621) wifi:Init dynamic rx buffer num: 80
[0;32mI (621) wifi_init: rx ba win: 6[0m
[0;32mI (631) wifi_init: tcpip mbox: 32[0m
[0;32mI (631) wifi_init: udp mbox: 6[0m
[0;32mI (631) wifi_init: tcp mbox: 6[0m
[0;32mI (641) wifi_init: tcp tx win: 5744[0m
[0;32mI (641) wifi_init: tcp rx win: 5744[0m
[0;32mI (641) wifi_init: tcp mss: 1440[0m
[0;32mI (651) wifi_init: WiFi IRAM OP enabled[0m
[0;32mI (651) wifi_init: WiFi RX IRAM OP enabled[0m
[0;32mI (661) phy_init: phy_version 4670,719f9f6,Feb 18 2021,17:07:07[0m
I (771) wifi:mode : softAP (0c:8b:95:95:cf:b1)
I (771) wifi:Total power save buffer number: 40
I (771) wifi:Init max length of beacon: 752/752
I (771) wifi:Init max length of beacon: 752/752
E (771) wifi:failed to post WiFi event=12 ret=259
ESP_ERROR_CHECK failed: esp_err_t 0xffffffff (ESP_FAIL) at 0x400d5ab4
file: "/IDF/proj/wifi/main/wifi.c" line 24
func: scann
expression: esp_wifi_scan_start(&scan_config, true)

abort() was called at PC 0x40088c57 on core 0


Backtrace: 0x400819de:0x3ffb90c0 0x40088c61:0x3ffb90e0 0x4008fbc2:0x3ffb9100 0x40088c57:0x3ffb9170 0x400d5ab4:0x3ffb91a0 0x400d5c58:0x3ffb9880 0x401490b3:0x3ffb9a30 0x4008b4f9:0x3ffb9a60




ELF file SHA256: f14f53d515c9ee60

Rebooting...
ets Jul 29 2019 12:21:46

rst:0xc (SW_CPU_RESET),boot:0x17 (SPI_FAST_FLASH_BOOT)
configsip: 271414342, SPIWP:0xee
clk_drv:0x00,q_drv:0x00,d_drv:0x00,cs0_drv:0x00,hd_drv:0x00,wp_drv:0x00
mode:DIO, clock div:2
load:0x3fff0030,len:7080
load:0x40078000,len:15584
load:0x40080400,len:4
ho 8 tail 4 room 4
load:0x40080404,len:3876
entry 0x4008064c
[0;32mI (31) boot: ESP-IDF v5.1.1 2nd stage bootloader[0m
[0;32mI (31) boot: compile time Nov  2 2023 14:23:08[0m
[0;32mI (31) boot: Multicore bootloader[0m
[0;32mI (36) boot: chip revision: v3.0[0m
[0;32mI (40) boot.esp32: SPI Speed      : 40MHz[0m
[0;32mI (44) boot.esp32: SPI Mode       : DIO[0m
[0;32mI (49) boot.esp32: SPI Flash Size : 2MB[0m
[0;32mI (53) boot: Enabling RNG early entropy source...[0m
[0;32mI (59) boot: Partition Table:[0m
[0;32mI (62) boot: ## Label            Usage          Type ST Offset   Length[0m
[0;32mI (70) boot:  0 nvs              WiFi data        01 02 00009000 00006000[0m
[0;32mI (77) boot:  1 phy_init         RF data          01 01 0000f000 00001000[0m
[0;32mI (85) boot:  2 factory          factory app      00 00 00010000 00100000[0m
[0;32mI (92) boot: End of partition table[0m
[0;32mI (96) esp_image: segment 0: paddr=00010020 vaddr=3f400020 size=1eb24h (125732) map[0m
[0;32mI (150) esp_image: segment 1: paddr=0002eb4c vaddr=3ffb0000 size=014cch (  5324) load[0m
[0;32mI (153) esp_image: segment 2: paddr=00030020 vaddr=400d0020 size=7aeech (503532) map[0m
[0;32mI (338) esp_image: segment 3: paddr=000aaf14 vaddr=3ffb14cc size=021ech (  8684) load[0m
[0;32mI (341) esp_image: segment 4: paddr=000ad108 vaddr=40080000 size=15574h ( 87412) load[0m
[0;32mI (391) boot: Loaded app from partition at offset 0x10000[0m
[0;32mI (391) boot: Disabling RNG early entropy source...[0m
[0;32mI (402) cpu_start: Multicore app[0m
[0;32mI (403) cpu_start: Pro cpu up.[0m
[0;32mI (403) cpu_start: Starting app cpu, entry point is 0x40081378[0m
[0;32mI (390) cpu_start: App cpu up.[0m
[0;32mI (421) cpu_start: Pro cpu start user code[0m
[0;32mI (421) cpu_start: cpu freq: 160000000 Hz[0m
[0;32mI (421) cpu_start: Application information:[0m
[0;32mI (425) cpu_start: Project name:     wifi[0m
[0;32mI (430) cpu_start: App version:      v5.1.1[0m
[0;32mI (435) cpu_start: Compile time:     Nov  2 2023 14:21:02[0m
[0;32mI (441) cpu_start: ELF file SHA256:  f14f53d515c9ee60...[0m
[0;32mI (447) cpu_start: ESP-IDF:          v5.1.1[0m
[0;32mI (452) cpu_start: Min chip rev:     v0.0[0m
[0;32mI (457) cpu_start: Max chip rev:     v3.99 [0m
[0;32mI (461) cpu_start: Chip rev:         v3.0[0m
[0;32mI (466) heap_init: Initializing. RAM available for dynamic allocation:[0m
[0;32mI (474) heap_init: At 3FFAE6E0 len 00001920 (6 KiB): DRAM[0m
[0;32mI (479) heap_init: At 3FFB7738 len 000288C8 (162 KiB): DRAM[0m
[0;32mI (486) heap_init: At 3FFE0440 len 00003AE0 (14 KiB): D/IRAM[0m
[0;32mI (492) heap_init: At 3FFE4350 len 0001BCB0 (111 KiB): D/IRAM[0m
[0;32mI (498) heap_init: At 40095574 len 0000AA8C (42 KiB): IRAM[0m
[0;32mI (506) spi_flash: detected chip: generic[0m
[0;32mI (509) spi_flash: flash io: dio[0m
[0;33mW (513) spi_flash: Detected size(8192k) larger than the size in the binary image header(2048k). Using the size in the binary image header.[0m
[0;32mI (527) app_start: Starting scheduler on CPU0[0m
[0;32mI (531) app_start: Starting scheduler on CPU1[0m
[0;32mI (531) main_task: Started on CPU0[0m
[0;32mI (541) main_task: Calling app_main()[0m
I (581) wifi:wifi driver task: 3ffbe330, prio:23, stack:6656, core=0
I (591) wifi:wifi firmware version: ce9244d
I (591) wifi:wifi certification version: v7.0
I (591) wifi:config NVS flash: enabled
I (591) wifi:config nano formating: disabled
I (591) wifi:Init data frame dynamic rx buffer num: 80
I (601) wifi:Init management frame dynamic rx buffer num: 80
I (601) wifi:Init management short buffer num: 32
I (611) wifi:Init dynamic tx buffer num: 80
I (611) wifi:Init static rx buffer size: 1600
I (611) wifi:Init static rx buffer num: 10
I (621) wifi:Init dynamic rx buffer num: 80
[0;32mI (621) wifi_init: rx ba win: 6[0m
[0;32mI (631) wifi_init: tcpip mbox: 32[0m
[0;32mI (631) wifi_init: udp mbox: 6[0m
[0;32mI (631) wifi_init: tcp mbox: 6[0m
[0;32mI (641) wifi_init: tcp tx win: 5744[0m
[0;32mI (641) wifi_init: tcp rx win: 5744[0m
[0;32mI (641) wifi_init: tcp mss: 1440[0m
[0;32mI (651) wifi_init: WiFi IRAM OP enabled[0m
[0;32mI (651) wifi_init: WiFi RX IRAM OP enabled[0m
[0;32mI (661) phy_init: phy_version 4670,719f9f6,Feb 18 2021,17:07:07[0m
I (771) wifi:mode : softAP (0c:8b:95:95:cf:b1)
I (771) wifi:Total power save buffer number: 40
I (771) wifi:Init max length of beacon: 752/752
I (771) wifi:Init max length of beacon: 752/752
E (771) wifi:failed to post WiFi event=12 ret=259
ESP_ERROR_CHECK failed: esp_err_t 0xffffffff (ESP_FAIL) at 0x400d5ab4
file: "/IDF/proj/wifi/main/wifi.c" line 24
func: scann
expression: esp_wifi_scan_start(&scan_config, true)

abort() was called at PC 0x40088c57 on core 0


Backtrace: 0x400819de:0x3ffb90c0 0x40088c61:0x3ffb90e0 0x4008fbc2:0x3ffb9100 0x40088c57:0x3ffb9170 0x400d5ab4:0x3ffb91a0 0x400d5c58:0x3ffb9880 0x401490b3:0x3ffb9a30 0x4008b4f9:0x3ffb9a60




ELF file SHA256: f14f53d515c9ee60

Rebooting...
ets Jul 29 2019 12:21:46

rst:0xc (SW_CPU_RESET),boot:0x17 (SPI_FAST_FLASH_BOOT)
configsip: 271414342, SPIWP:0xee
clk_drv:0x00,q_drv:0x00,d_drv:0x00,cs0_drv:0x00,hd_drv:0x00,wp_drv:0x00
mode:DIO, clock div:2
load:0x3fff0030,len:7080
load:0x40078000,len:15584
load:0x40080400,len:4
ho 8 tail 4 room 4
load:0x40080404,len:3876
entry 0x4008064c
[0;32mI (31) boot: ESP-IDF v5.1.1 2nd stage bootloader[0m
[0;32mI (31) boot: compile time Nov  2 2023 14:23:08[0m
[0;32mI (31) boot: Multicore bootloader[0m
[0;32mI (36) boot: chip revision: v3.0[0m
[0;32mI (40) boot.esp32: SPI Speed      : 40MHz[0m
[0;32mI (44) boot.esp32: SPI Mode       : DIO[0m
[0;32mI (49) boot.esp32: SPI Flash Size : 2MB[0m
[0;32mI (53) boot: Enabling RNG early entropy source...[0m
[0;32mI (59) boot: Partition Table:[0m
[0;32mI (62) boot: ## Label            Usage          Type ST Offset   Length[0m
[0;32mI (70) boot:  0 nvs              WiFi data        01 02 00009000 00006000[0m
[0;32mI (77) boot:  1 phy_init         RF data          01 01 0000f000 00001000[0m
[0;32mI (85) boot:  2 factory          factory app      00 00 00010000 00100000[0m
[0;32mI (92) boot: End of partition table[0m
[0;32mI (96) esp_image: segment 0: paddr=00010020 vaddr=3f400020 size=1eb24h (125732) map[0m
[0;32mI (150) esp_image: segment 1: paddr=0002eb4c vaddr=3ffb0000 size=014cch (  5324) load[0m
[0;32mI (153) esp_image: segment 2: paddr=00030020 vaddr=400d0020 size=7aeech (503532) map[0m
[0;32mI (338) esp_image: segment 3: paddr=000aaf14 vaddr=3ffb14cc size=021ech (  8684) load[0m
[0;32mI (341) esp_image: segment 4: paddr=000ad108 vaddr=40080000 size=15574h ( 87412) load[0m
[0;32mI (391) boot: Loaded app from partition at offset 0x10000[0m
[0;32mI (391) boot: Disabling RNG early entropy source...[0m
[0;32mI (402) cpu_start: Multicore app[0m
[0;32mI (403) cpu_start: Pro cpu up.[0m
[0;32mI (403) cpu_start: Starting app cpu, entry point is 0x40081378[0m
[0;32mI (390) cpu_start: App cpu up.[0m
[0;32mI (421) cpu_start: Pro cpu start user code[0m
[0;32mI (421) cpu_start: cpu freq: 160000000 Hz[0m
[0;32mI (421) cpu_start: Application information:[0m
[0;32mI (425) cpu_start: Project name:     wifi[0m
[0;32mI (430) cpu_start: App version:      v5.1.1[0m
[0;32mI (435) cpu_start: Compile time:     Nov  2 2023 14:21:02[0m
[0;32mI (441) cpu_start: ELF file SHA256:  f14f53d515c9ee60...[0m
[0;32mI (447) cpu_start: ESP-IDF:          v5.1.1[0m
[0;32mI (452) cpu_start: Min chip rev:     v0.0[0m
[0;32mI (457) cpu_start: Max chip rev:     v3.99 [0m
[0;32mI (461) cpu_start: Chip rev:         v3.0[0m
[0;32mI (466) heap_init: Initializing. RAM available for dynamic allocation:[0m
[0;32mI (473) heap_init: At 3FFAE6E0 len 00001920 (6 KiB): DRAM[0m
[0;32mI (479) heap_init: At 3FFB7738 len 000288C8 (162 KiB): DRAM[0m
[0;32mI (486) heap_init: At 3FFE0440 len 00003AE0 (14 KiB): D/IRAM[0m
[0;32mI (492) heap_init: At 3FFE4350 len 0001BCB0 (111 KiB): D/IRAM[0m
[0;32mI (498) heap_init: At 40095574 len 0000AA8C (42 KiB): IRAM[0m
[0;32mI (506) spi_flash: detected chip: generic[0m
[0;32mI (509) spi_flash: flash io: dio[0m
[0;33mW (513) spi_flash: Detected size(8192k) larger than the size in the binary image header(2048k). Using the size in the binary image header.[0m
[0;32mI (527) app_start: Starting scheduler on CPU0[0m
[0;32mI (531) app_start: Starting scheduler on CPU1[0m
[0;32mI (531) main_task: Started on CPU0[0m
[0;32mI (541) main_task: Calling app_main()[0m
I (581) wifi:wifi driver task: 3ffbe330, prio:23, stack:6656, core=0
I (591) wifi:wifi firmware version: ce9244d
I (591) wifi:wifi certification version: v7.0
I (591) wifi:config NVS flash: enabled
I (591) wifi:config nano formating: disabled
I (591) wifi:Init data frame dynamic rx buffer num: 80
I (601) wifi:Init management frame dynamic rx buffer num: 80
I (601) wifi:Init management short buffer num: 32
I (611) wifi:Init dynamic tx buffer num: 80
I (611) wifi:Init static rx buffer size: 1600
I (611) wifi:Init static rx buffer num: 10
I (621) wifi:Init dynamic rx buffer num: 80
[0;32mI (621) wifi_init: rx ba win: 6[0m
[0;32mI (631) wifi_init: tcpip mbox: 32[0m
[0;32mI (631) wifi_init: udp mbox: 6[0m
[0;32mI (631) wifi_init: tcp mbox: 6[0m
[0;32mI (641) wifi_init: tcp tx win: 5744[0m
[0;32mI (641) wifi_init: tcp rx win: 5744[0m
[0;32mI (641) wifi_init: tcp mss: 1440[0m
[0;32mI (651) wifi_init: WiFi IRAM OP enabled[0m
[0;32mI (651) wifi_init: WiFi RX IRAM OP enabled[0m
[0;32mI (661) phy_init: phy_version 4670,719f9f6,Feb 18 2021,17:07:07[0m
I (771) wifi:mode : softAP (0c:8b:95:95:cf:b1)
I (771) wifi:Total power save buffer number: 40
I (771) wifi:Init max length of beacon: 752/752
I (771) wifi:Init max length of beacon: 752/752
E (771) wifi:failed to post WiFi event=12 ret=259
ESP_ERROR_CHECK failed: esp_err_t 0xffffffff (ESP_FAIL) at 0x400d5ab4
file: "/IDF/proj/wifi/main/wifi.c" line 24
func: scann
expression: esp_wifi_scan_start(&scan_config, true)

abort() was called at PC 0x40088c57 on core 0


Backtrace: 0x400819de:0x3ffb90c0 0x40088c61:0x3ffb90e0 0x4008fbc2:0x3ffb9100 0x40088c57:0x3ffb9170 0x400d5ab4:0x3ffb91a0 0x400d5c58:0x3ffb9880 0x401490b3:0x3ffb9a30 0x4008b4f9:0x3ffb9a60




ELF file SHA256: f14f53d515c9ee60

Rebooting...
ets Jul 29 2019 12:21:46

rst:0xc (SW_CPU_RESET),boot:0x17 (SPI_FAST_FLASH_BOOT)
configsip: 271414342, SPIWP:0xee
clk_drv:0x00,q_drv:0x00,d_drv:0x00,cs0_drv:0x00,hd_drv:0x00,wp_drv:0x00
mode:DIO, clock div:2
load:0x3fff0030,len:7080
load:0x40078000,len:15584
load:0x40080400,len:4
ho 8 tail 4 room 4
load:0x40080404,len:3876
entry 0x4008064c
[0;32mI (31) boot: ESP-IDF v5.1.1 2nd stage bootloader[0m
[0;32mI (31) boot: compile time Nov  2 2023 14:23:08[0m
[0;32mI (31) boot: Multicore bootloader[0m
[0;32mI (36) boot: chip revision: v3.0[0m
[0;32mI (40) boot.esp32: SPI Speed      : 40MHz[0m
[0;32mI (44) boot.esp32: SPI Mode       : DIO[0m
[0;32mI (49) boot.esp32: SPI Flash Size : 2MB[0m
[0;32mI (53) boot: Enabling RNG early entropy source...[0m
[0;32mI (59) boot: Partition Table:[0m
[0;32mI (62) boot: ## Label            Usage          Type ST Offset   Length[0m
[0;32mI (70) boot:  0 nvs              WiFi data        01 02 00009000 00006000[0m
[0;32mI (77) boot:  1 phy_init         RF data          01 01 0000f000 00001000[0m
[0;32mI (85) boot:  2 factory          factory app      00 00 00010000 00100000[0m
[0;32mI (92) boot: End of partition table[0m
[0;32mI (96) esp_image: segment 0: paddr=00010020 vaddr=3f400020 size=1eb24h (125732) map[0m
[0;32mI (150) esp_image: segment 1: paddr=0002eb4c vaddr=3ffb0000 size=014cch (  5324) load[0m
[0;32mI (153) esp_image: segment 2: paddr=00030020 vaddr=400d0020 size=7aeech (503532) map[0m
[0;32mI (338) esp_image: segment 3: paddr=000aaf14 vaddr=3ffb14cc size=021ech (  8684) load[0m
[0;32mI (341) esp_image: segment 4: paddr=000ad108 vaddr=40080000 size=15574h ( 87412) load[0m
[0;32mI (391) boot: Loaded app from partition at offset 0x10000[0m
[0;32mI (391) boot: Disabling RNG early entropy source...[0m
[0;32mI (402) cpu_start: Multicore app[0m
[0;32mI (403) cpu_start: Pro cpu up.[0m
[0;32mI (403) cpu_start: Starting app cpu, entry point is 0x40081378[0m
[0;32mI (390) cpu_start: App cpu up.[0m
[0;32mI (421) cpu_start: Pro cpu start user code[0m
[0;32mI (421) cpu_start: cpu freq: 160000000 Hz[0m
[0;32mI (421) cpu_start: Application information:[0m
[0;32mI (425) cpu_start: Project name:     wifi[0m
[0;32mI (430) cpu_start: App version:      v5.1.1[0m
[0;32mI (435) cpu_start: Compile time:     Nov  2 2023 14:21:02[0m
[0;32mI (441) cpu_start: ELF file SHA256:  f14f53d515c9ee60...[0m
[0;32mI (447) cpu_start: ESP-IDF:          v5.1.1[0m
[0;32mI (452) cpu_start: Min chip rev:     v0.0[0m
[0;32mI (457) cpu_start: Max chip rev:     v3.99 [0m
[0;32mI (461) cpu_start: Chip rev:         v3.0[0m
[0;32mI (466) heap_init: Initializing. RAM available for dynamic allocation:[0m
[0;32mI (473) heap_init: At 3FFAE6E0 len 00001920 (6 KiB): DRAM[0m
[0;32mI (479) heap_init: At 3FFB7738 len 000288C8 (162 KiB): DRAM[0m
[0;32mI (486) heap_init: At 3FFE0440 len 00003AE0 (14 KiB): D/IRAM[0m
[0;32mI (492) heap_init: At 3FFE4350 len 0001BCB0 (111 KiB): D/IRAM[0m
[0;32mI (498) heap_init: At 40095574 len 0000AA8C (42 KiB): IRAM[0m
[0;32mI (506) spi_flash: detected chip: generic[0m
[0;32mI (509) spi_flash: flash io: dio[0m
[0;33mW (513) spi_flash: Detected size(8192k) larger than the size in the binary image header(2048k). Using the size in the binary image header.[0m
[0;32mI (527) app_start: Starting scheduler on CPU0[0m
[0;32mI (531) app_start: Starting scheduler on CPU1[0m
[0;32mI (531) main_task: Started on CPU0[0m
[0;32mI (541) main_task: Calling app_main()[0m
I (581) wifi:wifi driver task: 3ffbe330, prio:23, stack:6656, core=0
I (591) wifi:wifi firmware version: ce9244d
I (591) wifi:wifi certification version: v7.0
I (591) wifi:config NVS flash: enabled
I (591) wifi:config nano formating: disabled
I (591) wifi:Init data frame dynamic rx buffer num: 80
I (601) wifi:Init management frame dynamic rx buffer num: 80
I (601) wifi:Init management short buffer num: 32
I (611) wifi:Init dynamic tx buffer num: 80
I (611) wifi:Init static rx buffer size: 1600
I (611) wifi:Init static rx buffer num: 10
I (621) wifi:Init dynamic rx buffer num: 80
[0;32mI (621) wifi_init: rx ba win: 6[0m
[0;32mI (631) wifi_init: tcpip mbox: 32[0m
[0;32mI (631) wifi_init: udp mbox: 6[0m
[0;32mI (631) wifi_init: tcp mbox: 6[0m
[0;32mI (641) wifi_init: tcp tx win: 5744[0m
[0;32mI (641) wifi_init: tcp rx win: 5744[0m
[0;32mI (641) wifi_init: tcp mss: 1440[0m
[0;32mI (651) wifi_init: WiFi IRAM OP enabled[0m
[0;32mI (651) wifi_init: WiFi RX IRAM OP enabled[0m
[0;32mI (661) phy_init: phy_version 4670,719f9f6,Feb 18 2021,17:07:07[0m
I (771) wifi:mode : softAP (0c:8b:95:95:cf:b1)
I (771) wifi:Total power save buffer number: 40
I (771) wifi:Init max length of beacon: 752/752
I (771) wifi:Init max length of beacon: 752/752
E (771) wifi:failed to post WiFi event=12 ret=259
ESP_ERROR_CHECK failed: esp_err_t 0xffffffff (ESP_FAIL) at 0x400d5ab4
file: "/IDF/proj/wifi/main/wifi.c" line 24
func: scann
expression: esp_wifi_scan_start(&scan_config, true)

abort() was called at PC 0x40088c57 on core 0


Backtrace: 0x400819de:0x3ffb90c0 0x40088c61:0x3ffb90e0 0x4008fbc2:0x3ffb9100 0x40088c57:0x3ffb9170 0x400d5ab4:0x3ffb91a0 0x400d5c58:0x3ffb9880 0x401490b3:0x3ffb9a30 0x4008b4f9:0x3ffb9a60




ELF file SHA256: f14f53d515c9ee60

Rebooting...
ets Jul 29 2019 12:21:46

rst:0xc (SW_CPU_RESET),boot:0x17 (SPI_FAST_FLASH_BOOT)
configsip: 271414342, SPIWP:0xee
clk_drv:0x00,q_drv:0x00,d_drv:0x00,cs0_drv:0x00,hd_drv:0x00,wp_drv:0x00
mode:DIO, clock div:2
load:0x3fff0030,len:7080
load:0x40078000,len:15584
load:0x40080400,len:4
ho 8 tail 4 room 4
load:0x40080404,len:3876
entry 0x4008064c
[0;32mI (31) boot: ESP-IDF v5.1.1 2nd stage bootloader[0m
[0;32mI (31) boot: compile time Nov  2 2023 14:23:08[0m
[0;32mI (31) boot: Multicore bootloader[0m
[0;32mI (36) boot: chip revision: v3.0[0m
[0;32mI (40) boot.esp32: SPI Speed      : 40MHz[0m
[0;32mI (44) boot.esp32: SPI Mode       : DIO[0m
[0;32mI (49) boot.esp32: SPI Flash Size : 2MB[0m
